Archive member included to satisfy reference by file (symbol)

C:/Users/nanas/.pico-sdk/toolchain/15_2_Rel1/bin/../lib/gcc/arm-none-eabi/15.2.1/thumb/v8-m.main+fp/softfp\libgcc.a(_arm_addsubdf3.o)
                              CMakeFiles/Audio_Timer_Interrupt_DDS.dir/dactest.c.obj (__aeabi_f2d)
C:/Users/nanas/.pico-sdk/toolchain/15_2_Rel1/bin/../lib/gcc/arm-none-eabi/15.2.1/thumb/v8-m.main+fp/softfp\libgcc.a(_aeabi_ldivmod.o)
                              CMakeFiles/Audio_Timer_Interrupt_DDS.dir/C_/Users/nanas/.pico-sdk/sdk/2.3.0/src/common/pico_time/time.c.obj (__aeabi_ldivmod)
C:/Users/nanas/.pico-sdk/toolchain/15_2_Rel1/bin/../lib/gcc/arm-none-eabi/15.2.1/thumb/v8-m.main+fp/softfp\libgcc.a(_aeabi_uldivmod.o)
                              CMakeFiles/Audio_Timer_Interrupt_DDS.dir/C_/Users/nanas/.pico-sdk/sdk/2.3.0/src/rp2_common/hardware_clocks/clocks.c.obj (__aeabi_uldivmod)
C:/Users/nanas/.pico-sdk/toolchain/15_2_Rel1/bin/../lib/gcc/arm-none-eabi/15.2.1/thumb/v8-m.main+fp/softfp\libgcc.a(_udivmoddi4.o)
                              C:/Users/nanas/.pico-sdk/toolchain/15_2_Rel1/bin/../lib/gcc/arm-none-eabi/15.2.1/thumb/v8-m.main+fp/softfp\libgcc.a(_aeabi_ldivmod.o) (__udivmoddi4)
C:/Users/nanas/.pico-sdk/toolchain/15_2_Rel1/bin/../lib/gcc/arm-none-eabi/15.2.1/thumb/v8-m.main+fp/softfp\libgcc.a(_dvmd_tls.o)
                              C:/Users/nanas/.pico-sdk/toolchain/15_2_Rel1/bin/../lib/gcc/arm-none-eabi/15.2.1/thumb/v8-m.main+fp/softfp\libgcc.a(_aeabi_ldivmod.o) (__aeabi_ldiv0)
C:/Users/nanas/.pico-sdk/toolchain/15_2_Rel1/bin/../lib/gcc/arm-none-eabi/15.2.1/../../../../arm-none-eabi/lib/thumb/v8-m.main+fp/softfp\libg.a(libc_a-calloc.o)
                              CMakeFiles/Audio_Timer_Interrupt_DDS.dir/C_/Users/nanas/.pico-sdk/sdk/2.3.0/src/rp2_common/pico_malloc/malloc.c.obj (calloc)
C:/Users/nanas/.pico-sdk/toolchain/15_2_Rel1/bin/../lib/gcc/arm-none-eabi/15.2.1/../../../../arm-none-eabi/lib/thumb/v8-m.main+fp/softfp\libg.a(libc_a-callocr.o)
                              C:/Users/nanas/.pico-sdk/toolchain/15_2_Rel1/bin/../lib/gcc/arm-none-eabi/15.2.1/../../../../arm-none-eabi/lib/thumb/v8-m.main+fp/softfp\libg.a(libc_a-calloc.o) (_calloc_r)
C:/Users/nanas/.pico-sdk/toolchain/15_2_Rel1/bin/../lib/gcc/arm-none-eabi/15.2.1/../../../../arm-none-eabi/lib/thumb/v8-m.main+fp/softfp\libg.a(libc_a-malloc.o)
                              CMakeFiles/Audio_Timer_Interrupt_DDS.dir/C_/Users/nanas/.pico-sdk/sdk/2.3.0/src/rp2_common/pico_malloc/malloc.c.obj (malloc)
C:/Users/nanas/.pico-sdk/toolchain/15_2_Rel1/bin/../lib/gcc/arm-none-eabi/15.2.1/../../../../arm-none-eabi/lib/thumb/v8-m.main+fp/softfp\libg.a(libc_a-mallocr.o)
                              C:/Users/nanas/.pico-sdk/toolchain/15_2_Rel1/bin/../lib/gcc/arm-none-eabi/15.2.1/../../../../arm-none-eabi/lib/thumb/v8-m.main+fp/softfp\libg.a(libc_a-callocr.o) (_malloc_r)
C:/Users/nanas/.pico-sdk/toolchain/15_2_Rel1/bin/../lib/gcc/arm-none-eabi/15.2.1/../../../../arm-none-eabi/lib/thumb/v8-m.main+fp/softfp\libg.a(libc_a-mlock.o)
                              C:/Users/nanas/.pico-sdk/toolchain/15_2_Rel1/bin/../lib/gcc/arm-none-eabi/15.2.1/../../../../arm-none-eabi/lib/thumb/v8-m.main+fp/softfp\libg.a(libc_a-mallocr.o) (__malloc_lock)
C:/Users/nanas/.pico-sdk/toolchain/15_2_Rel1/bin/../lib/gcc/arm-none-eabi/15.2.1/../../../../arm-none-eabi/lib/thumb/v8-m.main+fp/softfp\libg.a(libc_a-realloc.o)
                              CMakeFiles/Audio_Timer_Interrupt_DDS.dir/C_/Users/nanas/.pico-sdk/sdk/2.3.0/src/rp2_common/pico_malloc/malloc.c.obj (realloc)
C:/Users/nanas/.pico-sdk/toolchain/15_2_Rel1/bin/../lib/gcc/arm-none-eabi/15.2.1/../../../../arm-none-eabi/lib/thumb/v8-m.main+fp/softfp\libg.a(libc_a-reallocr.o)
                              C:/Users/nanas/.pico-sdk/toolchain/15_2_Rel1/bin/../lib/gcc/arm-none-eabi/15.2.1/../../../../arm-none-eabi/lib/thumb/v8-m.main+fp/softfp\libg.a(libc_a-realloc.o) (_realloc_r)
C:/Users/nanas/.pico-sdk/toolchain/15_2_Rel1/bin/../lib/gcc/arm-none-eabi/15.2.1/../../../../arm-none-eabi/lib/thumb/v8-m.main+fp/softfp\libg.a(libc_a-memcmp.o)
                              CMakeFiles/Audio_Timer_Interrupt_DDS.dir/C_/Users/nanas/.pico-sdk/sdk/2.3.0/src/rp2_common/pico_atomic/atomic.c.obj (memcmp)
C:/Users/nanas/.pico-sdk/toolchain/15_2_Rel1/bin/../lib/gcc/arm-none-eabi/15.2.1/../../../../arm-none-eabi/lib/thumb/v8-m.main+fp/softfp\libg.a(libc_a-memmove.o)
                              C:/Users/nanas/.pico-sdk/toolchain/15_2_Rel1/bin/../lib/gcc/arm-none-eabi/15.2.1/../../../../arm-none-eabi/lib/thumb/v8-m.main+fp/softfp\libg.a(libc_a-reallocr.o) (memmove)
C:/Users/nanas/.pico-sdk/toolchain/15_2_Rel1/bin/../lib/gcc/arm-none-eabi/15.2.1/../../../../arm-none-eabi/lib/thumb/v8-m.main+fp/softfp\libg.a(libc_a-memset.o)
                              CMakeFiles/Audio_Timer_Interrupt_DDS.dir/C_/Users/nanas/.pico-sdk/sdk/2.3.0/src/rp2_common/pico_thread_local/thread_local.c.obj (memset)
[...]
Memory Configuration

Name             Origin             Length             Attributes
FLASH            0x10000000         0x00400000         xr
PSRAM            0x11000000         0x00000000         xrw
XIP_RAM          0x13ffc000         0x00004000         xrw
RAM              0x20000000         0x00080000         xrw
SCRATCH_X        0x20080000         0x00001000         xrw
SCRATCH_Y        0x20081000         0x00001000         xrw
*default*        0x00000000         0xffffffff

Linker script and memory map

                0x20000000                        RAM_ORIGIN_DEFAULT = 0x20000000
                0x00080000                        RAM_LENGTH_DEFAULT = 0x80000
                0x20080000                        SCRATCH_X_ORIGIN_DEFAULT = 0x20080000
                0x00001000                        SCRATCH_X_LENGTH_DEFAULT = 0x1000
                0x20081000                        SCRATCH_Y_ORIGIN_DEFAULT = 0x20081000
                0x00001000                        SCRATCH_Y_LENGTH_DEFAULT = 0x1000
                0x13ffc000                        XIP_RAM_ORIGIN_DEFAULT = 0x13ffc000
                0x00004000                        XIP_RAM_LENGTH_DEFAULT = 0x4000
LOAD CMakeFiles/Audio_Timer_Interrupt_DDS.dir/dactest.c.obj
LOAD CMakeFiles/Audio_Timer_Interrupt_DDS.dir/C_/Users/nanas/.pico-sdk/sdk/2.3.0/src/rp2_common/pico_stdlib/stdlib.c.obj
LOAD CMakeFiles/Audio_Timer_Interrupt_DDS.dir/C_/Users/nanas/.pico-sdk/sdk/2.3.0/src/rp2_common/hardware_gpio/gpio.c.obj
LOAD CMakeFiles/Audio_Timer_Interrupt_DDS.dir/C_/Users/nanas/.pico-sdk/sdk/2.3.0/src/rp2350/pico_platform/platform.c.obj
LOAD CMakeFiles/Audio_Timer_Interrupt_DDS.dir/C_/Users/nanas/.pico-sdk/sdk/2.3.0/src/rp2_common/pico_platform_common/common.c.obj
LOAD CMakeFiles/Audio_Timer_Interrupt_DDS.dir/C_/Users/nanas/.pico-sdk/sdk/2.3.0/src/rp2_common/pico_platform_panic/panic.c.obj
LOAD CMakeFiles/Audio_Timer_Interrupt_DDS.dir/C_/Users/nanas/.pico-sdk/sdk/2.3.0/src/rp2_common/pico_platform_panic/custom_panic_function.S.obj
LOAD CMakeFiles/Audio_Timer_Interrupt_DDS.dir/C_/Users/nanas/.pico-sdk/sdk/2.3.0/src/common/hardware_claim/claim.c.obj
LOAD CMakeFiles/Audio_Timer_Interrupt_DDS.dir/C_/Users/nanas/.pico-sdk/sdk/2.3.0/src/rp2_common/hardware_sync/sync.c.obj
LOAD CMakeFiles/Audio_Timer_Interrupt_DDS.dir/C_/Users/nanas/.pico-sdk/sdk/2.3.0/src/rp2_common/hardware_sync_spin_lock/sync_spin_lock.c.obj
LOAD CMakeFiles/Audio_Timer_Interrupt_DDS.dir/C_/Users/nanas/.pico-sdk/sdk/2.3.0/src/rp2_common/hardware_irq/irq.c.obj
LOAD CMakeFiles/Audio_Timer_Interrupt_DDS.dir/C_/Users/nanas/.pico-sdk/sdk/2.3.0/src/rp2_common/hardware_irq/irq_handler_chain.S.obj
LOAD CMakeFiles/Audio_Timer_Interrupt_DDS.dir/C_/Users/nanas/.pico-sdk/sdk/2.3.0/src/common/pico_sync/sem.c.obj
LOAD CMakeFiles/Audio_Timer_Interrupt_DDS.dir/C_/Users/nanas/.pico-sdk/sdk/2.3.0/src/common/pico_sync/lock_core.c.obj
LOAD CMakeFiles/Audio_Timer_Interrupt_DDS.dir/C_/Users/nanas/.pico-sdk/sdk/2.3.0/src/common/pico_sync/mutex.c.obj
LOAD CMakeFiles/Audio_Timer_Interrupt_DDS.dir/C_/Users/nanas/.pico-sdk/sdk/2.3.0/src/common/pico_sync/critical_section.c.obj
LOAD CMakeFiles/Audio_Timer_Interrupt_DDS.dir/C_/Users/nanas/.pico-sdk/sdk/2.3.0/src/common/pico_time/time.c.obj
LOAD CMakeFiles/Audio_Timer_Interrupt_DDS.dir/C_/Users/nanas/.pico-sdk/sdk/2.3.0/src/common/pico_time/timeout_helper.c.obj
LOAD CMakeFiles/Audio_Timer_Interrupt_DDS.dir/C_/Users/nanas/.pico-sdk/sdk/2.3.0/src/rp2_common/hardware_timer/timer.c.obj
LOAD CMakeFiles/Audio_Timer_Interrupt_DDS.dir/C_/Users/nanas/.pico-sdk/sdk/2.3.0/src/common/pico_util/datetime.c.obj
LOAD CMakeFiles/Audio_Timer_Interrupt_DDS.dir/C_/Users/nanas/.pico-sdk/sdk/2.3.0/src/common/pico_util/fixed_bitset.c.obj
LOAD CMakeFiles/Audio_Timer_Interrupt_DDS.dir/C_/Users/nanas/.pico-sdk/sdk/2.3.0/src/common/pico_util/pheap.c.obj
LOAD CMakeFiles/Audio_Timer_Interrupt_DDS.dir/C_/Users/nanas/.pico-sdk/sdk/2.3.0/src/common/pico_util/queue.c.obj
LOAD CMakeFiles/Audio_Timer_Interrupt_DDS.dir/C_/Users/nanas/.pico-sdk/sdk/2.3.0/src/rp2_common/hardware_uart/uart.c.obj
LOAD CMakeFiles/Audio_Timer_Interrupt_DDS.dir/C_/Users/nanas/.pico-sdk/sdk/2.3.0/src/rp2_common/hardware_clocks/clocks.c.obj
LOAD CMakeFiles/Audio_Timer_Interrupt_DDS.dir/C_/Users/nanas/.pico-sdk/sdk/2.3.0/src/rp2_common/hardware_pll/pll.c.obj
LOAD CMakeFiles/Audio_Timer_Interrupt_DDS.dir/C_/Users/nanas/.pico-sdk/sdk/2.3.0/src/rp2_common/hardware_vreg/vreg.c.obj
LOAD CMakeFiles/Audio_Timer_Interrupt_DDS.dir/C_/Users/nanas/.pico-sdk/sdk/2.3.0/src/rp2_common/hardware_watchdog/watchdog.c.obj
LOAD CMakeFiles/Audio_Timer_Interrupt_DDS.dir/C_/Users/nanas/.pico-sdk/sdk/2.3.0/src/rp2_common/hardware_ticks/ticks.c.obj
LOAD CMakeFiles/Audio_Timer_Interrupt_DDS.dir/C_/Users/nanas/.pico-sdk/sdk/2.3.0/src/rp2_common/pico_bootrom/bootrom.c.obj
LOAD CMakeFiles/Audio_Timer_Interrupt_DDS.dir/C_/Users/nanas/.pico-sdk/sdk/2.3.0/src/rp2_common/pico_bootrom/bootrom_lock.c.obj
LOAD CMakeFiles/Audio_Timer_Interrupt_DDS.dir/C_/Users/nanas/.pico-sdk/sdk/2.3.0/src/rp2_common/hardware_boot_lock/boot_lock.c.obj
LOAD CMakeFiles/Audio_Timer_Interrupt_DDS.dir/C_/Users/nanas/.pico-sdk/sdk/2.3.0/src/rp2_common/pico_flash/flash.c.obj
LOAD CMakeFiles/Audio_Timer_Interrupt_DDS.dir/C_/Users/nanas/.pico-sdk/sdk/2.3.0/src/rp2_common/hardware_xosc/xosc.c.obj
LOAD CMakeFiles/Audio_Timer_Interrupt_DDS.dir/C_/Users/nanas/.pico-sdk/sdk/2.3.0/src/rp2_common/hardware_divider/divider.c.obj
LOAD CMakeFiles/Audio_Timer_Interrupt_DDS.dir/C_/Users/nanas/.pico-sdk/sdk/2.3.0/src/rp2_common/pico_runtime/runtime.c.obj
LOAD CMakeFiles/Audio_Timer_Interrupt_DDS.dir/C_/Users/nanas/.pico-sdk/sdk/2.3.0/src/rp2_common/pico_runtime_init/runtime_init.c.obj
LOAD CMakeFiles/Audio_Timer_Interrupt_DDS.dir/C_/Users/nanas/.pico-sdk/sdk/2.3.0/src/rp2_common/pico_runtime_init/runtime_init_clocks.c.obj
LOAD CMakeFiles/Audio_Timer_Interrupt_DDS.dir/C_/Users/nanas/.pico-sdk/sdk/2.3.0/src/rp2_common/pico_runtime_init/runtime_init_stack_guard.c.obj
LOAD CMakeFiles/Audio_Timer_Interrupt_DDS.dir/C_/Users/nanas/.pico-sdk/sdk/2.3.0/src/rp2_common/pico_bit_ops/bit_ops_aeabi.S.obj
LOAD CMakeFiles/Audio_Timer_Interrupt_DDS.dir/C_/Users/nanas/.pico-sdk/sdk/2.3.0/src/rp2_common/pico_divider/divider_compiler.c.obj
LOAD CMakeFiles/Audio_Timer_Interrupt_DDS.dir/C_/Users/nanas/.pico-sdk/sdk/2.3.0/src/rp2_common/pico_double/double_math.c.obj
LOAD CMakeFiles/Audio_Timer_Interrupt_DDS.dir/C_/Users/nanas/.pico-sdk/sdk/2.3.0/src/rp2_common/pico_double/double_aeabi_dcp.S.obj
LOAD CMakeFiles/Audio_Timer_Interrupt_DDS.dir/C_/Users/nanas/.pico-sdk/sdk/2.3.0/src/rp2_common/pico_double/double_fma_dcp.S.obj
LOAD CMakeFiles/Audio_Timer_Interrupt_DDS.dir/C_/Users/nanas/.pico-sdk/sdk/2.3.0/src/rp2_common/pico_double/double_sci_m33.S.obj
LOAD CMakeFiles/Audio_Timer_Interrupt_DDS.dir/C_/Users/nanas/.pico-sdk/sdk/2.3.0/src/rp2_common/pico_double/double_conv_m33.S.obj
LOAD CMakeFiles/Audio_Timer_Interrupt_DDS.dir/C_/Users/nanas/.pico-sdk/sdk/2.3.0/src/rp2_common/pico_float/float_math.c.obj
LOAD CMakeFiles/Audio_Timer_Interrupt_DDS.dir/C_/Users/nanas/.pico-sdk/sdk/2.3.0/src/rp2_common/pico_float/float_conv32_vfp.S.obj
LOAD CMakeFiles/Audio_Timer_Interrupt_DDS.dir/C_/Users/nanas/.pico-sdk/sdk/2.3.0/src/rp2_common/pico_float/float_common_m33.S.obj
LOAD CMakeFiles/Audio_Timer_Interrupt_DDS.dir/C_/Users/nanas/.pico-sdk/sdk/2.3.0/src/rp2_common/pico_float/float_sci_m33_vfp.S.obj
LOAD CMakeFiles/Audio_Timer_Interrupt_DDS.dir/C_/Users/nanas/.pico-sdk/sdk/2.3.0/src/rp2_common/pico_malloc/malloc.c.obj
LOAD CMakeFiles/Audio_Timer_Interrupt_DDS.dir/C_/Users/nanas/.pico-sdk/sdk/2.3.0/src/rp2_common/pico_atomic/atomic.c.obj
LOAD CMakeFiles/Audio_Timer_Interrupt_DDS.dir/C_/Users/nanas/.pico-sdk/sdk/2.3.0/src/rp2_common/pico_cxx_options/new_delete.cpp.obj
LOAD CMakeFiles/Audio_Timer_Interrupt_DDS.dir/C_/Users/nanas/.pico-sdk/sdk/2.3.0/src/rp2_common/pico_standard_binary_info/standard_binary_info.c.obj
LOAD CMakeFiles/Audio_Timer_Interrupt_DDS.dir/C_/Users/nanas/.pico-sdk/sdk/2.3.0/src/rp2_common/pico_printf/printf.c.obj
LOAD CMakeFiles/Audio_Timer_Interrupt_DDS.dir/C_/Users/nanas/.pico-sdk/sdk/2.3.0/src/rp2_common/pico_crt0/crt0.S.obj
LOAD CMakeFiles/Audio_Timer_Interrupt_DDS.dir/C_/Users/nanas/.pico-sdk/sdk/2.3.0/src/rp2_common/pico_clib_interface/newlib_interface.c.obj
LOAD CMakeFiles/Audio_Timer_Interrupt_DDS.dir/C_/Users/nanas/.pico-sdk/sdk/2.3.0/src/rp2_common/pico_clib_interface/cxa_guard.c.obj
LOAD CMakeFiles/Audio_Timer_Interrupt_DDS.dir/C_/Users/nanas/.pico-sdk/sdk/2.3.0/src/rp2_common/pico_stdio/stdio.c.obj
LOAD CMakeFiles/Audio_Timer_Interrupt_DDS.dir/C_/Users/nanas/.pico-sdk/sdk/2.3.0/src/rp2_common/pico_stdio_uart/stdio_uart.c.obj
LOAD CMakeFiles/Audio_Timer_Interrupt_DDS.dir/C_/Users/nanas/.pico-sdk/sdk/2.3.0/src/rp2_common/pico_thread_local/thread_local.c.obj
LOAD CMakeFiles/Audio_Timer_Interrupt_DDS.dir/C_/Users/nanas/.pico-sdk/sdk/2.3.0/src/rp2_common/pico_bootsel_via_double_reset/pico_bootsel_via_double_reset.c.obj
LOAD CMakeFiles/Audio_Timer_Interrupt_DDS.dir/C_/Users/nanas/.pico-sdk/sdk/2.3.0/src/rp2_common/hardware_spi/spi.c.obj
LOAD pico-sdk/src/rp2350/boot_stage2/CMakeFiles/bs2_default_library.dir/./bs2_default_padded.S.obj
LOAD C:/Users/nanas/.pico-sdk/toolchain/15_2_Rel1/bin/../lib/gcc/arm-none-eabi/15.2.1/../../../../arm-none-eabi/lib/thumb/v8-m.main+fp/softfp\libstdc++.a
LOAD C:/Users/nanas/.pico-sdk/toolchain/15_2_Rel1/bin/../lib/gcc/arm-none-eabi/15.2.1/../../../../arm-none-eabi/lib/thumb/v8-m.main+fp/softfp\libm.a
START GROUP
LOAD C:/Users/nanas/.pico-sdk/toolchain/15_2_Rel1/bin/../lib/gcc/arm-none-eabi/15.2.1/thumb/v8-m.main+fp/softfp\libgcc.a
LOAD C:/Users/nanas/.pico-sdk/toolchain/15_2_Rel1/bin/../lib/gcc/arm-none-eabi/15.2.1/../../../../arm-none-eabi/lib/thumb/v8-m.main+fp/softfp\libg.a
LOAD C:/Users/nanas/.pico-sdk/toolchain/15_2_Rel1/bin/../lib/gcc/arm-none-eabi/15.2.1/../../../../arm-none-eabi/lib/thumb/v8-m.main+fp/softfp\libc.a
END GROUP
                0x20000000                        PROVIDE (RAM_ORIGIN = RAM_ORIGIN_DEFAULT)
                0x00080000                        PROVIDE (RAM_LENGTH = RAM_LENGTH_DEFAULT)
                0x20080000                        PROVIDE (SCRATCH_X_ORIGIN = SCRATCH_X_ORIGIN_DEFAULT)
                0x00001000                        PROVIDE (SCRATCH_X_LENGTH = SCRATCH_X_LENGTH_DEFAULT)
                0x20081000                        PROVIDE (SCRATCH_Y_ORIGIN = SCRATCH_Y_ORIGIN_DEFAULT)
                0x00001000                        PROVIDE (SCRATCH_Y_LENGTH = SCRATCH_Y_LENGTH_DEFAULT)
                0x13ffc000                        PROVIDE (XIP_RAM_ORIGIN = XIP_RAM_ORIGIN_DEFAULT)
                0x00004000                        PROVIDE (XIP_RAM_LENGTH = XIP_RAM_LENGTH_DEFAULT)
                0x20000000                        RAM_ORIGIN = DEFINED (RAM_ORIGIN)?RAM_ORIGIN:RAM_ORIGIN_DEFAULT
                0x00080000                        RAM_LENGTH = DEFINED (RAM_LENGTH)?RAM_LENGTH:RAM_LENGTH_DEFAULT
                0x20080000                        SCRATCH_X_ORIGIN = DEFINED (SCRATCH_X_ORIGIN)?SCRATCH_X_ORIGIN:SCRATCH_X_ORIGIN_DEFAULT
                0x00001000                        SCRATCH_X_LENGTH = DEFINED (SCRATCH_X_LENGTH)?SCRATCH_X_LENGTH:SCRATCH_X_LENGTH_DEFAULT
                0x20081000                        SCRATCH_Y_ORIGIN = DEFINED (SCRATCH_Y_ORIGIN)?SCRATCH_Y_ORIGIN:SCRATCH_Y_ORIGIN_DEFAULT
                0x00001000                        SCRATCH_Y_LENGTH = DEFINED (SCRATCH_Y_LENGTH)?SCRATCH_Y_LENGTH:SCRATCH_Y_LENGTH_DEFAULT
                0x13ffc000                        XIP_RAM_ORIGIN = DEFINED (XIP_RAM_ORIGIN)?XIP_RAM_ORIGIN:XIP_RAM_ORIGIN_DEFAULT
                0x00004000                        XIP_RAM_LENGTH = DEFINED (XIP_RAM_LENGTH)?XIP_RAM_LENGTH:XIP_RAM_LENGTH_DEFAULT

.flash_begin    0x10000000        0x0
                0x10000000                        __flash_binary_start = .

.text           0x10000000     0x24dc
                0x10000000                        __logical_binary_start = .
 *(.vectors)
 .vectors       0x10000000      0x124 CMakeFiles/Audio_Timer_Interrupt_DDS.dir/C_/Users/nanas/.pico-sdk/sdk/2.3.0/src/rp2_common/pico_crt0/crt0.S.obj
                0x10000000                __VECTOR_TABLE
                0x10000000                __vectors
                0x10000110                __unhandled_user_irq
                0x10000110                isr_irq49
                0x10000110                isr_irq13
                0x10000110                isr_irq43
                0x10000110                isr_irq45
                0x10000110                isr_irq27
                0x10000110                isr_irq32
                0x10000110                isr_irq31
                0x10000110                isr_irq12
                0x10000110                isr_irq5
                0x10000110                isr_irq11
                0x10000110                isr_irq3
                0x10000110                isr_irq23
                0x10000110                isr_usagefault
                0x10000110                isr_irq48
                0x10000110                isr_irq30
                0x10000110                isr_irq18
                0x10000110                isr_irq50
                0x10000110                isr_irq33
                0x10000110                isr_irq40
                0x10000110                isr_irq28
                0x10000110                isr_irq19
                0x10000110                isr_irq36
                0x10000110                isr_irq41
                0x10000110                isr_irq0
                0x10000110                isr_irq6
                0x10000110                isr_irq26
                0x10000110                isr_irq29
                0x10000110                isr_memmanage
                0x10000110                isr_irq37
                0x10000110                isr_irq42
                0x10000110                isr_irq22
                0x10000110                isr_irq35
                0x10000110                isr_irq17
                0x10000110                isr_irq38
                0x10000110                isr_irq14
                0x10000110                __vectors_end
                0x10000110                __default_isrs_start
                0x10000110                isr_irq2
                0x10000110                isr_irq10
                0x10000110                isr_irq8
                0x10000110                isr_debugmonitor
                0x10000110                isr_irq24
                0x10000110                isr_irq46
                0x10000110                isr_irq1
                0x10000110                isr_irq47
                0x10000110                isr_irq51
                0x10000110                isr_irq7
                0x10000110                isr_irq21
                0x10000110                isr_irq39
                0x10000110                isr_irq20
                0x10000110                isr_irq15
                0x10000110                isr_irq25
                0x10000110                isr_irq34
                0x10000110                isr_irq44
                0x10000110                isr_securefault
                0x10000110                isr_irq4
                0x10000110                isr_busfault
                0x10000110                isr_irq16
                0x10000110                isr_irq9
                0x10000116                unhandled_user_irq_num_in_r0
                0x10000118                isr_invalid
                0x1000011a                isr_nmi
                0x1000011c                isr_hardfault
                0x1000011e                isr_svcall
                0x10000120                isr_pendsv
                0x10000122                isr_systick
                0x10000124                __default_isrs_end
 *(.binary_info_header)
 .binary_info_header
                0x10000124       0x14 CMakeFiles/Audio_Timer_Interrupt_DDS.dir/C_/Users/nanas/.pico-sdk/sdk/2.3.0/src/rp2_common/pico_crt0/crt0.S.obj
                0x10000138                        __binary_info_header_end = .
 *(.embedded_block)
 .embedded_block
                0x10000138       0x14 CMakeFiles/Audio_Timer_Interrupt_DDS.dir/C_/Users/nanas/.pico-sdk/sdk/2.3.0/src/rp2_common/pico_crt0/crt0.S.obj
                0x1000014c                        __embedded_block_end = .
 *(.reset)
 .reset         0x1000014c       0x94 CMakeFiles/Audio_Timer_Interrupt_DDS.dir/C_/Users/nanas/.pico-sdk/sdk/2.3.0/src/rp2_common/pico_crt0/crt0.S.obj
                0x1000014c                _entry_point
 *(.init)
 *libgcc.a:cmse_nonsecure_call.o()
 *(EXCLUDE_FILE(*libm.a: *lib*_a-mem*.o *libc.a: *libgcc.a:) .text*)
 .text.alarm_irq
                0x100001e0       0x68 CMakeFiles/Audio_Timer_Interrupt_DDS.dir/dactest.c.obj
 .text.startup.main
                0x10000248      0x124 CMakeFiles/Audio_Timer_Interrupt_DDS.dir/dactest.c.obj
                0x10000248                main
 .text.gpio_set_function
                0x1000036c       0x3c CMakeFiles/Audio_Timer_Interrupt_DDS.dir/C_/Users/nanas/.pico-sdk/sdk/2.3.0/src/rp2_common/hardware_gpio/gpio.c.obj
                0x1000036c                gpio_set_function
 .text.gpio_init
                0x100003a8       0x4c CMakeFiles/Audio_Timer_Interrupt_DDS.dir/C_/Users/nanas/.pico-sdk/sdk/2.3.0/src/rp2_common/hardware_gpio/gpio.c.obj
                0x100003a8                gpio_init
 .text.panic    0x100003f4       0x30 CMakeFiles/Audio_Timer_Interrupt_DDS.dir/C_/Users/nanas/.pico-sdk/sdk/2.3.0/src/rp2_common/pico_platform_panic/panic.c.obj
                0x100003f4                panic
 .text.hw_claim_or_assert
                0x10000424       0x58 CMakeFiles/Audio_Timer_Interrupt_DDS.dir/C_/Users/nanas/.pico-sdk/sdk/2.3.0/src/common/hardware_claim/claim.c.obj
                0x10000424                hw_claim_or_assert
 .text.next_striped_spin_lock_num
                0x1000047c       0x18 CMakeFiles/Audio_Timer_Interrupt_DDS.dir/C_/Users/nanas/.pico-sdk/sdk/2.3.0/src/rp2_common/hardware_sync/sync.c.obj
                0x1000047c                next_striped_spin_lock_num
 .text.spinlock_set_extexclall
                0x10000494       0x10 CMakeFiles/Audio_Timer_Interrupt_DDS.dir/C_/Users/nanas/.pico-sdk/sdk/2.3.0/src/rp2_common/hardware_sync_spin_lock/sync_spin_lock.c.obj
 .text.spin_locks_reset
                0x100004a4       0x18 CMakeFiles/Audio_Timer_Interrupt_DDS.dir/C_/Users/nanas/.pico-sdk/sdk/2.3.0/src/rp2_common/hardware_sync_spin_lock/sync_spin_lock.c.obj
                0x100004a4                spin_locks_reset
 .text.runtime_init_per_core_irq_priorities
                0x100004bc       0x40 CMakeFiles/Audio_Timer_Interrupt_DDS.dir/C_/Users/nanas/.pico-sdk/sdk/2.3.0/src/rp2_common/hardware_irq/irq.c.obj
                0x100004bc                runtime_init_per_core_irq_priorities
 .text.irq_set_enabled
                0x100004fc       0x2c CMakeFiles/Audio_Timer_Interrupt_DDS.dir/C_/Users/nanas/.pico-sdk/sdk/2.3.0/src/rp2_common/hardware_irq/irq.c.obj
                0x100004fc                irq_set_enabled
 .text.irq_set_exclusive_handler
                0x10000528       0x64 CMakeFiles/Audio_Timer_Interrupt_DDS.dir/C_/Users/nanas/.pico-sdk/sdk/2.3.0/src/rp2_common/hardware_irq/irq.c.obj
                0x10000528                irq_set_exclusive_handler
 .text.irq_remove_handler
                0x1000058c      0x1c0 CMakeFiles/Audio_Timer_Interrupt_DDS.dir/C_/Users/nanas/.pico-sdk/sdk/2.3.0/src/rp2_common/hardware_irq/irq.c.obj
                0x1000058c                irq_remove_handler
 .text.irq_add_tail_to_free_list
                0x1000074c       0xcc CMakeFiles/Audio_Timer_Interrupt_DDS.dir/C_/Users/nanas/.pico-sdk/sdk/2.3.0/src/rp2_common/hardware_irq/irq.c.obj
                0x1000074c                irq_add_tail_to_free_list
 .text.lock_init
                0x10000818        0xc CMakeFiles/Audio_Timer_Interrupt_DDS.dir/C_/Users/nanas/.pico-sdk/sdk/2.3.0/src/common/pico_sync/lock_core.c.obj
                0x10000818                lock_init
 .text.runtime_init_mutex
                0x10000824       0x4c CMakeFiles/Audio_Timer_Interrupt_DDS.dir/C_/Users/nanas/.pico-sdk/sdk/2.3.0/src/common/pico_sync/mutex.c.obj
                0x10000824                runtime_init_mutex
 .text.sleep_until_callback
                0x10000870       0x4c CMakeFiles/Audio_Timer_Interrupt_DDS.dir/C_/Users/nanas/.pico-sdk/sdk/2.3.0/src/common/pico_time/time.c.obj
 *fill*         0x100008bc        0x4 
 .text.alarm_pool_irq_handler
                0x100008c0      0x2ec CMakeFiles/Audio_Timer_Interrupt_DDS.dir/C_/Users/nanas/.pico-sdk/sdk/2.3.0/src/common/pico_time/time.c.obj
 .text.runtime_init_default_alarm_pool
                0x10000bac      0x104 CMakeFiles/Audio_Timer_Interrupt_DDS.dir/C_/Users/nanas/.pico-sdk/sdk/2.3.0/src/common/pico_time/time.c.obj
                0x10000bac                runtime_init_default_alarm_pool
 .text.alarm_pool_add_alarm_at_force_in_context
                0x10000cb0       0xcc CMakeFiles/Audio_Timer_Interrupt_DDS.dir/C_/Users/nanas/.pico-sdk/sdk/2.3.0/src/common/pico_time/time.c.obj
                0x10000cb0                alarm_pool_add_alarm_at_force_in_context
 .text.alarm_pool_cancel_alarm
                0x10000d7c       0x84 CMakeFiles/Audio_Timer_Interrupt_DDS.dir/C_/Users/nanas/.pico-sdk/sdk/2.3.0/src/common/pico_time/time.c.obj
                0x10000d7c                alarm_pool_cancel_alarm
 .text.best_effort_wfe_or_timeout
                0x10000e00      0x12c CMakeFiles/Audio_Timer_Interrupt_DDS.dir/C_/Users/nanas/.pico-sdk/sdk/2.3.0/src/common/pico_time/time.c.obj
                0x10000e00                best_effort_wfe_or_timeout
 .text.timer_hardware_alarm_claim
                0x10000f2c       0x24 CMakeFiles/Audio_Timer_Interrupt_DDS.dir/C_/Users/nanas/.pico-sdk/sdk/2.3.0/src/rp2_common/hardware_timer/timer.c.obj
                0x10000f2c                timer_hardware_alarm_claim
 .text.timer_time_us_64
                0x10000f50       0x10 CMakeFiles/Audio_Timer_Interrupt_DDS.dir/C_/Users/nanas/.pico-sdk/sdk/2.3.0/src/rp2_common/hardware_timer/timer.c.obj
                0x10000f50                timer_time_us_64
 .text.time_us_64
                0x10000f60       0x14 CMakeFiles/Audio_Timer_Interrupt_DDS.dir/C_/Users/nanas/.pico-sdk/sdk/2.3.0/src/rp2_common/hardware_timer/timer.c.obj
                0x10000f60                time_us_64
 .text.busy_wait_us
                0x10000f74       0x60 CMakeFiles/Audio_Timer_Interrupt_DDS.dir/C_/Users/nanas/.pico-sdk/sdk/2.3.0/src/rp2_common/hardware_timer/timer.c.obj
                0x10000f74                busy_wait_us
 .text.uart_init
                0x10000fd4      0x110 CMakeFiles/Audio_Timer_Interrupt_DDS.dir/C_/Users/nanas/.pico-sdk/sdk/2.3.0/src/rp2_common/hardware_uart/uart.c.obj
                0x10000fd4                uart_init
 .text.clock_configure_undivided
                0x100010e4       0xdc CMakeFiles/Audio_Timer_Interrupt_DDS.dir/C_/Users/nanas/.pico-sdk/sdk/2.3.0/src/rp2_common/hardware_clocks/clocks.c.obj
                0x100010e4                clock_configure_undivided
 .text.clock_get_hz
                0x100011c0        0xc CMakeFiles/Audio_Timer_Interrupt_DDS.dir/C_/Users/nanas/.pico-sdk/sdk/2.3.0/src/rp2_common/hardware_clocks/clocks.c.obj
                0x100011c0                clock_get_hz
 .text.pll_init
                0x100011cc       0x90 CMakeFiles/Audio_Timer_Interrupt_DDS.dir/C_/Users/nanas/.pico-sdk/sdk/2.3.0/src/rp2_common/hardware_pll/pll.c.obj
                0x100011cc                pll_init
 .text.tick_start
                0x1000125c       0x18 CMakeFiles/Audio_Timer_Interrupt_DDS.dir/C_/Users/nanas/.pico-sdk/sdk/2.3.0/src/rp2_common/hardware_ticks/ticks.c.obj
                0x1000125c                tick_start
 .text.rom_reboot.constprop.0.isra.0
                0x10001274       0x3c CMakeFiles/Audio_Timer_Interrupt_DDS.dir/C_/Users/nanas/.pico-sdk/sdk/2.3.0/src/rp2_common/pico_bootrom/bootrom.c.obj
 .text.rom_func_lookup
                0x100012b0       0x18 CMakeFiles/Audio_Timer_Interrupt_DDS.dir/C_/Users/nanas/.pico-sdk/sdk/2.3.0/src/rp2_common/pico_bootrom/bootrom.c.obj
                0x100012b0                rom_func_lookup
 .text.rom_reset_usb_boot_extra
                0x100012c8       0x34 CMakeFiles/Audio_Timer_Interrupt_DDS.dir/C_/Users/nanas/.pico-sdk/sdk/2.3.0/src/rp2_common/pico_bootrom/bootrom.c.obj
                0x100012c8                rom_reset_usb_boot_extra
 .text.runtime_init_bootrom_locking_enable
                0x100012fc       0x14 CMakeFiles/Audio_Timer_Interrupt_DDS.dir/C_/Users/nanas/.pico-sdk/sdk/2.3.0/src/rp2_common/pico_bootrom/bootrom_lock.c.obj
                0x100012fc                runtime_init_bootrom_locking_enable
 .text.runtime_init_boot_locks_reset
                0x10001310       0x1c CMakeFiles/Audio_Timer_Interrupt_DDS.dir/C_/Users/nanas/.pico-sdk/sdk/2.3.0/src/rp2_common/hardware_boot_lock/boot_lock.c.obj
                0x10001310                runtime_init_boot_locks_reset
 .text.xosc_init
                0x1000132c       0x2c CMakeFiles/Audio_Timer_Interrupt_DDS.dir/C_/Users/nanas/.pico-sdk/sdk/2.3.0/src/rp2_common/hardware_xosc/xosc.c.obj
                0x1000132c                xosc_init
 .text.first_per_core_initializer
                0x10001358        0x4 CMakeFiles/Audio_Timer_Interrupt_DDS.dir/C_/Users/nanas/.pico-sdk/sdk/2.3.0/src/rp2_common/pico_runtime/runtime.c.obj
 .text.hard_assertion_failure
                0x1000135c        0xc CMakeFiles/Audio_Timer_Interrupt_DDS.dir/C_/Users/nanas/.pico-sdk/sdk/2.3.0/src/rp2_common/pico_runtime/runtime.c.obj
                0x1000135c                hard_assertion_failure
 .text.runtime_run_initializers
                0x10001368       0x20 CMakeFiles/Audio_Timer_Interrupt_DDS.dir/C_/Users/nanas/.pico-sdk/sdk/2.3.0/src/rp2_common/pico_runtime/runtime.c.obj
                0x10001368                runtime_run_initializers
 .text.runtime_init_early_resets
                0x10001388       0x30 CMakeFiles/Audio_Timer_Interrupt_DDS.dir/C_/Users/nanas/.pico-sdk/sdk/2.3.0/src/rp2_common/pico_runtime_init/runtime_init.c.obj
                0x10001388                runtime_init_early_resets
 .text.runtime_init_usb_power_down
                0x100013b8       0x1c CMakeFiles/Audio_Timer_Interrupt_DDS.dir/C_/Users/nanas/.pico-sdk/sdk/2.3.0/src/rp2_common/pico_runtime_init/runtime_init.c.obj
                0x100013b8                runtime_init_usb_power_down
 .text.runtime_init_per_core_enable_coprocessors
                0x100013d4       0x1c CMakeFiles/Audio_Timer_Interrupt_DDS.dir/C_/Users/nanas/.pico-sdk/sdk/2.3.0/src/rp2_common/pico_runtime_init/runtime_init.c.obj
                0x100013d4                runtime_init_per_core_enable_coprocessors
 .text.runtime_init_post_clock_resets
                0x100013f0       0x20 CMakeFiles/Audio_Timer_Interrupt_DDS.dir/C_/Users/nanas/.pico-sdk/sdk/2.3.0/src/rp2_common/pico_runtime_init/runtime_init.c.obj
                0x100013f0                runtime_init_post_clock_resets
 .text.runtime_init_bootrom_reset
                0x10001410       0x14 CMakeFiles/Audio_Timer_Interrupt_DDS.dir/C_/Users/nanas/.pico-sdk/sdk/2.3.0/src/rp2_common/pico_runtime_init/runtime_init.c.obj
                0x10001410                runtime_init_bootrom_reset
 .text.runtime_init_per_core_bootrom_reset
                0x10001424       0x14 CMakeFiles/Audio_Timer_Interrupt_DDS.dir/C_/Users/nanas/.pico-sdk/sdk/2.3.0/src/rp2_common/pico_runtime_init/runtime_init.c.obj
                0x10001424                runtime_init_per_core_bootrom_reset
 .text.runtime_init_spin_locks_reset
                0x10001438        0x4 CMakeFiles/Audio_Timer_Interrupt_DDS.dir/C_/Users/nanas/.pico-sdk/sdk/2.3.0/src/rp2_common/pico_runtime_init/runtime_init.c.obj
                0x10001438                runtime_init_spin_locks_reset
 .text.runtime_init_install_ram_vector_table
                0x1000143c       0x64 CMakeFiles/Audio_Timer_Interrupt_DDS.dir/C_/Users/nanas/.pico-sdk/sdk/2.3.0/src/rp2_common/pico_runtime_init/runtime_init.c.obj
                0x1000143c                runtime_init_install_ram_vector_table
 .text.runtime_init_clocks
                0x100014a0       0xdc CMakeFiles/Audio_Timer_Interrupt_DDS.dir/C_/Users/nanas/.pico-sdk/sdk/2.3.0/src/rp2_common/pico_runtime_init/runtime_init_clocks.c.obj
                0x100014a0                runtime_init_clocks
 .text.__rp2350_dcp_engaged_state_save_restore
                0x1000157c       0x3a CMakeFiles/Audio_Timer_Interrupt_DDS.dir/C_/Users/nanas/.pico-sdk/sdk/2.3.0/src/rp2_common/pico_double/double_aeabi_dcp.S.obj
 *fill*         0x100015b6        0x2 
 .text.__wrap___aeabi_dmul
                0x100015b8       0x48 CMakeFiles/Audio_Timer_Interrupt_DDS.dir/C_/Users/nanas/.pico-sdk/sdk/2.3.0/src/rp2_common/pico_double/double_aeabi_dcp.S.obj
                0x100015c0                __wrap___aeabi_dmul
 .text.__wrap___aeabi_d2iz
                0x10001600       0x24 CMakeFiles/Audio_Timer_Interrupt_DDS.dir/C_/Users/nanas/.pico-sdk/sdk/2.3.0/src/rp2_common/pico_double/double_aeabi_dcp.S.obj
                0x10001608                double2int_z
                0x10001608                __wrap___aeabi_d2iz
 .text.rtwopi   0x10001624       0xa0 CMakeFiles/Audio_Timer_Interrupt_DDS.dir/C_/Users/nanas/.pico-sdk/sdk/2.3.0/src/rp2_common/pico_double/double_sci_m33.S.obj
                0x10001628                rtwopi
 .text.drrcore  0x100016c4       0x64 CMakeFiles/Audio_Timer_Interrupt_DDS.dir/C_/Users/nanas/.pico-sdk/sdk/2.3.0/src/rp2_common/pico_double/double_sci_m33.S.obj
 .text.__wrap_sin_cos
                0x10001728      0x434 CMakeFiles/Audio_Timer_Interrupt_DDS.dir/C_/Users/nanas/.pico-sdk/sdk/2.3.0/src/rp2_common/pico_double/double_sci_m33.S.obj
                0x100018bc                __wrap_sincos
                0x100018d8                __wrap_sin
                0x100018e2                __wrap_cos
 .text.dpack    0x10001b5c       0x58 CMakeFiles/Audio_Timer_Interrupt_DDS.dir/C_/Users/nanas/.pico-sdk/sdk/2.3.0/src/rp2_common/pico_double/double_sci_m33.S.obj
 .text.trigtab  0x10001bb4      0x200 CMakeFiles/Audio_Timer_Interrupt_DDS.dir/C_/Users/nanas/.pico-sdk/sdk/2.3.0/src/rp2_common/pico_double/double_sci_m33.S.obj
                0x10001bb4                trigtab
 .text._out_char
                0x10001db4        0x8 CMakeFiles/Audio_Timer_Interrupt_DDS.dir/C_/Users/nanas/.pico-sdk/sdk/2.3.0/src/rp2_common/pico_printf/printf.c.obj
 .text.weak_raw_vprintf
                0x10001dbc       0x30 CMakeFiles/Audio_Timer_Interrupt_DDS.dir/C_/Users/nanas/.pico-sdk/sdk/2.3.0/src/rp2_common/pico_printf/printf.c.obj
                0x10001dbc                weak_raw_vprintf
 .text._exit    0x10001dec        0x4 CMakeFiles/Audio_Timer_Interrupt_DDS.dir/C_/Users/nanas/.pico-sdk/sdk/2.3.0/src/rp2_common/pico_clib_interface/newlib_interface.c.obj
                0x10001dec                _exit
 .text._fini    0x10001df0        0x4 CMakeFiles/Audio_Timer_Interrupt_DDS.dir/C_/Users/nanas/.pico-sdk/sdk/2.3.0/src/rp2_common/pico_clib_interface/newlib_interface.c.obj
                0x10001df0                _fini
 .text.exit     0x10001df4        0x8 CMakeFiles/Audio_Timer_Interrupt_DDS.dir/C_/Users/nanas/.pico-sdk/sdk/2.3.0/src/rp2_common/pico_clib_interface/newlib_interface.c.obj
                0x10001df4                exit
 .text.runtime_init
                0x10001dfc       0x24 CMakeFiles/Audio_Timer_Interrupt_DDS.dir/C_/Users/nanas/.pico-sdk/sdk/2.3.0/src/rp2_common/pico_clib_interface/newlib_interface.c.obj
                0x10001dfc                runtime_init
 .text.stdio_out_chars_no_crlf
                0x10001e20        0x8 CMakeFiles/Audio_Timer_Interrupt_DDS.dir/C_/Users/nanas/.pico-sdk/sdk/2.3.0/src/rp2_common/pico_stdio/stdio.c.obj
 .text.stdio_out_chars_crlf
                0x10001e28       0xc0 CMakeFiles/Audio_Timer_Interrupt_DDS.dir/C_/Users/nanas/.pico-sdk/sdk/2.3.0/src/rp2_common/pico_stdio/stdio.c.obj
 .text.stdio_put_string
                0x10001ee8       0xec CMakeFiles/Audio_Timer_Interrupt_DDS.dir/C_/Users/nanas/.pico-sdk/sdk/2.3.0/src/rp2_common/pico_stdio/stdio.c.obj
                0x10001ee8                stdio_put_string
 .text.stdio_set_driver_enabled
                0x10001fd4       0x28 CMakeFiles/Audio_Timer_Interrupt_DDS.dir/C_/Users/nanas/.pico-sdk/sdk/2.3.0/src/rp2_common/pico_stdio/stdio.c.obj
                0x10001fd4                stdio_set_driver_enabled
 .text.stdio_init_all
                0x10001ffc        0xc CMakeFiles/Audio_Timer_Interrupt_DDS.dir/C_/Users/nanas/.pico-sdk/sdk/2.3.0/src/rp2_common/pico_stdio/stdio.c.obj
                0x10001ffc                stdio_init_all
 .text.__wrap_putchar
                0x10002008       0x84 CMakeFiles/Audio_Timer_Interrupt_DDS.dir/C_/Users/nanas/.pico-sdk/sdk/2.3.0/src/rp2_common/pico_stdio/stdio.c.obj
                0x10002008                __wrap_putchar
                0x10002008                stdio_putchar
 .text.__wrap_puts
                0x1000208c       0x3c CMakeFiles/Audio_Timer_Interrupt_DDS.dir/C_/Users/nanas/.pico-sdk/sdk/2.3.0/src/rp2_common/pico_stdio/stdio.c.obj
                0x1000208c                stdio_puts
                0x1000208c                __wrap_puts
 .text.stdio_uart_out_chars
                0x100020c8       0x54 CMakeFiles/Audio_Timer_Interrupt_DDS.dir/C_/Users/nanas/.pico-sdk/sdk/2.3.0/src/rp2_common/pico_stdio_uart/stdio_uart.c.obj
 .text.stdio_uart_in_chars
                0x1000211c       0x9c CMakeFiles/Audio_Timer_Interrupt_DDS.dir/C_/Users/nanas/.pico-sdk/sdk/2.3.0/src/rp2_common/pico_stdio_uart/stdio_uart.c.obj
                0x1000211c                stdio_uart_in_chars
 .text.on_uart_rx
                0x100021b8       0x24 CMakeFiles/Audio_Timer_Interrupt_DDS.dir/C_/Users/nanas/.pico-sdk/sdk/2.3.0/src/rp2_common/pico_stdio_uart/stdio_uart.c.obj
 .text.stdio_uart_out_flush
                0x100021dc       0x10 CMakeFiles/Audio_Timer_Interrupt_DDS.dir/C_/Users/nanas/.pico-sdk/sdk/2.3.0/src/rp2_common/pico_stdio_uart/stdio_uart.c.obj
 .text.stdio_uart_set_chars_available_callback
                0x100021ec       0x94 CMakeFiles/Audio_Timer_Interrupt_DDS.dir/C_/Users/nanas/.pico-sdk/sdk/2.3.0/src/rp2_common/pico_stdio_uart/stdio_uart.c.obj
 .text.stdio_uart_init
                0x10002280       0x54 CMakeFiles/Audio_Timer_Interrupt_DDS.dir/C_/Users/nanas/.pico-sdk/sdk/2.3.0/src/rp2_common/pico_stdio_uart/stdio_uart.c.obj
                0x10002280                stdio_uart_init
 .text.startup.boot_double_tap_check
                0x100022d4       0x44 CMakeFiles/Audio_Timer_Interrupt_DDS.dir/C_/Users/nanas/.pico-sdk/sdk/2.3.0/src/rp2_common/pico_bootsel_via_double_reset/pico_bootsel_via_double_reset.c.obj
 .text.spi_init
                0x10002318       0xfc CMakeFiles/Audio_Timer_Interrupt_DDS.dir/C_/Users/nanas/.pico-sdk/sdk/2.3.0/src/rp2_common/hardware_spi/spi.c.obj
                0x10002318                spi_init
 .text.strlen   0x10002414       0x5c C:/Users/nanas/.pico-sdk/toolchain/15_2_Rel1/bin/../lib/gcc/arm-none-eabi/15.2.1/../../../../arm-none-eabi/lib/thumb/v8-m.main+fp/softfp\libg.a(libc_a-strlen-stub.o)
                0x10002414                strlen
 .text.strlen.__stub
                0x10002470       0x28 linker stubs
 *(.fini)
 *crtbegin.o(.ctors)
 *crtbegin?.o(.ctors)
 *(EXCLUDE_FILE(*crtend.o *crtend?.o) .ctors)
 *(SORT_BY_NAME(.ctors.*))
 *(.ctors)
 *crtbegin.o(.dtors)
 *crtbegin?.o(.dtors)
 *(EXCLUDE_FILE(*crtend.o *crtend?.o) .dtors)
 *(SORT_BY_NAME(.dtors.*))
 *(.dtors)
                0x10002498                        . = ALIGN (0x4)
                [!provide]                        PROVIDE (__bothinit_array_start = .)
                0x10002498                        PROVIDE (__preinit_array_start = .)
 *(SORT_BY_NAME(.preinit_array.*))
 .preinit_array.00050
                0x10002498        0x4 CMakeFiles/Audio_Timer_Interrupt_DDS.dir/C_/Users/nanas/.pico-sdk/sdk/2.3.0/src/rp2_common/pico_runtime_init/runtime_init.c.obj
                0x10002498                __pre_init_runtime_init_bootrom_reset
 .preinit_array.00100
                0x1000249c        0x4 CMakeFiles/Audio_Timer_Interrupt_DDS.dir/C_/Users/nanas/.pico-sdk/sdk/2.3.0/src/rp2_common/pico_runtime_init/runtime_init.c.obj
                0x1000249c                __pre_init_runtime_init_early_resets
 .preinit_array.00101
                0x100024a0        0x4 CMakeFiles/Audio_Timer_Interrupt_DDS.dir/C_/Users/nanas/.pico-sdk/sdk/2.3.0/src/rp2_common/pico_runtime_init/runtime_init.c.obj
                0x100024a0                __pre_init_runtime_init_usb_power_down
 .preinit_array.00500
                0x100024a4        0x4 CMakeFiles/Audio_Timer_Interrupt_DDS.dir/C_/Users/nanas/.pico-sdk/sdk/2.3.0/src/rp2_common/pico_runtime_init/runtime_init.c.obj
                0x100024a4                __pre_init_runtime_init_clocks
 .preinit_array.00600
                0x100024a8        0x4 CMakeFiles/Audio_Timer_Interrupt_DDS.dir/C_/Users/nanas/.pico-sdk/sdk/2.3.0/src/rp2_common/pico_runtime_init/runtime_init.c.obj
                0x100024a8                __pre_init_runtime_init_post_clock_resets
 .preinit_array.01000
                0x100024ac        0x4 CMakeFiles/Audio_Timer_Interrupt_DDS.dir/C_/Users/nanas/.pico-sdk/sdk/2.3.0/src/rp2_common/hardware_boot_lock/boot_lock.c.obj
                0x100024ac                __pre_init_runtime_init_boot_locks_reset
 .preinit_array.01000
                0x100024b0        0x4 CMakeFiles/Audio_Timer_Interrupt_DDS.dir/C_/Users/nanas/.pico-sdk/sdk/2.3.0/src/rp2_common/pico_runtime_init/runtime_init.c.obj
                0x100024b0                __pre_init_runtime_init_spin_locks_reset
 .preinit_array.01010
                0x100024b4        0x4 CMakeFiles/Audio_Timer_Interrupt_DDS.dir/C_/Users/nanas/.pico-sdk/sdk/2.3.0/src/rp2_common/pico_bootrom/bootrom_lock.c.obj
                0x100024b4                __pre_init_runtime_init_bootrom_locking_enable
 .preinit_array.01100
                0x100024b8        0x4 CMakeFiles/Audio_Timer_Interrupt_DDS.dir/C_/Users/nanas/.pico-sdk/sdk/2.3.0/src/common/pico_sync/mutex.c.obj
                0x100024b8                __pre_init_runtime_init_mutex
 .preinit_array.10080
                0x100024bc        0x4 CMakeFiles/Audio_Timer_Interrupt_DDS.dir/C_/Users/nanas/.pico-sdk/sdk/2.3.0/src/rp2_common/pico_runtime_init/runtime_init.c.obj
                0x100024bc                __pre_init_runtime_init_install_ram_vector_table
 .preinit_array.11000
                0x100024c0        0x4 CMakeFiles/Audio_Timer_Interrupt_DDS.dir/C_/Users/nanas/.pico-sdk/sdk/2.3.0/src/common/pico_time/time.c.obj
                0x100024c0                __pre_init_runtime_init_default_alarm_pool
 .preinit_array.YYYYY
                0x100024c4        0x4 CMakeFiles/Audio_Timer_Interrupt_DDS.dir/C_/Users/nanas/.pico-sdk/sdk/2.3.0/src/rp2_common/pico_runtime/runtime.c.obj
                0x100024c4                __pre_init_first_per_core_initializer
 .preinit_array.ZZZZZ.00051
                0x100024c8        0x4 CMakeFiles/Audio_Timer_Interrupt_DDS.dir/C_/Users/nanas/.pico-sdk/sdk/2.3.0/src/rp2_common/pico_runtime_init/runtime_init.c.obj
                0x100024c8                __pre_init_runtime_init_per_core_bootrom_reset
 .preinit_array.ZZZZZ.00200
                0x100024cc        0x4 CMakeFiles/Audio_Timer_Interrupt_DDS.dir/C_/Users/nanas/.pico-sdk/sdk/2.3.0/src/rp2_common/pico_runtime_init/runtime_init.c.obj
                0x100024cc                __pre_init_runtime_init_per_core_enable_coprocessors
 .preinit_array.ZZZZZ.01000
                0x100024d0        0x4 CMakeFiles/Audio_Timer_Interrupt_DDS.dir/C_/Users/nanas/.pico-sdk/sdk/2.3.0/src/rp2_common/hardware_sync_spin_lock/sync_spin_lock.c.obj
                0x100024d0                __pre_init_spinlock_set_extexclall
 .preinit_array.ZZZZZ.01200
                0x100024d4        0x4 CMakeFiles/Audio_Timer_Interrupt_DDS.dir/C_/Users/nanas/.pico-sdk/sdk/2.3.0/src/rp2_common/hardware_irq/irq.c.obj
                0x100024d4                __pre_init_runtime_init_per_core_irq_priorities
 *(.preinit_array)
                0x100024d8                        PROVIDE (__preinit_array_end = .)
                0x100024d8                        . = ALIGN (0x4)
                0x100024d8                        PROVIDE (__init_array_start = .)
 *(SORT_BY_NAME(.init_array.*))
 *(.init_array)
 .init_array    0x100024d8        0x4 CMakeFiles/Audio_Timer_Interrupt_DDS.dir/C_/Users/nanas/.pico-sdk/sdk/2.3.0/src/rp2_common/pico_bootsel_via_double_reset/pico_bootsel_via_double_reset.c.obj
                0x100024dc                        PROVIDE (__init_array_end = .)
                [!provide]                        PROVIDE (__bothinit_array_end = .)
                0x100024dc                        . = ALIGN (0x4)
                [!provide]                        PROVIDE (__fini_array_start = .)
 *(SORT_BY_NAME(.fini_array.*))
 *(.fini_array)
                [!provide]                        PROVIDE (__fini_array_end = .)
                [!provide]                        PROVIDE (__dso_handle = 0x0)
 *(.eh_frame*)
                0x100024dc                        . = ALIGN (0x4)

.glue_7         0x100024dc        0x0
 .glue_7        0x100024dc        0x0 linker stubs

.glue_7t        0x100024dc        0x0
 .glue_7t       0x100024dc        0x0 linker stubs

.vfp11_veneer   0x100024dc        0x0
 .vfp11_veneer  0x100024dc        0x0 linker stubs

.v4_bx          0x100024dc        0x0
 .v4_bx         0x100024dc        0x0 linker stubs

.iplt           0x100024dc        0x0
 .iplt          0x100024dc        0x0 CMakeFiles/Audio_Timer_Interrupt_DDS.dir/dactest.c.obj

.boot2          0x100024dc        0x0
                0x100024dc                        __boot2_start__ = .
 *(.boot2)
                0x100024dc                        __boot2_end__ = .
                0x00000001                        ASSERT (((__boot2_end__ - __boot2_start__) <= 0x100), ERROR: Pico second stage bootloader must be no more than 256 bytes in size)

.rodata         0x100024dc      0x164
 *(EXCLUDE_FILE(*libm.a: *lib*_a-mem*.o *libc.a: *libgcc.a:) .rodata*)
 .rodata.main.str1.4
                0x100024dc       0xe4 CMakeFiles/Audio_Timer_Interrupt_DDS.dir/dactest.c.obj
                                  0xc (size before relaxing)
 .rodata.panic.str1.4
                0x100025c0        0x0 CMakeFiles/Audio_Timer_Interrupt_DDS.dir/C_/Users/nanas/.pico-sdk/sdk/2.3.0/src/rp2_common/pico_platform_panic/panic.c.obj
                                 0x11 (size before relaxing)
 .rodata.timer_hardware_alarm_claim.str1.4
                0x100025c0        0x0 CMakeFiles/Audio_Timer_Interrupt_DDS.dir/C_/Users/nanas/.pico-sdk/sdk/2.3.0/src/rp2_common/hardware_timer/timer.c.obj
                                 0x22 (size before relaxing)
 .rodata.hard_assertion_failure.str1.4
                0x100025c0        0x0 CMakeFiles/Audio_Timer_Interrupt_DDS.dir/C_/Users/nanas/.pico-sdk/sdk/2.3.0/src/rp2_common/pico_runtime/runtime.c.obj
                                  0xc (size before relaxing)
 .rodata.str1.4
                0x100025c0        0x0 CMakeFiles/Audio_Timer_Interrupt_DDS.dir/C_/Users/nanas/.pico-sdk/sdk/2.3.0/src/rp2_common/pico_standard_binary_info/standard_binary_info.c.obj
                                 0x50 (size before relaxing)
 .rodata.__bi_84
                0x100025c0        0xc CMakeFiles/Audio_Timer_Interrupt_DDS.dir/C_/Users/nanas/.pico-sdk/sdk/2.3.0/src/rp2_common/pico_standard_binary_info/standard_binary_info.c.obj
 .rodata.__bi_78
                0x100025cc        0xc CMakeFiles/Audio_Timer_Interrupt_DDS.dir/C_/Users/nanas/.pico-sdk/sdk/2.3.0/src/rp2_common/pico_standard_binary_info/standard_binary_info.c.obj
 .rodata.__bi_54
                0x100025d8        0xc CMakeFiles/Audio_Timer_Interrupt_DDS.dir/C_/Users/nanas/.pico-sdk/sdk/2.3.0/src/rp2_common/pico_standard_binary_info/standard_binary_info.c.obj
 .rodata.__bi_48
                0x100025e4        0xc CMakeFiles/Audio_Timer_Interrupt_DDS.dir/C_/Users/nanas/.pico-sdk/sdk/2.3.0/src/rp2_common/pico_standard_binary_info/standard_binary_info.c.obj
 .rodata.__bi_42
                0x100025f0        0xc CMakeFiles/Audio_Timer_Interrupt_DDS.dir/C_/Users/nanas/.pico-sdk/sdk/2.3.0/src/rp2_common/pico_standard_binary_info/standard_binary_info.c.obj
 .rodata.__bi_34
                0x100025fc        0xc CMakeFiles/Audio_Timer_Interrupt_DDS.dir/C_/Users/nanas/.pico-sdk/sdk/2.3.0/src/rp2_common/pico_standard_binary_info/standard_binary_info.c.obj
 .rodata.__bi_26
                0x10002608        0xc CMakeFiles/Audio_Timer_Interrupt_DDS.dir/C_/Users/nanas/.pico-sdk/sdk/2.3.0/src/rp2_common/pico_standard_binary_info/standard_binary_info.c.obj
 .rodata.crlf_str.0
                0x10002614        0x2 CMakeFiles/Audio_Timer_Interrupt_DDS.dir/C_/Users/nanas/.pico-sdk/sdk/2.3.0/src/rp2_common/pico_stdio/stdio.c.obj
 .rodata.str1.4
                0x10002616        0x0 CMakeFiles/Audio_Timer_Interrupt_DDS.dir/C_/Users/nanas/.pico-sdk/sdk/2.3.0/src/rp2_common/pico_stdio_uart/stdio_uart.c.obj
                                 0x2c (size before relaxing)
 *fill*         0x10002616        0x2 
 .rodata.__bi_45.4
                0x10002618        0xc CMakeFiles/Audio_Timer_Interrupt_DDS.dir/C_/Users/nanas/.pico-sdk/sdk/2.3.0/src/rp2_common/pico_stdio_uart/stdio_uart.c.obj
 .rodata.__bi_49.5
                0x10002624        0x8 CMakeFiles/Audio_Timer_Interrupt_DDS.dir/C_/Users/nanas/.pico-sdk/sdk/2.3.0/src/rp2_common/pico_stdio_uart/stdio_uart.c.obj
 .rodata.__bi_50.6
                0x1000262c        0x8 CMakeFiles/Audio_Timer_Interrupt_DDS.dir/C_/Users/nanas/.pico-sdk/sdk/2.3.0/src/rp2_common/pico_stdio_uart/stdio_uart.c.obj
 .rodata.str1.4
                0x10002634        0x0 CMakeFiles/Audio_Timer_Interrupt_DDS.dir/C_/Users/nanas/.pico-sdk/sdk/2.3.0/src/rp2_common/pico_bootsel_via_double_reset/pico_bootsel_via_double_reset.c.obj
                                 0x18 (size before relaxing)
 .rodata.__bi_50
                0x10002634        0xc CMakeFiles/Audio_Timer_Interrupt_DDS.dir/C_/Users/nanas/.pico-sdk/sdk/2.3.0/src/rp2_common/pico_bootsel_via_double_reset/pico_bootsel_via_double_reset.c.obj
 *(.srodata*)
                0x10002640                        . = ALIGN (0x4)
 *(SORT_BY_ALIGNMENT(SORT_BY_NAME(.flashdata*)))
                0x10002640                        . = ALIGN (0x4)

.ARM.extab
 *(.ARM.extab* .gnu.linkonce.armextab.*)
                0x10002640                        __exidx_start = .

.ARM.exidx      0x10002640        0x8
 *(.ARM.exidx* .gnu.linkonce.armexidx.*)
 .ARM.exidx     0x10002640        0x8 C:/Users/nanas/.pico-sdk/toolchain/15_2_Rel1/bin/../lib/gcc/arm-none-eabi/15.2.1/../../../../arm-none-eabi/lib/thumb/v8-m.main+fp/softfp\libg.a(libc_a-memcpy.o)
                0x10002648                        __exidx_end = .
                0x10002648                        . = ALIGN (0x4)
                0x10002648                        __binary_info_start = .

.binary_info    0x10002648       0x2c
 *(.binary_info.keep.*)
 .binary_info.keep.__bi_ptr84
                0x10002648        0x4 CMakeFiles/Audio_Timer_Interrupt_DDS.dir/C_/Users/nanas/.pico-sdk/sdk/2.3.0/src/rp2_common/pico_standard_binary_info/standard_binary_info.c.obj
 .binary_info.keep.__bi_ptr78
                0x1000264c        0x4 CMakeFiles/Audio_Timer_Interrupt_DDS.dir/C_/Users/nanas/.pico-sdk/sdk/2.3.0/src/rp2_common/pico_standard_binary_info/standard_binary_info.c.obj
 .binary_info.keep.__bi_ptr54
                0x10002650        0x4 CMakeFiles/Audio_Timer_Interrupt_DDS.dir/C_/Users/nanas/.pico-sdk/sdk/2.3.0/src/rp2_common/pico_standard_binary_info/standard_binary_info.c.obj
 .binary_info.keep.__bi_ptr48
                0x10002654        0x4 CMakeFiles/Audio_Timer_Interrupt_DDS.dir/C_/Users/nanas/.pico-sdk/sdk/2.3.0/src/rp2_common/pico_standard_binary_info/standard_binary_info.c.obj
 .binary_info.keep.__bi_ptr42
                0x10002658        0x4 CMakeFiles/Audio_Timer_Interrupt_DDS.dir/C_/Users/nanas/.pico-sdk/sdk/2.3.0/src/rp2_common/pico_standard_binary_info/standard_binary_info.c.obj
 .binary_info.keep.__bi_ptr34
                0x1000265c        0x4 CMakeFiles/Audio_Timer_Interrupt_DDS.dir/C_/Users/nanas/.pico-sdk/sdk/2.3.0/src/rp2_common/pico_standard_binary_info/standard_binary_info.c.obj
 .binary_info.keep.__bi_ptr26
                0x10002660        0x4 CMakeFiles/Audio_Timer_Interrupt_DDS.dir/C_/Users/nanas/.pico-sdk/sdk/2.3.0/src/rp2_common/pico_standard_binary_info/standard_binary_info.c.obj
 .binary_info.keep.__bi_ptr50
                0x10002664        0x4 CMakeFiles/Audio_Timer_Interrupt_DDS.dir/C_/Users/nanas/.pico-sdk/sdk/2.3.0/src/rp2_common/pico_bootsel_via_double_reset/pico_bootsel_via_double_reset.c.obj
 *(.binary_info.*)
 .binary_info.__bi_ptr50
                0x10002668        0x4 CMakeFiles/Audio_Timer_Interrupt_DDS.dir/C_/Users/nanas/.pico-sdk/sdk/2.3.0/src/rp2_common/pico_stdio_uart/stdio_uart.c.obj
 .binary_info.__bi_ptr49
                0x1000266c        0x4 CMakeFiles/Audio_Timer_Interrupt_DDS.dir/C_/Users/nanas/.pico-sdk/sdk/2.3.0/src/rp2_common/pico_stdio_uart/stdio_uart.c.obj
 .binary_info.__bi_ptr45
                0x10002670        0x4 CMakeFiles/Audio_Timer_Interrupt_DDS.dir/C_/Users/nanas/.pico-sdk/sdk/2.3.0/src/rp2_common/pico_stdio_uart/stdio_uart.c.obj
                0x10002674                        __binary_info_end = .
                0x10002674                        . = ALIGN (0x4)

.psram_load     0x11000000        0x0 load address 0x10002674
                0x11000000                        __psram_start__ = .
                0x11000000                        __psram_load_start__ = .
 *(SORT_BY_NAME(.psram_initialised.*))
                0x11000000                        . = ALIGN (0x4)
                0x11000000                        __psram_load_end__ = .
                0x10002674                        __psram_load_source__ = LOADADDR (.psram_load)

.psram_noload   0x11000000        0x0 load address 0x10002674
 *(SORT_BY_NAME(.psram_uninitialised.*))
                0x11000000                        . = ALIGN (0x4)
                0x11000000                        __psram_end__ = .

.xip_ram        0x13ffc000        0x0 load address 0x10002674
                0x13ffc000                        __xip_ram_start__ = .
                0x13ffc000                        . = ALIGN (0x4)
 *(.xip_ram*)
                0x13ffc000                        . = ALIGN (0x4)
                0x13ffc000                        __xip_ram_end__ = .
                0x10002674                        __xip_ram_source__ = LOADADDR (.xip_ram)

.ram_vector_table
                0x20000000      0x110
 *(.ram_vector_table)
 .ram_vector_table
                0x20000000      0x110 CMakeFiles/Audio_Timer_Interrupt_DDS.dir/C_/Users/nanas/.pico-sdk/sdk/2.3.0/src/rp2_common/pico_runtime_init/runtime_init.c.obj
                0x20000000                ram_vector_table

.uninitialized_data
                0x20000110        0x0
                0x20000110                        . = ALIGN (0x4)
 *(.uninitialized_data*)

.data           0x20000110      0x6f0 load address 0x10002674
                0x20000110                        __data_start__ = .
 *(vtable)
 *(.time_critical*)
 .time_critical.mutex_try_enter
                0x20000110       0x50 CMakeFiles/Audio_Timer_Interrupt_DDS.dir/C_/Users/nanas/.pico-sdk/sdk/2.3.0/src/common/pico_sync/mutex.c.obj
                0x20000110                mutex_try_enter
 .time_critical.mutex_enter_block_until
                0x20000160       0x90 CMakeFiles/Audio_Timer_Interrupt_DDS.dir/C_/Users/nanas/.pico-sdk/sdk/2.3.0/src/common/pico_sync/mutex.c.obj
                0x20000160                mutex_enter_block_until
 .time_critical.mutex_try_enter_block_until
                0x200001f0       0x38 CMakeFiles/Audio_Timer_Interrupt_DDS.dir/C_/Users/nanas/.pico-sdk/sdk/2.3.0/src/common/pico_sync/mutex.c.obj
                0x200001f0                mutex_try_enter_block_until
 .time_critical.mutex_exit
                0x20000228       0x48 CMakeFiles/Audio_Timer_Interrupt_DDS.dir/C_/Users/nanas/.pico-sdk/sdk/2.3.0/src/common/pico_sync/mutex.c.obj
                0x20000228                mutex_exit
 .time_critical.spi_write16_blocking
                0x20000270       0x90 CMakeFiles/Audio_Timer_Interrupt_DDS.dir/C_/Users/nanas/.pico-sdk/sdk/2.3.0/src/rp2_common/hardware_spi/spi.c.obj
                0x20000270                spi_write16_blocking
 *(.text*)
 .text          0x20000300      0x378 C:/Users/nanas/.pico-sdk/toolchain/15_2_Rel1/bin/../lib/gcc/arm-none-eabi/15.2.1/thumb/v8-m.main+fp/softfp\libgcc.a(_arm_addsubdf3.o)
                0x20000300                __aeabi_drsub
                0x20000308                __aeabi_dsub
                0x20000308                __subdf3
                0x2000030c                __aeabi_dadd
                0x2000030c                __adddf3
                0x20000584                __floatunsidf
                0x20000584                __aeabi_ui2d
                0x200005a4                __floatsidf
                0x200005a4                __aeabi_i2d
                0x200005c8                __aeabi_f2d
                0x200005c8                __extendsfdf2
                0x2000060c                __floatundidf
                0x2000060c                __aeabi_ul2d
                0x2000061c                __floatdidf
                0x2000061c                __aeabi_l2d
 .text          0x20000678       0xec C:/Users/nanas/.pico-sdk/toolchain/15_2_Rel1/bin/../lib/gcc/arm-none-eabi/15.2.1/../../../../arm-none-eabi/lib/thumb/v8-m.main+fp/softfp\libg.a(libc_a-memcpy.o)
                0x20000678                memcpy
 *fill*         0x20000764        0x4 
 .text.__stub   0x20000768        0x8 linker stubs
                0x20000770                        . = ALIGN (0x4)
 *(.rodata*)
                0x20000770                        . = ALIGN (0x4)
                [!provide]                        PROVIDE (__emutls_array_start = .)
 *(.*.__emutls_v.*)
                [!provide]                        PROVIDE (__emutls_array_end = .)
                0x20000770                        . = ALIGN (0x4)
 *(.data*)
 .data.phase_incr_main
                0x20000770        0x4 CMakeFiles/Audio_Timer_Interrupt_DDS.dir/dactest.c.obj
                0x20000770                phase_incr_main
 .data.striped_spin_lock_num
                0x20000774        0x1 CMakeFiles/Audio_Timer_Interrupt_DDS.dir/C_/Users/nanas/.pico-sdk/sdk/2.3.0/src/rp2_common/hardware_sync/sync.c.obj
 *fill*         0x20000775        0x3 
 .data          0x20000778       0x48 CMakeFiles/Audio_Timer_Interrupt_DDS.dir/C_/Users/nanas/.pico-sdk/sdk/2.3.0/src/rp2_common/hardware_irq/irq_handler_chain.S.obj
                0x20000778                irq_handler_chain_slots
                0x200007a8                irq_handler_chain_first_slot
                0x200007b2                irq_handler_chain_remove_tail
 *fill*         0x200007c0        0x0 
 .data.last_added.0
                0x200007c0        0x8 CMakeFiles/Audio_Timer_Interrupt_DDS.dir/C_/Users/nanas/.pico-sdk/sdk/2.3.0/src/common/pico_time/time.c.obj
 .data.default_alarm_pool
                0x200007c8       0x18 CMakeFiles/Audio_Timer_Interrupt_DDS.dir/C_/Users/nanas/.pico-sdk/sdk/2.3.0/src/common/pico_time/time.c.obj
 .data.stdio_uart
                0x200007e0       0x18 CMakeFiles/Audio_Timer_Interrupt_DDS.dir/C_/Users/nanas/.pico-sdk/sdk/2.3.0/src/rp2_common/pico_stdio_uart/stdio_uart.c.obj
                0x200007e0                stdio_uart
 *(.sdata*)
                0x200007f8                        . = ALIGN (0x4)
 *(.after_data.*)
                0x200007f8                        . = ALIGN (0x4)
                0x200007f8                        PROVIDE (__mutex_array_start = .)
 *(SORT_BY_NAME(.mutex_array.*))
 *(.mutex_array)
 .mutex_array   0x200007f8        0x8 CMakeFiles/Audio_Timer_Interrupt_DDS.dir/C_/Users/nanas/.pico-sdk/sdk/2.3.0/src/rp2_common/pico_stdio/stdio.c.obj
                0x20000800                        PROVIDE (__mutex_array_end = .)
 *(.jcr)
                0x20000800                        . = ALIGN (0x4)

.igot.plt       0x20000800        0x0 load address 0x10002d64
 .igot.plt      0x20000800        0x0 CMakeFiles/Audio_Timer_Interrupt_DDS.dir/dactest.c.obj

.tdata          0x20000800        0x0 load address 0x10002d64
                0x20000800                        . = ALIGN (0x4)
 *(.tdata .tdata.* .gnu.linkonce.td.*)
                0x20000800                        __tdata_end = .
                0x20000800                        PROVIDE (__data_end__ = .)
                0x10002674                        __etext = LOADADDR (.data)
                0x20000800                        . = ALIGN (0x4)

.tbss           0x20000800        0x0 load address 0x10002d64
                0x20000800                        __bss_start__ = .
                0x20000800                        __tls_base = .
 *(.tbss .tbss.* .gnu.linkonce.tb.*)
 *(.tcommon)
                0x20000800                        . = ALIGN (0x4)
                0x20000800                        __tls_end = .

.tbss_space     0x20000800        0x0 load address 0x10002d64
                0x20000800                        . = (__bss_start__ + SIZEOF (.tbss))

.bss            0x20000800      0x614 load address 0x10002d64
                0x20000800                        . = ALIGN (0x4)
                0x20000800                        __tbss_end = .
 *(SORT_BY_ALIGNMENT(SORT_BY_NAME(.bss*)))
 .bss.default_alarm_pool_entries
                0x20000800      0x180 CMakeFiles/Audio_Timer_Interrupt_DDS.dir/C_/Users/nanas/.pico-sdk/sdk/2.3.0/src/common/pico_time/time.c.obj
 .bss._sw_spin_locks
                0x20000980       0x20 CMakeFiles/Audio_Timer_Interrupt_DDS.dir/C_/Users/nanas/.pico-sdk/sdk/2.3.0/src/rp2_common/hardware_sync_spin_lock/sync_spin_lock.c.obj
                0x20000980                _sw_spin_locks
 .bss.chars_available_callback
                0x200009a0        0x4 CMakeFiles/Audio_Timer_Interrupt_DDS.dir/C_/Users/nanas/.pico-sdk/sdk/2.3.0/src/rp2_common/pico_stdio_uart/stdio_uart.c.obj
 .bss.chars_available_param
                0x200009a4        0x4 CMakeFiles/Audio_Timer_Interrupt_DDS.dir/C_/Users/nanas/.pico-sdk/sdk/2.3.0/src/rp2_common/pico_stdio_uart/stdio_uart.c.obj
 .bss.claimed   0x200009a8        0x2 CMakeFiles/Audio_Timer_Interrupt_DDS.dir/C_/Users/nanas/.pico-sdk/sdk/2.3.0/src/rp2_common/hardware_timer/timer.c.obj
 *fill*         0x200009aa        0x2 
 .bss.configured_freq
                0x200009ac       0x28 CMakeFiles/Audio_Timer_Interrupt_DDS.dir/C_/Users/nanas/.pico-sdk/sdk/2.3.0/src/rp2_common/hardware_clocks/clocks.c.obj
 .bss.drivers   0x200009d4        0x4 CMakeFiles/Audio_Timer_Interrupt_DDS.dir/C_/Users/nanas/.pico-sdk/sdk/2.3.0/src/rp2_common/pico_stdio/stdio.c.obj
 .bss.filter    0x200009d8        0x4 CMakeFiles/Audio_Timer_Interrupt_DDS.dir/C_/Users/nanas/.pico-sdk/sdk/2.3.0/src/rp2_common/pico_stdio/stdio.c.obj
 .bss.lazy_vsnprintf
                0x200009dc        0x4 CMakeFiles/Audio_Timer_Interrupt_DDS.dir/C_/Users/nanas/.pico-sdk/sdk/2.3.0/src/rp2_common/pico_printf/printf.c.obj
 .bss.phase_accum_main
                0x200009e0        0x4 CMakeFiles/Audio_Timer_Interrupt_DDS.dir/dactest.c.obj
                0x200009e0                phase_accum_main
 .bss.pools     0x200009e4       0x20 CMakeFiles/Audio_Timer_Interrupt_DDS.dir/C_/Users/nanas/.pico-sdk/sdk/2.3.0/src/common/pico_time/time.c.obj
 .bss.sin_table
                0x20000a04      0x400 CMakeFiles/Audio_Timer_Interrupt_DDS.dir/dactest.c.obj
                0x20000a04                sin_table
 .bss.sleep_notifier
                0x20000e04        0x4 CMakeFiles/Audio_Timer_Interrupt_DDS.dir/C_/Users/nanas/.pico-sdk/sdk/2.3.0/src/common/pico_time/time.c.obj
 .bss.uart_char_to_line_feed
                0x20000e08        0x4 CMakeFiles/Audio_Timer_Interrupt_DDS.dir/C_/Users/nanas/.pico-sdk/sdk/2.3.0/src/rp2_common/hardware_uart/uart.c.obj
                0x20000e08                uart_char_to_line_feed
 .bss.uart_instance
                0x20000e0c        0x4 CMakeFiles/Audio_Timer_Interrupt_DDS.dir/C_/Users/nanas/.pico-sdk/sdk/2.3.0/src/rp2_common/pico_stdio_uart/stdio_uart.c.obj
 .bss.DAC_data  0x20000e10        0x2 CMakeFiles/Audio_Timer_Interrupt_DDS.dir/dactest.c.obj
                0x20000e10                DAC_data
 .bss.irq_handler_chain_free_slot_head
                0x20000e12        0x1 CMakeFiles/Audio_Timer_Interrupt_DDS.dir/C_/Users/nanas/.pico-sdk/sdk/2.3.0/src/rp2_common/hardware_irq/irq.c.obj
 .bss.lock_internal_notify_count
                0x20000e13        0x1 CMakeFiles/Audio_Timer_Interrupt_DDS.dir/C_/Users/nanas/.pico-sdk/sdk/2.3.0/src/common/pico_sync/lock_core.c.obj
                0x20000e13                lock_internal_notify_count
 *(COMMON)
                [!provide]                        PROVIDE (__global_pointer$ = (. + 0x800))
 *(.sbss*)
                0x20000e14                        . = ALIGN (0x4)
                0x20000e14                        __bss_end__ = .
                [!provide]                        PROVIDE (__tls_start = SIZEOF (.tdata)?ADDR (.tdata):ADDR (.tbss))
                [!provide]                        PROVIDE (__tls_size = (__tls_end - __tls_start))
                0x00000001                        PROVIDE (__tls_align = MAX (ALIGNOF (.tdata), ALIGNOF (.tbss)))
                [!provide]                        PROVIDE (__tls_size_align = ALIGN (__tls_size, __tls_align))
                0x00000008                        PROVIDE (__arm32_tls_tcb_offset = MAX (0x8, __tls_align))
                0x00000000                        PROVIDE (__tdata_size = SIZEOF (.tdata))
                0x10002d64                        PROVIDE (__tdata_source = LOADADDR (.tdata))
                0x00000000                        PROVIDE (__tbss_size = SIZEOF (.tbss))
                [!provide]                        PROVIDE (__tbss_offset = (ADDR (.tbss) - __tls_start))

.tlsX_not_needed_marker
 *(.tlsX_not_needed_marker)
                [!provide]                        PROVIDE (__tlsX_align = (SIZEOF (.tlsX_not_needed_marker) > 0x0)?0x4:__tls_align)
                [!provide]                        PROVIDE (__tlsX_size_align = (SIZEOF (.tlsX_not_needed_marker) > 0x0)?0x0:__tls_size_align)
                0x20000800                        __tls_start = DEFINED (__tls_start)?__tls_start:SIZEOF (.tdata)?ADDR (.tdata):ADDR (.tbss)
                0x00000000                        __tls_size = DEFINED (__tls_size)?__tls_size:(__tls_end - __tls_start)
                0x00000001                        __tls_align = DEFINED (__tls_align)?__tls_align:MAX (ALIGNOF (.tdata), ALIGNOF (.tbss))
                0x00000000                        __tls_size_align = DEFINED (__tls_size_align)?__tls_size_align:ALIGN (__tls_size, __tls_align)
                0x00000008                        __arm32_tls_tcb_offset = DEFINED (__arm32_tls_tcb_offset)?__arm32_tls_tcb_offset:MAX (0x8, __tls_align)
                0x00000000                        __tdata_size = DEFINED (__tdata_size)?__tdata_size:SIZEOF (.tdata)
                0x10002d64                        __tdata_source = DEFINED (__tdata_source)?__tdata_source:LOADADDR (.tdata)
                0x00000000                        __tbss_size = DEFINED (__tbss_size)?__tbss_size:SIZEOF (.tbss)
                0x00000000                        __tbss_offset = DEFINED (__tbss_offset)?__tbss_offset:(ADDR (.tbss) - __tls_start)
                0x00000001                        __tlsX_align = DEFINED (__tlsX_align)?__tlsX_align:(SIZEOF (.tlsX_not_needed_marker) > 0x0)?0x4:__tls_align
                0x00000000                        __tlsX_size_align = DEFINED (__tlsX_size_align)?__tlsX_size_align:(SIZEOF (.tlsX_not_needed_marker) > 0x0)?0x0:__tls_size_align

.tls0           0x20000e14        0x0 load address 0x10002d64
                0x20000e14                        . = ALIGN (__tlsX_align)
                0x20000e14                        PROVIDE (__tls0_base = .)
                0x20000e14                        . = (. + __tlsX_size_align)

.tls1           0x20000e14        0x0 load address 0x10002d64
                0x20000e14                        . = ALIGN (__tlsX_align)
                0x20000e14                        PROVIDE (__tls1_base = .)
                0x20000e14                        . = (. + __tlsX_size_align)

.persistent_data
                0x20000e14        0x0 load address 0x10002d64
                0x20000e14                        __persistent_data_start__ = .
 *(.persistent_data*)
                0x20000e14                        . = ALIGN (0x4)
                [!provide]                        PROVIDE (__persistent_data_end__ = .)

.dummy_pre_heap
                0x20000e14        0x0 load address 0x10002d64
                0x20000e14                        . = .

.heap           0x20000e14      0x800
                0x20000e14                        __end__ = .
                0x20000e14                        end = __end__
 *(.heap*)
 .heap          0x20000e14      0x800 CMakeFiles/Audio_Timer_Interrupt_DDS.dir/C_/Users/nanas/.pico-sdk/sdk/2.3.0/src/rp2_common/pico_crt0/crt0.S.obj
                0x20080000                        __HeapLimit = DEFINED (HEAP_LIMIT)?HEAP_LIMIT:(ORIGIN (RAM) + LENGTH (RAM))

.scratch_x      0x20080000        0x0 load address 0x10002d64
                0x20080000                        __scratch_x_start__ = .
 *(.scratch_x.*)
                0x20080000                        . = ALIGN (0x4)
                0x20080000                        __scratch_x_end__ = .
                0x10002d64                        __scratch_x_source__ = LOADADDR (.scratch_x)

.scratch_y      0x20081000        0x0 load address 0x10002d64
                0x20081000                        __scratch_y_start__ = .
 *(.scratch_y.*)
                0x20081000                        . = ALIGN (0x4)
                0x20081000                        __scratch_y_end__ = .
                0x10002d64                        __scratch_y_source__ = LOADADDR (.scratch_y)

.stack1_dummy
 *(.stack1*)

.stack_dummy    0x20081000      0x800
 *(.stack*)
 .stack         0x20081000      0x800 CMakeFiles/Audio_Timer_Interrupt_DDS.dir/C_/Users/nanas/.pico-sdk/sdk/2.3.0/src/rp2_common/pico_crt0/crt0.S.obj

.flash_end      0x10002d64       0x14
 *(.embedded_end_block*)
 .embedded_end_block
                0x10002d64       0x14 CMakeFiles/Audio_Timer_Interrupt_DDS.dir/C_/Users/nanas/.pico-sdk/sdk/2.3.0/src/rp2_common/pico_crt0/crt0.S.obj
                0x10002d78                        PROVIDE (__flash_binary_end = .)
                0x20080000                        __StackLimit = (ORIGIN (RAM) + LENGTH (RAM))
                0x20081000                        __StackOneTop = (ORIGIN (SCRATCH_X) + LENGTH (SCRATCH_X))
                0x20082000                        __StackTop = (ORIGIN (SCRATCH_Y) + LENGTH (SCRATCH_Y))
                0x20081000                        __StackOneBottom = (__StackOneTop - SIZEOF (.stack1_dummy))
                0x20081800                        __StackBottom = (__StackTop - SIZEOF (.stack_dummy))
                [!provide]                        PROVIDE (__stack = __StackTop)
                [!provide]                        PROVIDE (__heap_start = __end__)
                [!provide]                        PROVIDE (__heap_end = __HeapLimit)
                0x00000001                        PROVIDE (__tls_align = MAX (ALIGNOF (.tdata), ALIGNOF (.tbss)))
                [!provide]                        PROVIDE (__tls_size_align = (((__tls_size + __tls_align) - 0x1) & ~ ((__tls_align - 0x1))))
                0x00000008                        PROVIDE (__arm32_tls_tcb_offset = MAX (0x8, __tls_align))
                [!provide]                        PROVIDE (_end = __end__)
                [!provide]                        PROVIDE (__llvm_libc_heap_limit = __HeapLimit)
                0x00000001                        ASSERT ((__StackLimit >= __HeapLimit), region RAM overflowed)
                0x00000001                        ASSERT (((__binary_info_header_end - __logical_binary_start) <= 0x400), Binary info must be in first 1024 bytes of the binary)
                0x00000001                        ASSERT (((__embedded_block_end - __logical_binary_start) <= 0x1000), Embedded block must be in first 4096 bytes of the binary)
OUTPUT(Audio_Timer_Interrupt_DDS.elf elf32-littlearm)
LOAD linker stubs

.rel.dyn        0x10002d78        0x0
 .rel.iplt      0x10002d78        0x0 CMakeFiles/Audio_Timer_Interrupt_DDS.dir/dactest.c.obj

.debug_info     0x00000000    0x2313d
 .debug_info    0x00000000      0xf13 CMakeFiles/Audio_Timer_Interrupt_DDS.dir/dactest.c.obj
 .debug_info    0x00000f13     0x2363 CMakeFiles/Audio_Timer_Interrupt_DDS.dir/C_/Users/nanas/.pico-sdk/sdk/2.3.0/src/rp2_common/hardware_gpio/gpio.c.obj
 .debug_info    0x00003276      0x1c4 CMakeFiles/Audio_Timer_Interrupt_DDS.dir/C_/Users/nanas/.pico-sdk/sdk/2.3.0/src/rp2_common/pico_platform_panic/panic.c.obj
 .debug_info    0x0000343a      0xb40 CMakeFiles/Audio_Timer_Interrupt_DDS.dir/C_/Users/nanas/.pico-sdk/sdk/2.3.0/src/common/hardware_claim/claim.c.obj
 .debug_info    0x00003f7a      0x474 CMakeFiles/Audio_Timer_Interrupt_DDS.dir/C_/Users/nanas/.pico-sdk/sdk/2.3.0/src/rp2_common/hardware_sync/sync.c.obj
 .debug_info    0x000043ee     0x1381 CMakeFiles/Audio_Timer_Interrupt_DDS.dir/C_/Users/nanas/.pico-sdk/sdk/2.3.0/src/rp2_common/hardware_sync_spin_lock/sync_spin_lock.c.obj
 .debug_info    0x0000576f     0x2661 CMakeFiles/Audio_Timer_Interrupt_DDS.dir/C_/Users/nanas/.pico-sdk/sdk/2.3.0/src/rp2_common/hardware_irq/irq.c.obj
 .debug_info    0x00007dd0      0x2f7 CMakeFiles/Audio_Timer_Interrupt_DDS.dir/C_/Users/nanas/.pico-sdk/sdk/2.3.0/src/common/pico_sync/lock_core.c.obj
 .debug_info    0x000080c7     0x1d27 CMakeFiles/Audio_Timer_Interrupt_DDS.dir/C_/Users/nanas/.pico-sdk/sdk/2.3.0/src/common/pico_sync/mutex.c.obj
 .debug_info    0x00009dee     0x5399 CMakeFiles/Audio_Timer_Interrupt_DDS.dir/C_/Users/nanas/.pico-sdk/sdk/2.3.0/src/common/pico_time/time.c.obj
 .debug_info    0x0000f187     0x2fd1 CMakeFiles/Audio_Timer_Interrupt_DDS.dir/C_/Users/nanas/.pico-sdk/sdk/2.3.0/src/rp2_common/hardware_timer/timer.c.obj
 .debug_info    0x00012158     0x1b63 CMakeFiles/Audio_Timer_Interrupt_DDS.dir/C_/Users/nanas/.pico-sdk/sdk/2.3.0/src/rp2_common/hardware_uart/uart.c.obj
 .debug_info    0x00013cbb     0x2dfa CMakeFiles/Audio_Timer_Interrupt_DDS.dir/C_/Users/nanas/.pico-sdk/sdk/2.3.0/src/rp2_common/hardware_clocks/clocks.c.obj
 .debug_info    0x00016ab5      0x51c CMakeFiles/Audio_Timer_Interrupt_DDS.dir/C_/Users/nanas/.pico-sdk/sdk/2.3.0/src/rp2_common/hardware_pll/pll.c.obj
 .debug_info    0x00016fd1      0x271 CMakeFiles/Audio_Timer_Interrupt_DDS.dir/C_/Users/nanas/.pico-sdk/sdk/2.3.0/src/rp2_common/hardware_ticks/ticks.c.obj
 .debug_info    0x00017242     0x10fb CMakeFiles/Audio_Timer_Interrupt_DDS.dir/C_/Users/nanas/.pico-sdk/sdk/2.3.0/src/rp2_common/pico_bootrom/bootrom.c.obj
 .debug_info    0x0001833d      0x1c9 CMakeFiles/Audio_Timer_Interrupt_DDS.dir/C_/Users/nanas/.pico-sdk/sdk/2.3.0/src/rp2_common/pico_bootrom/bootrom_lock.c.obj
 .debug_info    0x00018506      0x31b CMakeFiles/Audio_Timer_Interrupt_DDS.dir/C_/Users/nanas/.pico-sdk/sdk/2.3.0/src/rp2_common/hardware_boot_lock/boot_lock.c.obj
 .debug_info    0x00018821      0x1b6 CMakeFiles/Audio_Timer_Interrupt_DDS.dir/C_/Users/nanas/.pico-sdk/sdk/2.3.0/src/rp2_common/hardware_xosc/xosc.c.obj
 .debug_info    0x000189d7      0x213 CMakeFiles/Audio_Timer_Interrupt_DDS.dir/C_/Users/nanas/.pico-sdk/sdk/2.3.0/src/rp2_common/pico_runtime/runtime.c.obj
 .debug_info    0x00018bea     0x1b66 CMakeFiles/Audio_Timer_Interrupt_DDS.dir/C_/Users/nanas/.pico-sdk/sdk/2.3.0/src/rp2_common/pico_runtime_init/runtime_init.c.obj
 .debug_info    0x0001a750      0x7cc CMakeFiles/Audio_Timer_Interrupt_DDS.dir/C_/Users/nanas/.pico-sdk/sdk/2.3.0/src/rp2_common/pico_runtime_init/runtime_init_clocks.c.obj
 .debug_info    0x0001af1c       0x23 CMakeFiles/Audio_Timer_Interrupt_DDS.dir/C_/Users/nanas/.pico-sdk/sdk/2.3.0/src/rp2_common/pico_double/double_aeabi_dcp.S.obj
 .debug_info    0x0001af3f       0x23 CMakeFiles/Audio_Timer_Interrupt_DDS.dir/C_/Users/nanas/.pico-sdk/sdk/2.3.0/src/rp2_common/pico_double/double_sci_m33.S.obj
 .debug_info    0x0001af62      0x2b1 CMakeFiles/Audio_Timer_Interrupt_DDS.dir/C_/Users/nanas/.pico-sdk/sdk/2.3.0/src/rp2_common/pico_standard_binary_info/standard_binary_info.c.obj
 .debug_info    0x0001b213     0x22ce CMakeFiles/Audio_Timer_Interrupt_DDS.dir/C_/Users/nanas/.pico-sdk/sdk/2.3.0/src/rp2_common/pico_printf/printf.c.obj
 .debug_info    0x0001d4e1       0x23 CMakeFiles/Audio_Timer_Interrupt_DDS.dir/C_/Users/nanas/.pico-sdk/sdk/2.3.0/src/rp2_common/pico_crt0/crt0.S.obj
 .debug_info    0x0001d504      0xc17 CMakeFiles/Audio_Timer_Interrupt_DDS.dir/C_/Users/nanas/.pico-sdk/sdk/2.3.0/src/rp2_common/pico_clib_interface/newlib_interface.c.obj
 .debug_info    0x0001e11b     0x1e45 CMakeFiles/Audio_Timer_Interrupt_DDS.dir/C_/Users/nanas/.pico-sdk/sdk/2.3.0/src/rp2_common/pico_stdio/stdio.c.obj
 .debug_info    0x0001ff60     0x19b0 CMakeFiles/Audio_Timer_Interrupt_DDS.dir/C_/Users/nanas/.pico-sdk/sdk/2.3.0/src/rp2_common/pico_stdio_uart/stdio_uart.c.obj
 .debug_info    0x00021910      0x601 CMakeFiles/Audio_Timer_Interrupt_DDS.dir/C_/Users/nanas/.pico-sdk/sdk/2.3.0/src/rp2_common/pico_bootsel_via_double_reset/pico_bootsel_via_double_reset.c.obj
 .debug_info    0x00021f11     0x122c CMakeFiles/Audio_Timer_Interrupt_DDS.dir/C_/Users/nanas/.pico-sdk/sdk/2.3.0/src/rp2_common/hardware_spi/spi.c.obj

.debug_abbrev   0x00000000     0x5ef2
 .debug_abbrev  0x00000000      0x32d CMakeFiles/Audio_Timer_Interrupt_DDS.dir/dactest.c.obj
 .debug_abbrev  0x0000032d      0x52c CMakeFiles/Audio_Timer_Interrupt_DDS.dir/C_/Users/nanas/.pico-sdk/sdk/2.3.0/src/rp2_common/hardware_gpio/gpio.c.obj
 .debug_abbrev  0x00000859      0x131 CMakeFiles/Audio_Timer_Interrupt_DDS.dir/C_/Users/nanas/.pico-sdk/sdk/2.3.0/src/rp2_common/pico_platform_panic/panic.c.obj
 .debug_abbrev  0x0000098a      0x35f CMakeFiles/Audio_Timer_Interrupt_DDS.dir/C_/Users/nanas/.pico-sdk/sdk/2.3.0/src/common/hardware_claim/claim.c.obj
 .debug_abbrev  0x00000ce9      0x238 CMakeFiles/Audio_Timer_Interrupt_DDS.dir/C_/Users/nanas/.pico-sdk/sdk/2.3.0/src/rp2_common/hardware_sync/sync.c.obj
 .debug_abbrev  0x00000f21      0x27a CMakeFiles/Audio_Timer_Interrupt_DDS.dir/C_/Users/nanas/.pico-sdk/sdk/2.3.0/src/rp2_common/hardware_sync_spin_lock/sync_spin_lock.c.obj
 .debug_abbrev  0x0000119b      0x659 CMakeFiles/Audio_Timer_Interrupt_DDS.dir/C_/Users/nanas/.pico-sdk/sdk/2.3.0/src/rp2_common/hardware_irq/irq.c.obj
 .debug_abbrev  0x000017f4      0x15e CMakeFiles/Audio_Timer_Interrupt_DDS.dir/C_/Users/nanas/.pico-sdk/sdk/2.3.0/src/common/pico_sync/lock_core.c.obj
 .debug_abbrev  0x00001952      0x4a6 CMakeFiles/Audio_Timer_Interrupt_DDS.dir/C_/Users/nanas/.pico-sdk/sdk/2.3.0/src/common/pico_sync/mutex.c.obj
 .debug_abbrev  0x00001df8      0x680 CMakeFiles/Audio_Timer_Interrupt_DDS.dir/C_/Users/nanas/.pico-sdk/sdk/2.3.0/src/common/pico_time/time.c.obj
 .debug_abbrev  0x00002478      0x50d CMakeFiles/Audio_Timer_Interrupt_DDS.dir/C_/Users/nanas/.pico-sdk/sdk/2.3.0/src/rp2_common/hardware_timer/timer.c.obj
 .debug_abbrev  0x00002985      0x363 CMakeFiles/Audio_Timer_Interrupt_DDS.dir/C_/Users/nanas/.pico-sdk/sdk/2.3.0/src/rp2_common/hardware_uart/uart.c.obj
 .debug_abbrev  0x00002ce8      0x58f CMakeFiles/Audio_Timer_Interrupt_DDS.dir/C_/Users/nanas/.pico-sdk/sdk/2.3.0/src/rp2_common/hardware_clocks/clocks.c.obj
 .debug_abbrev  0x00003277      0x19d CMakeFiles/Audio_Timer_Interrupt_DDS.dir/C_/Users/nanas/.pico-sdk/sdk/2.3.0/src/rp2_common/hardware_pll/pll.c.obj
 .debug_abbrev  0x00003414      0x14c CMakeFiles/Audio_Timer_Interrupt_DDS.dir/C_/Users/nanas/.pico-sdk/sdk/2.3.0/src/rp2_common/hardware_ticks/ticks.c.obj
 .debug_abbrev  0x00003560      0x482 CMakeFiles/Audio_Timer_Interrupt_DDS.dir/C_/Users/nanas/.pico-sdk/sdk/2.3.0/src/rp2_common/pico_bootrom/bootrom.c.obj
 .debug_abbrev  0x000039e2      0x101 CMakeFiles/Audio_Timer_Interrupt_DDS.dir/C_/Users/nanas/.pico-sdk/sdk/2.3.0/src/rp2_common/pico_bootrom/bootrom_lock.c.obj
 .debug_abbrev  0x00003ae3      0x1e4 CMakeFiles/Audio_Timer_Interrupt_DDS.dir/C_/Users/nanas/.pico-sdk/sdk/2.3.0/src/rp2_common/hardware_boot_lock/boot_lock.c.obj
 .debug_abbrev  0x00003cc7      0x10f CMakeFiles/Audio_Timer_Interrupt_DDS.dir/C_/Users/nanas/.pico-sdk/sdk/2.3.0/src/rp2_common/hardware_xosc/xosc.c.obj
 .debug_abbrev  0x00003dd6      0x184 CMakeFiles/Audio_Timer_Interrupt_DDS.dir/C_/Users/nanas/.pico-sdk/sdk/2.3.0/src/rp2_common/pico_runtime/runtime.c.obj
 .debug_abbrev  0x00003f5a      0x329 CMakeFiles/Audio_Timer_Interrupt_DDS.dir/C_/Users/nanas/.pico-sdk/sdk/2.3.0/src/rp2_common/pico_runtime_init/runtime_init.c.obj
 .debug_abbrev  0x00004283      0x2bf CMakeFiles/Audio_Timer_Interrupt_DDS.dir/C_/Users/nanas/.pico-sdk/sdk/2.3.0/src/rp2_common/pico_runtime_init/runtime_init_clocks.c.obj
 .debug_abbrev  0x00004542       0x12 CMakeFiles/Audio_Timer_Interrupt_DDS.dir/C_/Users/nanas/.pico-sdk/sdk/2.3.0/src/rp2_common/pico_double/double_aeabi_dcp.S.obj
 .debug_abbrev  0x00004554       0x12 CMakeFiles/Audio_Timer_Interrupt_DDS.dir/C_/Users/nanas/.pico-sdk/sdk/2.3.0/src/rp2_common/pico_double/double_sci_m33.S.obj
 .debug_abbrev  0x00004566       0xbe CMakeFiles/Audio_Timer_Interrupt_DDS.dir/C_/Users/nanas/.pico-sdk/sdk/2.3.0/src/rp2_common/pico_standard_binary_info/standard_binary_info.c.obj
 .debug_abbrev  0x00004624      0x510 CMakeFiles/Audio_Timer_Interrupt_DDS.dir/C_/Users/nanas/.pico-sdk/sdk/2.3.0/src/rp2_common/pico_printf/printf.c.obj
 .debug_abbrev  0x00004b34       0x12 CMakeFiles/Audio_Timer_Interrupt_DDS.dir/C_/Users/nanas/.pico-sdk/sdk/2.3.0/src/rp2_common/pico_crt0/crt0.S.obj
 .debug_abbrev  0x00004b46      0x37a CMakeFiles/Audio_Timer_Interrupt_DDS.dir/C_/Users/nanas/.pico-sdk/sdk/2.3.0/src/rp2_common/pico_clib_interface/newlib_interface.c.obj
 .debug_abbrev  0x00004ec0      0x5fc CMakeFiles/Audio_Timer_Interrupt_DDS.dir/C_/Users/nanas/.pico-sdk/sdk/2.3.0/src/rp2_common/pico_stdio/stdio.c.obj
 .debug_abbrev  0x000054bc      0x492 CMakeFiles/Audio_Timer_Interrupt_DDS.dir/C_/Users/nanas/.pico-sdk/sdk/2.3.0/src/rp2_common/pico_stdio_uart/stdio_uart.c.obj
 .debug_abbrev  0x0000594e      0x243 CMakeFiles/Audio_Timer_Interrupt_DDS.dir/C_/Users/nanas/.pico-sdk/sdk/2.3.0/src/rp2_common/pico_bootsel_via_double_reset/pico_bootsel_via_double_reset.c.obj
 .debug_abbrev  0x00005b91      0x361 CMakeFiles/Audio_Timer_Interrupt_DDS.dir/C_/Users/nanas/.pico-sdk/sdk/2.3.0/src/rp2_common/hardware_spi/spi.c.obj

.debug_loclists
                0x00000000    0x10d01
 .debug_loclists
                0x00000000      0x1d0 CMakeFiles/Audio_Timer_Interrupt_DDS.dir/dactest.c.obj
 .debug_loclists
                0x000001d0     0x1932 CMakeFiles/Audio_Timer_Interrupt_DDS.dir/C_/Users/nanas/.pico-sdk/sdk/2.3.0/src/rp2_common/hardware_gpio/gpio.c.obj
 .debug_loclists
                0x00001b02      0x3ec CMakeFiles/Audio_Timer_Interrupt_DDS.dir/C_/Users/nanas/.pico-sdk/sdk/2.3.0/src/common/hardware_claim/claim.c.obj
 .debug_loclists
                0x00001eee      0x12b CMakeFiles/Audio_Timer_Interrupt_DDS.dir/C_/Users/nanas/.pico-sdk/sdk/2.3.0/src/rp2_common/hardware_sync/sync.c.obj
 .debug_loclists
                0x00002019       0xa2 CMakeFiles/Audio_Timer_Interrupt_DDS.dir/C_/Users/nanas/.pico-sdk/sdk/2.3.0/src/rp2_common/hardware_sync_spin_lock/sync_spin_lock.c.obj
 .debug_loclists
                0x000020bb      0xf20 CMakeFiles/Audio_Timer_Interrupt_DDS.dir/C_/Users/nanas/.pico-sdk/sdk/2.3.0/src/rp2_common/hardware_irq/irq.c.obj
 .debug_loclists
                0x00002fdb       0x17 CMakeFiles/Audio_Timer_Interrupt_DDS.dir/C_/Users/nanas/.pico-sdk/sdk/2.3.0/src/common/pico_sync/lock_core.c.obj
 .debug_loclists
                0x00002ff2      0x926 CMakeFiles/Audio_Timer_Interrupt_DDS.dir/C_/Users/nanas/.pico-sdk/sdk/2.3.0/src/common/pico_sync/mutex.c.obj
 .debug_loclists
                0x00003918     0x2c6f CMakeFiles/Audio_Timer_Interrupt_DDS.dir/C_/Users/nanas/.pico-sdk/sdk/2.3.0/src/common/pico_time/time.c.obj
 .debug_loclists
                0x00006587     0x1891 CMakeFiles/Audio_Timer_Interrupt_DDS.dir/C_/Users/nanas/.pico-sdk/sdk/2.3.0/src/rp2_common/hardware_timer/timer.c.obj
 .debug_loclists
                0x00007e18      0xd50 CMakeFiles/Audio_Timer_Interrupt_DDS.dir/C_/Users/nanas/.pico-sdk/sdk/2.3.0/src/rp2_common/hardware_uart/uart.c.obj
 .debug_loclists
                0x00008b68     0x201a CMakeFiles/Audio_Timer_Interrupt_DDS.dir/C_/Users/nanas/.pico-sdk/sdk/2.3.0/src/rp2_common/hardware_clocks/clocks.c.obj
 .debug_loclists
                0x0000ab82      0x19f CMakeFiles/Audio_Timer_Interrupt_DDS.dir/C_/Users/nanas/.pico-sdk/sdk/2.3.0/src/rp2_common/hardware_pll/pll.c.obj
 .debug_loclists
                0x0000ad21       0x8b CMakeFiles/Audio_Timer_Interrupt_DDS.dir/C_/Users/nanas/.pico-sdk/sdk/2.3.0/src/rp2_common/hardware_ticks/ticks.c.obj
 .debug_loclists
                0x0000adac      0x88c CMakeFiles/Audio_Timer_Interrupt_DDS.dir/C_/Users/nanas/.pico-sdk/sdk/2.3.0/src/rp2_common/pico_bootrom/bootrom.c.obj
 .debug_loclists
                0x0000b638       0x28 CMakeFiles/Audio_Timer_Interrupt_DDS.dir/C_/Users/nanas/.pico-sdk/sdk/2.3.0/src/rp2_common/pico_bootrom/bootrom_lock.c.obj
 .debug_loclists
                0x0000b660       0x85 CMakeFiles/Audio_Timer_Interrupt_DDS.dir/C_/Users/nanas/.pico-sdk/sdk/2.3.0/src/rp2_common/hardware_boot_lock/boot_lock.c.obj
 .debug_loclists
                0x0000b6e5       0x48 CMakeFiles/Audio_Timer_Interrupt_DDS.dir/C_/Users/nanas/.pico-sdk/sdk/2.3.0/src/rp2_common/hardware_xosc/xosc.c.obj
 .debug_loclists
                0x0000b72d       0x7e CMakeFiles/Audio_Timer_Interrupt_DDS.dir/C_/Users/nanas/.pico-sdk/sdk/2.3.0/src/rp2_common/pico_runtime/runtime.c.obj
 .debug_loclists
                0x0000b7ab      0x11f CMakeFiles/Audio_Timer_Interrupt_DDS.dir/C_/Users/nanas/.pico-sdk/sdk/2.3.0/src/rp2_common/pico_runtime_init/runtime_init.c.obj
 .debug_loclists
                0x0000b8ca       0x74 CMakeFiles/Audio_Timer_Interrupt_DDS.dir/C_/Users/nanas/.pico-sdk/sdk/2.3.0/src/rp2_common/pico_runtime_init/runtime_init_clocks.c.obj
 .debug_loclists
                0x0000b93e     0x3073 CMakeFiles/Audio_Timer_Interrupt_DDS.dir/C_/Users/nanas/.pico-sdk/sdk/2.3.0/src/rp2_common/pico_printf/printf.c.obj
 .debug_loclists
                0x0000e9b1      0x3cf CMakeFiles/Audio_Timer_Interrupt_DDS.dir/C_/Users/nanas/.pico-sdk/sdk/2.3.0/src/rp2_common/pico_clib_interface/newlib_interface.c.obj
 .debug_loclists
                0x0000ed80      0xc76 CMakeFiles/Audio_Timer_Interrupt_DDS.dir/C_/Users/nanas/.pico-sdk/sdk/2.3.0/src/rp2_common/pico_stdio/stdio.c.obj
 .debug_loclists
                0x0000f9f6      0x830 CMakeFiles/Audio_Timer_Interrupt_DDS.dir/C_/Users/nanas/.pico-sdk/sdk/2.3.0/src/rp2_common/pico_stdio_uart/stdio_uart.c.obj
 .debug_loclists
                0x00010226       0x6c CMakeFiles/Audio_Timer_Interrupt_DDS.dir/C_/Users/nanas/.pico-sdk/sdk/2.3.0/src/rp2_common/pico_bootsel_via_double_reset/pico_bootsel_via_double_reset.c.obj
 .debug_loclists
                0x00010292      0xa6f CMakeFiles/Audio_Timer_Interrupt_DDS.dir/C_/Users/nanas/.pico-sdk/sdk/2.3.0/src/rp2_common/hardware_spi/spi.c.obj

.debug_aranges  0x00000000      0xd00
 .debug_aranges
                0x00000000       0x28 CMakeFiles/Audio_Timer_Interrupt_DDS.dir/dactest.c.obj
 .debug_aranges
                0x00000028      0x110 CMakeFiles/Audio_Timer_Interrupt_DDS.dir/C_/Users/nanas/.pico-sdk/sdk/2.3.0/src/rp2_common/hardware_gpio/gpio.c.obj
 .debug_aranges
                0x00000138       0x28 CMakeFiles/Audio_Timer_Interrupt_DDS.dir/C_/Users/nanas/.pico-sdk/sdk/2.3.0/src/rp2_common/pico_platform_panic/panic.c.obj
 .debug_aranges
                0x00000160       0x48 CMakeFiles/Audio_Timer_Interrupt_DDS.dir/C_/Users/nanas/.pico-sdk/sdk/2.3.0/src/common/hardware_claim/claim.c.obj
 .debug_aranges
                0x000001a8       0x48 CMakeFiles/Audio_Timer_Interrupt_DDS.dir/C_/Users/nanas/.pico-sdk/sdk/2.3.0/src/rp2_common/hardware_sync/sync.c.obj
 .debug_aranges
                0x000001f0       0x30 CMakeFiles/Audio_Timer_Interrupt_DDS.dir/C_/Users/nanas/.pico-sdk/sdk/2.3.0/src/rp2_common/hardware_sync_spin_lock/sync_spin_lock.c.obj
 .debug_aranges
                0x00000220       0xc8 CMakeFiles/Audio_Timer_Interrupt_DDS.dir/C_/Users/nanas/.pico-sdk/sdk/2.3.0/src/rp2_common/hardware_irq/irq.c.obj
 .debug_aranges
                0x000002e8       0x20 CMakeFiles/Audio_Timer_Interrupt_DDS.dir/C_/Users/nanas/.pico-sdk/sdk/2.3.0/src/common/pico_sync/lock_core.c.obj
 .debug_aranges
                0x00000308       0x98 CMakeFiles/Audio_Timer_Interrupt_DDS.dir/C_/Users/nanas/.pico-sdk/sdk/2.3.0/src/common/pico_sync/mutex.c.obj
 .debug_aranges
                0x000003a0       0xe0 CMakeFiles/Audio_Timer_Interrupt_DDS.dir/C_/Users/nanas/.pico-sdk/sdk/2.3.0/src/common/pico_time/time.c.obj
 .debug_aranges
                0x00000480       0xf0 CMakeFiles/Audio_Timer_Interrupt_DDS.dir/C_/Users/nanas/.pico-sdk/sdk/2.3.0/src/rp2_common/hardware_timer/timer.c.obj
 .debug_aranges
                0x00000570       0x58 CMakeFiles/Audio_Timer_Interrupt_DDS.dir/C_/Users/nanas/.pico-sdk/sdk/2.3.0/src/rp2_common/hardware_uart/uart.c.obj
 .debug_aranges
                0x000005c8       0xb0 CMakeFiles/Audio_Timer_Interrupt_DDS.dir/C_/Users/nanas/.pico-sdk/sdk/2.3.0/src/rp2_common/hardware_clocks/clocks.c.obj
 .debug_aranges
                0x00000678       0x28 CMakeFiles/Audio_Timer_Interrupt_DDS.dir/C_/Users/nanas/.pico-sdk/sdk/2.3.0/src/rp2_common/hardware_pll/pll.c.obj
 .debug_aranges
                0x000006a0       0x30 CMakeFiles/Audio_Timer_Interrupt_DDS.dir/C_/Users/nanas/.pico-sdk/sdk/2.3.0/src/rp2_common/hardware_ticks/ticks.c.obj
 .debug_aranges
                0x000006d0       0x60 CMakeFiles/Audio_Timer_Interrupt_DDS.dir/C_/Users/nanas/.pico-sdk/sdk/2.3.0/src/rp2_common/pico_bootrom/bootrom.c.obj
 .debug_aranges
                0x00000730       0x20 CMakeFiles/Audio_Timer_Interrupt_DDS.dir/C_/Users/nanas/.pico-sdk/sdk/2.3.0/src/rp2_common/pico_bootrom/bootrom_lock.c.obj
 .debug_aranges
                0x00000750       0x30 CMakeFiles/Audio_Timer_Interrupt_DDS.dir/C_/Users/nanas/.pico-sdk/sdk/2.3.0/src/rp2_common/hardware_boot_lock/boot_lock.c.obj
 .debug_aranges
                0x00000780       0x30 CMakeFiles/Audio_Timer_Interrupt_DDS.dir/C_/Users/nanas/.pico-sdk/sdk/2.3.0/src/rp2_common/hardware_xosc/xosc.c.obj
 .debug_aranges
                0x000007b0       0x38 CMakeFiles/Audio_Timer_Interrupt_DDS.dir/C_/Users/nanas/.pico-sdk/sdk/2.3.0/src/rp2_common/pico_runtime/runtime.c.obj
 .debug_aranges
                0x000007e8       0x58 CMakeFiles/Audio_Timer_Interrupt_DDS.dir/C_/Users/nanas/.pico-sdk/sdk/2.3.0/src/rp2_common/pico_runtime_init/runtime_init.c.obj
 .debug_aranges
                0x00000840       0x20 CMakeFiles/Audio_Timer_Interrupt_DDS.dir/C_/Users/nanas/.pico-sdk/sdk/2.3.0/src/rp2_common/pico_runtime_init/runtime_init_clocks.c.obj
 .debug_aranges
                0x00000860       0xf8 CMakeFiles/Audio_Timer_Interrupt_DDS.dir/C_/Users/nanas/.pico-sdk/sdk/2.3.0/src/rp2_common/pico_double/double_aeabi_dcp.S.obj
 .debug_aranges
                0x00000958       0x58 CMakeFiles/Audio_Timer_Interrupt_DDS.dir/C_/Users/nanas/.pico-sdk/sdk/2.3.0/src/rp2_common/pico_double/double_sci_m33.S.obj
 .debug_aranges
                0x000009b0       0x18 CMakeFiles/Audio_Timer_Interrupt_DDS.dir/C_/Users/nanas/.pico-sdk/sdk/2.3.0/src/rp2_common/pico_standard_binary_info/standard_binary_info.c.obj
 .debug_aranges
                0x000009c8       0x90 CMakeFiles/Audio_Timer_Interrupt_DDS.dir/C_/Users/nanas/.pico-sdk/sdk/2.3.0/src/rp2_common/pico_printf/printf.c.obj
 .debug_aranges
                0x00000a58       0x28 CMakeFiles/Audio_Timer_Interrupt_DDS.dir/C_/Users/nanas/.pico-sdk/sdk/2.3.0/src/rp2_common/pico_crt0/crt0.S.obj
 .debug_aranges
                0x00000a80       0xb0 CMakeFiles/Audio_Timer_Interrupt_DDS.dir/C_/Users/nanas/.pico-sdk/sdk/2.3.0/src/rp2_common/pico_clib_interface/newlib_interface.c.obj
 .debug_aranges
                0x00000b30       0xc8 CMakeFiles/Audio_Timer_Interrupt_DDS.dir/C_/Users/nanas/.pico-sdk/sdk/2.3.0/src/rp2_common/pico_stdio/stdio.c.obj
 .debug_aranges
                0x00000bf8       0x80 CMakeFiles/Audio_Timer_Interrupt_DDS.dir/C_/Users/nanas/.pico-sdk/sdk/2.3.0/src/rp2_common/pico_stdio_uart/stdio_uart.c.obj
 .debug_aranges
                0x00000c78       0x20 CMakeFiles/Audio_Timer_Interrupt_DDS.dir/C_/Users/nanas/.pico-sdk/sdk/2.3.0/src/rp2_common/pico_bootsel_via_double_reset/pico_bootsel_via_double_reset.c.obj
 .debug_aranges
                0x00000c98       0x68 CMakeFiles/Audio_Timer_Interrupt_DDS.dir/C_/Users/nanas/.pico-sdk/sdk/2.3.0/src/rp2_common/hardware_spi/spi.c.obj

.debug_rnglists
                0x00000000     0x3486
 .debug_rnglists
                0x00000000       0x89 CMakeFiles/Audio_Timer_Interrupt_DDS.dir/dactest.c.obj
 .debug_rnglists
                0x00000089      0x5c4 CMakeFiles/Audio_Timer_Interrupt_DDS.dir/C_/Users/nanas/.pico-sdk/sdk/2.3.0/src/rp2_common/hardware_gpio/gpio.c.obj
 .debug_rnglists
                0x0000064d       0x19 CMakeFiles/Audio_Timer_Interrupt_DDS.dir/C_/Users/nanas/.pico-sdk/sdk/2.3.0/src/rp2_common/pico_platform_panic/panic.c.obj
 .debug_rnglists
                0x00000666       0xe6 CMakeFiles/Audio_Timer_Interrupt_DDS.dir/C_/Users/nanas/.pico-sdk/sdk/2.3.0/src/common/hardware_claim/claim.c.obj
 .debug_rnglists
                0x0000074c       0x58 CMakeFiles/Audio_Timer_Interrupt_DDS.dir/C_/Users/nanas/.pico-sdk/sdk/2.3.0/src/rp2_common/hardware_sync/sync.c.obj
 .debug_rnglists
                0x000007a4       0x43 CMakeFiles/Audio_Timer_Interrupt_DDS.dir/C_/Users/nanas/.pico-sdk/sdk/2.3.0/src/rp2_common/hardware_sync_spin_lock/sync_spin_lock.c.obj
 .debug_rnglists
                0x000007e7      0x352 CMakeFiles/Audio_Timer_Interrupt_DDS.dir/C_/Users/nanas/.pico-sdk/sdk/2.3.0/src/rp2_common/hardware_irq/irq.c.obj
 .debug_rnglists
                0x00000b39       0x13 CMakeFiles/Audio_Timer_Interrupt_DDS.dir/C_/Users/nanas/.pico-sdk/sdk/2.3.0/src/common/pico_sync/lock_core.c.obj
 .debug_rnglists
                0x00000b4c      0x335 CMakeFiles/Audio_Timer_Interrupt_DDS.dir/C_/Users/nanas/.pico-sdk/sdk/2.3.0/src/common/pico_sync/mutex.c.obj
 .debug_rnglists
                0x00000e81      0x978 CMakeFiles/Audio_Timer_Interrupt_DDS.dir/C_/Users/nanas/.pico-sdk/sdk/2.3.0/src/common/pico_time/time.c.obj
 .debug_rnglists
                0x000017f9      0x413 CMakeFiles/Audio_Timer_Interrupt_DDS.dir/C_/Users/nanas/.pico-sdk/sdk/2.3.0/src/rp2_common/hardware_timer/timer.c.obj
 .debug_rnglists
                0x00001c0c      0x23a CMakeFiles/Audio_Timer_Interrupt_DDS.dir/C_/Users/nanas/.pico-sdk/sdk/2.3.0/src/rp2_common/hardware_uart/uart.c.obj
 .debug_rnglists
                0x00001e46      0x64f CMakeFiles/Audio_Timer_Interrupt_DDS.dir/C_/Users/nanas/.pico-sdk/sdk/2.3.0/src/rp2_common/hardware_clocks/clocks.c.obj
 .debug_rnglists
                0x00002495       0x59 CMakeFiles/Audio_Timer_Interrupt_DDS.dir/C_/Users/nanas/.pico-sdk/sdk/2.3.0/src/rp2_common/hardware_pll/pll.c.obj
 .debug_rnglists
                0x000024ee       0x2b CMakeFiles/Audio_Timer_Interrupt_DDS.dir/C_/Users/nanas/.pico-sdk/sdk/2.3.0/src/rp2_common/hardware_ticks/ticks.c.obj
 .debug_rnglists
                0x00002519      0x15d CMakeFiles/Audio_Timer_Interrupt_DDS.dir/C_/Users/nanas/.pico-sdk/sdk/2.3.0/src/rp2_common/pico_bootrom/bootrom.c.obj
 .debug_rnglists
                0x00002676       0x13 CMakeFiles/Audio_Timer_Interrupt_DDS.dir/C_/Users/nanas/.pico-sdk/sdk/2.3.0/src/rp2_common/pico_bootrom/bootrom_lock.c.obj
 .debug_rnglists
                0x00002689       0x4f CMakeFiles/Audio_Timer_Interrupt_DDS.dir/C_/Users/nanas/.pico-sdk/sdk/2.3.0/src/rp2_common/hardware_boot_lock/boot_lock.c.obj
 .debug_rnglists
                0x000026d8       0x2b CMakeFiles/Audio_Timer_Interrupt_DDS.dir/C_/Users/nanas/.pico-sdk/sdk/2.3.0/src/rp2_common/hardware_xosc/xosc.c.obj
 .debug_rnglists
                0x00002703       0x55 CMakeFiles/Audio_Timer_Interrupt_DDS.dir/C_/Users/nanas/.pico-sdk/sdk/2.3.0/src/rp2_common/pico_runtime/runtime.c.obj
 .debug_rnglists
                0x00002758       0x6d CMakeFiles/Audio_Timer_Interrupt_DDS.dir/C_/Users/nanas/.pico-sdk/sdk/2.3.0/src/rp2_common/pico_runtime_init/runtime_init.c.obj
 .debug_rnglists
                0x000027c5       0x2c CMakeFiles/Audio_Timer_Interrupt_DDS.dir/C_/Users/nanas/.pico-sdk/sdk/2.3.0/src/rp2_common/pico_runtime_init/runtime_init_clocks.c.obj
 .debug_rnglists
                0x000027f1       0xb7 CMakeFiles/Audio_Timer_Interrupt_DDS.dir/C_/Users/nanas/.pico-sdk/sdk/2.3.0/src/rp2_common/pico_double/double_aeabi_dcp.S.obj
 .debug_rnglists
                0x000028a8       0x41 CMakeFiles/Audio_Timer_Interrupt_DDS.dir/C_/Users/nanas/.pico-sdk/sdk/2.3.0/src/rp2_common/pico_double/double_sci_m33.S.obj
 .debug_rnglists
                0x000028e9      0x2f4 CMakeFiles/Audio_Timer_Interrupt_DDS.dir/C_/Users/nanas/.pico-sdk/sdk/2.3.0/src/rp2_common/pico_printf/printf.c.obj
 .debug_rnglists
                0x00002bdd       0x1b CMakeFiles/Audio_Timer_Interrupt_DDS.dir/C_/Users/nanas/.pico-sdk/sdk/2.3.0/src/rp2_common/pico_crt0/crt0.S.obj
 .debug_rnglists
                0x00002bf8       0xca CMakeFiles/Audio_Timer_Interrupt_DDS.dir/C_/Users/nanas/.pico-sdk/sdk/2.3.0/src/rp2_common/pico_clib_interface/newlib_interface.c.obj
 .debug_rnglists
                0x00002cc2      0x304 CMakeFiles/Audio_Timer_Interrupt_DDS.dir/C_/Users/nanas/.pico-sdk/sdk/2.3.0/src/rp2_common/pico_stdio/stdio.c.obj
 .debug_rnglists
                0x00002fc6      0x20a CMakeFiles/Audio_Timer_Interrupt_DDS.dir/C_/Users/nanas/.pico-sdk/sdk/2.3.0/src/rp2_common/pico_stdio_uart/stdio_uart.c.obj
 .debug_rnglists
                0x000031d0       0x3a CMakeFiles/Audio_Timer_Interrupt_DDS.dir/C_/Users/nanas/.pico-sdk/sdk/2.3.0/src/rp2_common/pico_bootsel_via_double_reset/pico_bootsel_via_double_reset.c.obj
 .debug_rnglists
                0x0000320a      0x27c CMakeFiles/Audio_Timer_Interrupt_DDS.dir/C_/Users/nanas/.pico-sdk/sdk/2.3.0/src/rp2_common/hardware_spi/spi.c.obj

.debug_line     0x00000000    0x18034