Archive member included to satisfy reference by file (symbol)

C:/Users/nanas/.pico-sdk/toolchain/15_2_Rel1/bin/../lib/gcc/arm-none-eabi/15.2.1/thumb/v6-m/nofp\libgcc.a(_dvmd_tls.o)
                              CMakeFiles/Audio_Timer_Interrupt_DDS.dir/C_/Users/nanas/.pico-sdk/sdk/2.3.0/src/rp2_common/pico_divider/divider_hardware.S.obj (__aeabi_idiv0)
C:/Users/nanas/.pico-sdk/toolchain/15_2_Rel1/bin/../lib/gcc/arm-none-eabi/15.2.1/../../../../arm-none-eabi/lib/thumb/v6-m/nofp\libg.a(libc_a-calloc.o)
                              CMakeFiles/Audio_Timer_Interrupt_DDS.dir/C_/Users/nanas/.pico-sdk/sdk/2.3.0/src/rp2_common/pico_malloc/malloc.c.obj (calloc)
C:/Users/nanas/.pico-sdk/toolchain/15_2_Rel1/bin/../lib/gcc/arm-none-eabi/15.2.1/../../../../arm-none-eabi/lib/thumb/v6-m/nofp\libg.a(libc_a-callocr.o)
                              C:/Users/nanas/.pico-sdk/toolchain/15_2_Rel1/bin/../lib/gcc/arm-none-eabi/15.2.1/../../../../arm-none-eabi/lib/thumb/v6-m/nofp\libg.a(libc_a-calloc.o) (_calloc_r)
C:/Users/nanas/.pico-sdk/toolchain/15_2_Rel1/bin/../lib/gcc/arm-none-eabi/15.2.1/../../../../arm-none-eabi/lib/thumb/v6-m/nofp\libg.a(libc_a-malloc.o)
                              CMakeFiles/Audio_Timer_Interrupt_DDS.dir/C_/Users/nanas/.pico-sdk/sdk/2.3.0/src/rp2_common/pico_malloc/malloc.c.obj (malloc)
C:/Users/nanas/.pico-sdk/toolchain/15_2_Rel1/bin/../lib/gcc/arm-none-eabi/15.2.1/../../../../arm-none-eabi/lib/thumb/v6-m/nofp\libg.a(libc_a-mallocr.o)
                              C:/Users/nanas/.pico-sdk/toolchain/15_2_Rel1/bin/../lib/gcc/arm-none-eabi/15.2.1/../../../../arm-none-eabi/lib/thumb/v6-m/nofp\libg.a(libc_a-callocr.o) (_malloc_r)
C:/Users/nanas/.pico-sdk/toolchain/15_2_Rel1/bin/../lib/gcc/arm-none-eabi/15.2.1/../../../../arm-none-eabi/lib/thumb/v6-m/nofp\libg.a(libc_a-mlock.o)
                              C:/Users/nanas/.pico-sdk/toolchain/15_2_Rel1/bin/../lib/gcc/arm-none-eabi/15.2.1/../../../../arm-none-eabi/lib/thumb/v6-m/nofp\libg.a(libc_a-mallocr.o) (__malloc_lock)
C:/Users/nanas/.pico-sdk/toolchain/15_2_Rel1/bin/../lib/gcc/arm-none-eabi/15.2.1/../../../../arm-none-eabi/lib/thumb/v6-m/nofp\libg.a(libc_a-realloc.o)
                              CMakeFiles/Audio_Timer_Interrupt_DDS.dir/C_/Users/nanas/.pico-sdk/sdk/2.3.0/src/rp2_common/pico_malloc/malloc.c.obj (realloc)
C:/Users/nanas/.pico-sdk/toolchain/15_2_Rel1/bin/../lib/gcc/arm-none-eabi/15.2.1/../../../../arm-none-eabi/lib/thumb/v6-m/nofp\libg.a(libc_a-reallocr.o)
                              C:/Users/nanas/.pico-sdk/toolchain/15_2_Rel1/bin/../lib/gcc/arm-none-eabi/15.2.1/../../../../arm-none-eabi/lib/thumb/v6-m/nofp\libg.a(libc_a-realloc.o) (_realloc_r)
C:/Users/nanas/.pico-sdk/toolchain/15_2_Rel1/bin/../lib/gcc/arm-none-eabi/15.2.1/../../../../arm-none-eabi/lib/thumb/v6-m/nofp\libg.a(libc_a-memcmp.o)
                              CMakeFiles/Audio_Timer_Interrupt_DDS.dir/C_/Users/nanas/.pico-sdk/sdk/2.3.0/src/rp2_common/pico_atomic/atomic.c.obj (memcmp)
C:/Users/nanas/.pico-sdk/toolchain/15_2_Rel1/bin/../lib/gcc/arm-none-eabi/15.2.1/../../../../arm-none-eabi/lib/thumb/v6-m/nofp\libg.a(libc_a-memmove.o)
                              C:/Users/nanas/.pico-sdk/toolchain/15_2_Rel1/bin/../lib/gcc/arm-none-eabi/15.2.1/../../../../arm-none-eabi/lib/thumb/v6-m/nofp\libg.a(libc_a-reallocr.o) (memmove)
C:/Users/nanas/.pico-sdk/toolchain/15_2_Rel1/bin/../lib/gcc/arm-none-eabi/15.2.1/../../../../arm-none-eabi/lib/thumb/v6-m/nofp\libg.a(libc_a-lcltime_r.o)
                              CMakeFiles/Audio_Timer_Interrupt_DDS.dir/C_/Users/nanas/.pico-sdk/sdk/2.3.0/src/common/pico_util/datetime.c.obj (localtime_r)
C:/Users/nanas/.pico-sdk/toolchain/15_2_Rel1/bin/../lib/gcc/arm-none-eabi/15.2.1/../../../../arm-none-eabi/lib/thumb/v6-m/nofp\libg.a(libc_a-mktime.o)
                              CMakeFiles/Audio_Timer_Interrupt_DDS.dir/C_/Users/nanas/.pico-sdk/sdk/2.3.0/src/common/pico_util/datetime.c.obj (mktime)
C:/Users/nanas/.pico-sdk/toolchain/15_2_Rel1/bin/../lib/gcc/arm-none-eabi/15.2.1/../../../../arm-none-eabi/lib/thumb/v6-m/nofp\libg.a(libc_a-month_lengths.o)
                              C:/Users/nanas/.pico-sdk/toolchain/15_2_Rel1/bin/../lib/gcc/arm-none-eabi/15.2.1/../../../../arm-none-eabi/lib/thumb/v6-m/nofp\libg.a(libc_a-lcltime_r.o) (__month_lengths)
C:/Users/nanas/.pico-sdk/toolchain/15_2_Rel1/bin/../lib/gcc/arm-none-eabi/15.2.1/../../../../arm-none-eabi/lib/thumb/v6-m/nofp\libg.a(libc_a-tzcalc_limits.o)
                              C:/Users/nanas/.pico-sdk/toolchain/15_2_Rel1/bin/../lib/gcc/arm-none-eabi/15.2.1/../../../../arm-none-eabi/lib/thumb/v6-m/nofp\libg.a(libc_a-lcltime_r.o) (__tzcalc_limits)
C:/Users/nanas/.pico-sdk/toolchain/15_2_Rel1/bin/../lib/gcc/arm-none-eabi/15.2.1/../../../../arm-none-eabi/lib/thumb/v6-m/nofp\libg.a(libc_a-tzlock.o)
                              C:/Users/nanas/.pico-sdk/toolchain/15_2_Rel1/bin/../lib/gcc/arm-none-eabi/15.2.1/../../../../arm-none-eabi/lib/thumb/v6-m/nofp\libg.a(libc_a-lcltime_r.o) (__tz_lock)
[...]
Memory Configuration

Name             Origin             Length             Attributes
FLASH            0x10000000         0x00200000         xr
XIP_RAM          0x15000000         0x00004000         xrw
RAM              0x20000000         0x00040000         xrw
SCRATCH_X        0x20040000         0x00001000         xrw
SCRATCH_Y        0x20041000         0x00001000         xrw
*default*        0x00000000         0xffffffff

Linker script and memory map

                0x20000000                        RAM_ORIGIN_DEFAULT = 0x20000000
                0x00040000                        RAM_LENGTH_DEFAULT = 0x40000
                0x20040000                        SCRATCH_X_ORIGIN_DEFAULT = 0x20040000
                0x00001000                        SCRATCH_X_LENGTH_DEFAULT = 0x1000
                0x20041000                        SCRATCH_Y_ORIGIN_DEFAULT = 0x20041000
                0x00001000                        SCRATCH_Y_LENGTH_DEFAULT = 0x1000
                0x15000000                        XIP_RAM_ORIGIN_DEFAULT = 0x15000000
                0x00004000                        XIP_RAM_LENGTH_DEFAULT = 0x4000
LOAD CMakeFiles/Audio_Timer_Interrupt_DDS.dir/dactest.c.obj
LOAD CMakeFiles/Audio_Timer_Interrupt_DDS.dir/C_/Users/nanas/.pico-sdk/sdk/2.3.0/src/rp2_common/pico_stdlib/stdlib.c.obj
LOAD CMakeFiles/Audio_Timer_Interrupt_DDS.dir/C_/Users/nanas/.pico-sdk/sdk/2.3.0/src/rp2_common/hardware_gpio/gpio.c.obj
LOAD CMakeFiles/Audio_Timer_Interrupt_DDS.dir/C_/Users/nanas/.pico-sdk/sdk/2.3.0/src/rp2040/pico_platform/platform.c.obj
LOAD CMakeFiles/Audio_Timer_Interrupt_DDS.dir/C_/Users/nanas/.pico-sdk/sdk/2.3.0/src/rp2_common/pico_platform_common/common.c.obj
LOAD CMakeFiles/Audio_Timer_Interrupt_DDS.dir/C_/Users/nanas/.pico-sdk/sdk/2.3.0/src/rp2_common/pico_platform_panic/panic.c.obj
LOAD CMakeFiles/Audio_Timer_Interrupt_DDS.dir/C_/Users/nanas/.pico-sdk/sdk/2.3.0/src/rp2_common/pico_platform_panic/custom_panic_function.S.obj
LOAD CMakeFiles/Audio_Timer_Interrupt_DDS.dir/C_/Users/nanas/.pico-sdk/sdk/2.3.0/src/common/hardware_claim/claim.c.obj
LOAD CMakeFiles/Audio_Timer_Interrupt_DDS.dir/C_/Users/nanas/.pico-sdk/sdk/2.3.0/src/rp2_common/hardware_sync/sync.c.obj
LOAD CMakeFiles/Audio_Timer_Interrupt_DDS.dir/C_/Users/nanas/.pico-sdk/sdk/2.3.0/src/rp2_common/hardware_sync_spin_lock/sync_spin_lock.c.obj
LOAD CMakeFiles/Audio_Timer_Interrupt_DDS.dir/C_/Users/nanas/.pico-sdk/sdk/2.3.0/src/rp2_common/hardware_irq/irq.c.obj
LOAD CMakeFiles/Audio_Timer_Interrupt_DDS.dir/C_/Users/nanas/.pico-sdk/sdk/2.3.0/src/rp2_common/hardware_irq/irq_handler_chain.S.obj
LOAD CMakeFiles/Audio_Timer_Interrupt_DDS.dir/C_/Users/nanas/.pico-sdk/sdk/2.3.0/src/common/pico_sync/sem.c.obj
LOAD CMakeFiles/Audio_Timer_Interrupt_DDS.dir/C_/Users/nanas/.pico-sdk/sdk/2.3.0/src/common/pico_sync/lock_core.c.obj
LOAD CMakeFiles/Audio_Timer_Interrupt_DDS.dir/C_/Users/nanas/.pico-sdk/sdk/2.3.0/src/common/pico_sync/mutex.c.obj
LOAD CMakeFiles/Audio_Timer_Interrupt_DDS.dir/C_/Users/nanas/.pico-sdk/sdk/2.3.0/src/common/pico_sync/critical_section.c.obj
LOAD CMakeFiles/Audio_Timer_Interrupt_DDS.dir/C_/Users/nanas/.pico-sdk/sdk/2.3.0/src/common/pico_time/time.c.obj
LOAD CMakeFiles/Audio_Timer_Interrupt_DDS.dir/C_/Users/nanas/.pico-sdk/sdk/2.3.0/src/common/pico_time/timeout_helper.c.obj
LOAD CMakeFiles/Audio_Timer_Interrupt_DDS.dir/C_/Users/nanas/.pico-sdk/sdk/2.3.0/src/rp2_common/hardware_timer/timer.c.obj
LOAD CMakeFiles/Audio_Timer_Interrupt_DDS.dir/C_/Users/nanas/.pico-sdk/sdk/2.3.0/src/common/pico_util/datetime.c.obj
LOAD CMakeFiles/Audio_Timer_Interrupt_DDS.dir/C_/Users/nanas/.pico-sdk/sdk/2.3.0/src/common/pico_util/fixed_bitset.c.obj
LOAD CMakeFiles/Audio_Timer_Interrupt_DDS.dir/C_/Users/nanas/.pico-sdk/sdk/2.3.0/src/common/pico_util/pheap.c.obj
LOAD CMakeFiles/Audio_Timer_Interrupt_DDS.dir/C_/Users/nanas/.pico-sdk/sdk/2.3.0/src/common/pico_util/queue.c.obj
LOAD CMakeFiles/Audio_Timer_Interrupt_DDS.dir/C_/Users/nanas/.pico-sdk/sdk/2.3.0/src/rp2_common/hardware_uart/uart.c.obj
LOAD CMakeFiles/Audio_Timer_Interrupt_DDS.dir/C_/Users/nanas/.pico-sdk/sdk/2.3.0/src/rp2_common/hardware_clocks/clocks.c.obj
LOAD CMakeFiles/Audio_Timer_Interrupt_DDS.dir/C_/Users/nanas/.pico-sdk/sdk/2.3.0/src/rp2_common/hardware_pll/pll.c.obj
LOAD CMakeFiles/Audio_Timer_Interrupt_DDS.dir/C_/Users/nanas/.pico-sdk/sdk/2.3.0/src/rp2_common/hardware_vreg/vreg.c.obj
LOAD CMakeFiles/Audio_Timer_Interrupt_DDS.dir/C_/Users/nanas/.pico-sdk/sdk/2.3.0/src/rp2_common/hardware_watchdog/watchdog.c.obj
LOAD CMakeFiles/Audio_Timer_Interrupt_DDS.dir/C_/Users/nanas/.pico-sdk/sdk/2.3.0/src/rp2_common/hardware_ticks/ticks.c.obj
LOAD CMakeFiles/Audio_Timer_Interrupt_DDS.dir/C_/Users/nanas/.pico-sdk/sdk/2.3.0/src/rp2_common/pico_bootrom/bootrom.c.obj
LOAD CMakeFiles/Audio_Timer_Interrupt_DDS.dir/C_/Users/nanas/.pico-sdk/sdk/2.3.0/src/rp2_common/pico_bootrom/bootrom_lock.c.obj
LOAD CMakeFiles/Audio_Timer_Interrupt_DDS.dir/C_/Users/nanas/.pico-sdk/sdk/2.3.0/src/rp2_common/hardware_boot_lock/boot_lock.c.obj
LOAD CMakeFiles/Audio_Timer_Interrupt_DDS.dir/C_/Users/nanas/.pico-sdk/sdk/2.3.0/src/rp2_common/pico_flash/flash.c.obj
LOAD CMakeFiles/Audio_Timer_Interrupt_DDS.dir/C_/Users/nanas/.pico-sdk/sdk/2.3.0/src/rp2_common/hardware_xosc/xosc.c.obj
LOAD CMakeFiles/Audio_Timer_Interrupt_DDS.dir/C_/Users/nanas/.pico-sdk/sdk/2.3.0/src/rp2_common/hardware_divider/divider.S.obj
LOAD CMakeFiles/Audio_Timer_Interrupt_DDS.dir/C_/Users/nanas/.pico-sdk/sdk/2.3.0/src/rp2_common/pico_runtime/runtime.c.obj
LOAD CMakeFiles/Audio_Timer_Interrupt_DDS.dir/C_/Users/nanas/.pico-sdk/sdk/2.3.0/src/rp2_common/pico_runtime_init/runtime_init.c.obj
LOAD CMakeFiles/Audio_Timer_Interrupt_DDS.dir/C_/Users/nanas/.pico-sdk/sdk/2.3.0/src/rp2_common/pico_runtime_init/runtime_init_clocks.c.obj
LOAD CMakeFiles/Audio_Timer_Interrupt_DDS.dir/C_/Users/nanas/.pico-sdk/sdk/2.3.0/src/rp2_common/pico_runtime_init/runtime_init_stack_guard.c.obj
LOAD CMakeFiles/Audio_Timer_Interrupt_DDS.dir/C_/Users/nanas/.pico-sdk/sdk/2.3.0/src/rp2_common/hardware_rtc/rtc.c.obj
LOAD CMakeFiles/Audio_Timer_Interrupt_DDS.dir/C_/Users/nanas/.pico-sdk/sdk/2.3.0/src/rp2_common/pico_bit_ops/bit_ops_aeabi.S.obj
LOAD CMakeFiles/Audio_Timer_Interrupt_DDS.dir/C_/Users/nanas/.pico-sdk/sdk/2.3.0/src/rp2_common/pico_divider/divider_hardware.S.obj
LOAD CMakeFiles/Audio_Timer_Interrupt_DDS.dir/C_/Users/nanas/.pico-sdk/sdk/2.3.0/src/rp2_common/pico_double/double_aeabi_rp2040.S.obj
LOAD CMakeFiles/Audio_Timer_Interrupt_DDS.dir/C_/Users/nanas/.pico-sdk/sdk/2.3.0/src/rp2_common/pico_double/double_init_rom_rp2040.c.obj
LOAD CMakeFiles/Audio_Timer_Interrupt_DDS.dir/C_/Users/nanas/.pico-sdk/sdk/2.3.0/src/rp2_common/pico_double/double_math.c.obj
LOAD CMakeFiles/Audio_Timer_Interrupt_DDS.dir/C_/Users/nanas/.pico-sdk/sdk/2.3.0/src/rp2_common/pico_double/double_v1_rom_shim_rp2040.S.obj
LOAD CMakeFiles/Audio_Timer_Interrupt_DDS.dir/C_/Users/nanas/.pico-sdk/sdk/2.3.0/src/rp2_common/pico_int64_ops/pico_int64_ops_aeabi.S.obj
LOAD CMakeFiles/Audio_Timer_Interrupt_DDS.dir/C_/Users/nanas/.pico-sdk/sdk/2.3.0/src/rp2_common/pico_float/float_aeabi_rp2040.S.obj
LOAD CMakeFiles/Audio_Timer_Interrupt_DDS.dir/C_/Users/nanas/.pico-sdk/sdk/2.3.0/src/rp2_common/pico_float/float_init_rom_rp2040.c.obj
LOAD CMakeFiles/Audio_Timer_Interrupt_DDS.dir/C_/Users/nanas/.pico-sdk/sdk/2.3.0/src/rp2_common/pico_float/float_math.c.obj
LOAD CMakeFiles/Audio_Timer_Interrupt_DDS.dir/C_/Users/nanas/.pico-sdk/sdk/2.3.0/src/rp2_common/pico_float/float_v1_rom_shim_rp2040.S.obj
LOAD CMakeFiles/Audio_Timer_Interrupt_DDS.dir/C_/Users/nanas/.pico-sdk/sdk/2.3.0/src/rp2_common/pico_malloc/malloc.c.obj
LOAD CMakeFiles/Audio_Timer_Interrupt_DDS.dir/C_/Users/nanas/.pico-sdk/sdk/2.3.0/src/rp2_common/pico_mem_ops/mem_ops_aeabi.S.obj
LOAD CMakeFiles/Audio_Timer_Interrupt_DDS.dir/C_/Users/nanas/.pico-sdk/sdk/2.3.0/src/rp2_common/pico_atomic/atomic.c.obj
LOAD CMakeFiles/Audio_Timer_Interrupt_DDS.dir/C_/Users/nanas/.pico-sdk/sdk/2.3.0/src/rp2_common/pico_cxx_options/new_delete.cpp.obj
LOAD CMakeFiles/Audio_Timer_Interrupt_DDS.dir/C_/Users/nanas/.pico-sdk/sdk/2.3.0/src/rp2_common/pico_standard_binary_info/standard_binary_info.c.obj
LOAD CMakeFiles/Audio_Timer_Interrupt_DDS.dir/C_/Users/nanas/.pico-sdk/sdk/2.3.0/src/rp2_common/pico_printf/printf.c.obj
LOAD CMakeFiles/Audio_Timer_Interrupt_DDS.dir/C_/Users/nanas/.pico-sdk/sdk/2.3.0/src/rp2_common/pico_crt0/crt0.S.obj
LOAD CMakeFiles/Audio_Timer_Interrupt_DDS.dir/C_/Users/nanas/.pico-sdk/sdk/2.3.0/src/rp2_common/pico_clib_interface/newlib_interface.c.obj
LOAD CMakeFiles/Audio_Timer_Interrupt_DDS.dir/C_/Users/nanas/.pico-sdk/sdk/2.3.0/src/rp2_common/pico_clib_interface/cxa_guard.c.obj
LOAD CMakeFiles/Audio_Timer_Interrupt_DDS.dir/C_/Users/nanas/.pico-sdk/sdk/2.3.0/src/rp2_common/pico_stdio/stdio.c.obj
LOAD CMakeFiles/Audio_Timer_Interrupt_DDS.dir/C_/Users/nanas/.pico-sdk/sdk/2.3.0/src/rp2_common/pico_stdio_uart/stdio_uart.c.obj
LOAD CMakeFiles/Audio_Timer_Interrupt_DDS.dir/C_/Users/nanas/.pico-sdk/sdk/2.3.0/src/rp2_common/pico_thread_local/thread_local.c.obj
LOAD CMakeFiles/Audio_Timer_Interrupt_DDS.dir/C_/Users/nanas/.pico-sdk/sdk/2.3.0/src/rp2_common/pico_bootsel_via_double_reset/pico_bootsel_via_double_reset.c.obj
LOAD CMakeFiles/Audio_Timer_Interrupt_DDS.dir/C_/Users/nanas/.pico-sdk/sdk/2.3.0/src/rp2_common/hardware_spi/spi.c.obj
LOAD pico-sdk/src/rp2040/boot_stage2/CMakeFiles/bs2_default_library.dir/./bs2_default_padded_checksummed.S.obj
LOAD C:/Users/nanas/.pico-sdk/toolchain/15_2_Rel1/bin/../lib/gcc/arm-none-eabi/15.2.1/../../../../arm-none-eabi/lib/thumb/v6-m/nofp\libstdc++.a
LOAD C:/Users/nanas/.pico-sdk/toolchain/15_2_Rel1/bin/../lib/gcc/arm-none-eabi/15.2.1/../../../../arm-none-eabi/lib/thumb/v6-m/nofp\libm.a
START GROUP
LOAD C:/Users/nanas/.pico-sdk/toolchain/15_2_Rel1/bin/../lib/gcc/arm-none-eabi/15.2.1/thumb/v6-m/nofp\libgcc.a
LOAD C:/Users/nanas/.pico-sdk/toolchain/15_2_Rel1/bin/../lib/gcc/arm-none-eabi/15.2.1/../../../../arm-none-eabi/lib/thumb/v6-m/nofp\libg.a
LOAD C:/Users/nanas/.pico-sdk/toolchain/15_2_Rel1/bin/../lib/gcc/arm-none-eabi/15.2.1/../../../../arm-none-eabi/lib/thumb/v6-m/nofp\libc.a
END GROUP
                0x20000000                        PROVIDE (RAM_ORIGIN = RAM_ORIGIN_DEFAULT)
                0x00040000                        PROVIDE (RAM_LENGTH = RAM_LENGTH_DEFAULT)
                0x20040000                        PROVIDE (SCRATCH_X_ORIGIN = SCRATCH_X_ORIGIN_DEFAULT)
                0x00001000                        PROVIDE (SCRATCH_X_LENGTH = SCRATCH_X_LENGTH_DEFAULT)
                0x20041000                        PROVIDE (SCRATCH_Y_ORIGIN = SCRATCH_Y_ORIGIN_DEFAULT)
                0x00001000                        PROVIDE (SCRATCH_Y_LENGTH = SCRATCH_Y_LENGTH_DEFAULT)
                0x15000000                        PROVIDE (XIP_RAM_ORIGIN = XIP_RAM_ORIGIN_DEFAULT)
                0x00004000                        PROVIDE (XIP_RAM_LENGTH = XIP_RAM_LENGTH_DEFAULT)
                0x20000000                        RAM_ORIGIN = DEFINED (RAM_ORIGIN)?RAM_ORIGIN:RAM_ORIGIN_DEFAULT
                0x00040000                        RAM_LENGTH = DEFINED (RAM_LENGTH)?RAM_LENGTH:RAM_LENGTH_DEFAULT
                0x20040000                        SCRATCH_X_ORIGIN = DEFINED (SCRATCH_X_ORIGIN)?SCRATCH_X_ORIGIN:SCRATCH_X_ORIGIN_DEFAULT
                0x00001000                        SCRATCH_X_LENGTH = DEFINED (SCRATCH_X_LENGTH)?SCRATCH_X_LENGTH:SCRATCH_X_LENGTH_DEFAULT
                0x20041000                        SCRATCH_Y_ORIGIN = DEFINED (SCRATCH_Y_ORIGIN)?SCRATCH_Y_ORIGIN:SCRATCH_Y_ORIGIN_DEFAULT
                0x00001000                        SCRATCH_Y_LENGTH = DEFINED (SCRATCH_Y_LENGTH)?SCRATCH_Y_LENGTH:SCRATCH_Y_LENGTH_DEFAULT
                0x15000000                        XIP_RAM_ORIGIN = DEFINED (XIP_RAM_ORIGIN)?XIP_RAM_ORIGIN:XIP_RAM_ORIGIN_DEFAULT
                0x00004000                        XIP_RAM_LENGTH = DEFINED (XIP_RAM_LENGTH)?XIP_RAM_LENGTH:XIP_RAM_LENGTH_DEFAULT

.flash_begin    0x10000000        0x0
                0x10000000                        __flash_binary_start = .

.boot2          0x10000000      0x100
                0x10000000                        __boot2_start__ = .
 *(.boot2)
 .boot2         0x10000000      0x100 pico-sdk/src/rp2040/boot_stage2/CMakeFiles/bs2_default_library.dir/./bs2_default_padded_checksummed.S.obj
                0x10000100                        __boot2_end__ = .
                0x00000001                        ASSERT (((__boot2_end__ - __boot2_start__) == 0x100), ERROR: Pico second stage bootloader must be exactly 256 bytes in size for RP2040)

.text           0x10000100     0x2d20
                0x10000100                        __logical_binary_start = .
 *(.vectors)
 .vectors       0x10000100       0xd4 CMakeFiles/Audio_Timer_Interrupt_DDS.dir/C_/Users/nanas/.pico-sdk/sdk/2.3.0/src/rp2_common/pico_crt0/crt0.S.obj
                0x10000100                __VECTOR_TABLE
                0x10000100                __vectors
                0x100001c0                isr_irq13
                0x100001c0                isr_irq27
                0x100001c0                isr_irq31
                0x100001c0                isr_irq12
                0x100001c0                isr_irq5
                0x100001c0                isr_irq11
                0x100001c0                isr_irq3
                0x100001c0                isr_irq23
                0x100001c0                __unhandled_user_irq
                0x100001c0                isr_irq26
                0x100001c0                isr_irq28
                0x100001c0                isr_irq19
                0x100001c0                isr_irq0
                0x100001c0                isr_irq6
                0x100001c0                isr_irq29
                0x100001c0                isr_irq16
                0x100001c0                isr_irq22
                0x100001c0                isr_irq18
                0x100001c0                isr_irq17
                0x100001c0                isr_irq14
                0x100001c0                __vectors_end
                0x100001c0                __default_isrs_start
                0x100001c0                isr_irq2
                0x100001c0                isr_irq10
                0x100001c0                isr_irq8
                0x100001c0                isr_irq24
                0x100001c0                isr_irq1
                0x100001c0                isr_irq7
                0x100001c0                isr_irq21
                0x100001c0                isr_irq20
                0x100001c0                isr_irq15
                0x100001c0                isr_irq25
                0x100001c0                isr_irq4
                0x100001c0                isr_irq30
                0x100001c0                isr_irq9
                0x100001c6                unhandled_user_irq_num_in_r0
                0x100001c8                isr_invalid
                0x100001ca                isr_nmi
                0x100001cc                isr_hardfault
                0x100001ce                isr_svcall
                0x100001d0                isr_pendsv
                0x100001d2                isr_systick
                0x100001d4                __default_isrs_end
 *(.binary_info_header)
 .binary_info_header
                0x100001d4       0x14 CMakeFiles/Audio_Timer_Interrupt_DDS.dir/C_/Users/nanas/.pico-sdk/sdk/2.3.0/src/rp2_common/pico_crt0/crt0.S.obj
                0x100001e8                        __binary_info_header_end = .
 *(.embedded_block)
                0x100001e8                        __embedded_block_end = .
 *(.reset)
 .reset         0x100001e8       0x98 CMakeFiles/Audio_Timer_Interrupt_DDS.dir/C_/Users/nanas/.pico-sdk/sdk/2.3.0/src/rp2_common/pico_crt0/crt0.S.obj
                0x100001e8                _entry_point
 *(.init)
 *libgcc.a:cmse_nonsecure_call.o()
 *(EXCLUDE_FILE(*libm.a: *lib*_a-mem*.o *libc.a: *libgcc.a:) .text*)
 .text.alarm_irq
                0x10000280       0x68 CMakeFiles/Audio_Timer_Interrupt_DDS.dir/dactest.c.obj
 .text.startup.main
                0x100002e8       0xfc CMakeFiles/Audio_Timer_Interrupt_DDS.dir/dactest.c.obj
                0x100002e8                main
 .text.gpio_set_function
                0x100003e4       0x30 CMakeFiles/Audio_Timer_Interrupt_DDS.dir/C_/Users/nanas/.pico-sdk/sdk/2.3.0/src/rp2_common/hardware_gpio/gpio.c.obj
                0x100003e4                gpio_set_function
 .text.gpio_init
                0x10000414       0x3c CMakeFiles/Audio_Timer_Interrupt_DDS.dir/C_/Users/nanas/.pico-sdk/sdk/2.3.0/src/rp2_common/hardware_gpio/gpio.c.obj
                0x10000414                gpio_init
 .text.panic    0x10000450       0x30 CMakeFiles/Audio_Timer_Interrupt_DDS.dir/C_/Users/nanas/.pico-sdk/sdk/2.3.0/src/rp2_common/pico_platform_panic/panic.c.obj
                0x10000450                panic
 .text.hw_claim_or_assert
                0x10000480       0x50 CMakeFiles/Audio_Timer_Interrupt_DDS.dir/C_/Users/nanas/.pico-sdk/sdk/2.3.0/src/common/hardware_claim/claim.c.obj
                0x10000480                hw_claim_or_assert
 .text.next_striped_spin_lock_num
                0x100004d0       0x18 CMakeFiles/Audio_Timer_Interrupt_DDS.dir/C_/Users/nanas/.pico-sdk/sdk/2.3.0/src/rp2_common/hardware_sync/sync.c.obj
                0x100004d0                next_striped_spin_lock_num
 .text.spin_locks_reset
                0x100004e8       0x1c CMakeFiles/Audio_Timer_Interrupt_DDS.dir/C_/Users/nanas/.pico-sdk/sdk/2.3.0/src/rp2_common/hardware_sync_spin_lock/sync_spin_lock.c.obj
                0x100004e8                spin_locks_reset
 .text.runtime_init_per_core_irq_priorities
                0x10000504       0x48 CMakeFiles/Audio_Timer_Interrupt_DDS.dir/C_/Users/nanas/.pico-sdk/sdk/2.3.0/src/rp2_common/hardware_irq/irq.c.obj
                0x10000504                runtime_init_per_core_irq_priorities
 .text.irq_set_enabled
                0x1000054c       0x24 CMakeFiles/Audio_Timer_Interrupt_DDS.dir/C_/Users/nanas/.pico-sdk/sdk/2.3.0/src/rp2_common/hardware_irq/irq.c.obj
                0x1000054c                irq_set_enabled
 .text.irq_set_exclusive_handler
                0x10000570       0x54 CMakeFiles/Audio_Timer_Interrupt_DDS.dir/C_/Users/nanas/.pico-sdk/sdk/2.3.0/src/rp2_common/hardware_irq/irq.c.obj
                0x10000570                irq_set_exclusive_handler
 .text.irq_remove_handler
                0x100005c4      0x1bc CMakeFiles/Audio_Timer_Interrupt_DDS.dir/C_/Users/nanas/.pico-sdk/sdk/2.3.0/src/rp2_common/hardware_irq/irq.c.obj
                0x100005c4                irq_remove_handler
 .text.irq_add_tail_to_free_list
                0x10000780       0xb4 CMakeFiles/Audio_Timer_Interrupt_DDS.dir/C_/Users/nanas/.pico-sdk/sdk/2.3.0/src/rp2_common/hardware_irq/irq.c.obj
                0x10000780                irq_add_tail_to_free_list
 .text.lock_init
                0x10000834       0x10 CMakeFiles/Audio_Timer_Interrupt_DDS.dir/C_/Users/nanas/.pico-sdk/sdk/2.3.0/src/common/pico_sync/lock_core.c.obj
                0x10000834                lock_init
 .text.runtime_init_mutex
                0x10000844       0x50 CMakeFiles/Audio_Timer_Interrupt_DDS.dir/C_/Users/nanas/.pico-sdk/sdk/2.3.0/src/common/pico_sync/mutex.c.obj
                0x10000844                runtime_init_mutex
 .text.sleep_until_callback
                0x10000894       0x30 CMakeFiles/Audio_Timer_Interrupt_DDS.dir/C_/Users/nanas/.pico-sdk/sdk/2.3.0/src/common/pico_time/time.c.obj
 .text.alarm_pool_irq_handler
                0x100008c4      0x2f4 CMakeFiles/Audio_Timer_Interrupt_DDS.dir/C_/Users/nanas/.pico-sdk/sdk/2.3.0/src/common/pico_time/time.c.obj
 .text.runtime_init_default_alarm_pool
                0x10000bb8       0xd8 CMakeFiles/Audio_Timer_Interrupt_DDS.dir/C_/Users/nanas/.pico-sdk/sdk/2.3.0/src/common/pico_time/time.c.obj
                0x10000bb8                runtime_init_default_alarm_pool
 .text.alarm_pool_add_alarm_at_force_in_context
                0x10000c90       0xbc CMakeFiles/Audio_Timer_Interrupt_DDS.dir/C_/Users/nanas/.pico-sdk/sdk/2.3.0/src/common/pico_time/time.c.obj
                0x10000c90                alarm_pool_add_alarm_at_force_in_context
 .text.alarm_pool_cancel_alarm
                0x10000d4c       0x74 CMakeFiles/Audio_Timer_Interrupt_DDS.dir/C_/Users/nanas/.pico-sdk/sdk/2.3.0/src/common/pico_time/time.c.obj
                0x10000d4c                alarm_pool_cancel_alarm
 .text.best_effort_wfe_or_timeout
                0x10000dc0      0x12c CMakeFiles/Audio_Timer_Interrupt_DDS.dir/C_/Users/nanas/.pico-sdk/sdk/2.3.0/src/common/pico_time/time.c.obj
                0x10000dc0                best_effort_wfe_or_timeout
 .text.timer_hardware_alarm_claim
                0x10000eec       0x14 CMakeFiles/Audio_Timer_Interrupt_DDS.dir/C_/Users/nanas/.pico-sdk/sdk/2.3.0/src/rp2_common/hardware_timer/timer.c.obj
                0x10000eec                timer_hardware_alarm_claim
 .text.timer_time_us_64
                0x10000f00       0x10 CMakeFiles/Audio_Timer_Interrupt_DDS.dir/C_/Users/nanas/.pico-sdk/sdk/2.3.0/src/rp2_common/hardware_timer/timer.c.obj
                0x10000f00                timer_time_us_64
 .text.time_us_64
                0x10000f10       0x14 CMakeFiles/Audio_Timer_Interrupt_DDS.dir/C_/Users/nanas/.pico-sdk/sdk/2.3.0/src/rp2_common/hardware_timer/timer.c.obj
                0x10000f10                time_us_64
 .text.busy_wait_us
                0x10000f24       0x6c CMakeFiles/Audio_Timer_Interrupt_DDS.dir/C_/Users/nanas/.pico-sdk/sdk/2.3.0/src/rp2_common/hardware_timer/timer.c.obj
                0x10000f24                busy_wait_us
 .text.uart_init
                0x10000f90      0x11c CMakeFiles/Audio_Timer_Interrupt_DDS.dir/C_/Users/nanas/.pico-sdk/sdk/2.3.0/src/rp2_common/hardware_uart/uart.c.obj
                0x10000f90                uart_init
 .text.clock_configure_int_divider
                0x100010ac       0xec CMakeFiles/Audio_Timer_Interrupt_DDS.dir/C_/Users/nanas/.pico-sdk/sdk/2.3.0/src/rp2_common/hardware_clocks/clocks.c.obj
                0x100010ac                clock_configure_int_divider
 .text.clock_configure_undivided
                0x10001198       0xe0 CMakeFiles/Audio_Timer_Interrupt_DDS.dir/C_/Users/nanas/.pico-sdk/sdk/2.3.0/src/rp2_common/hardware_clocks/clocks.c.obj
                0x10001198                clock_configure_undivided
 .text.clock_get_hz
                0x10001278        0xc CMakeFiles/Audio_Timer_Interrupt_DDS.dir/C_/Users/nanas/.pico-sdk/sdk/2.3.0/src/rp2_common/hardware_clocks/clocks.c.obj
                0x10001278                clock_get_hz
 .text.pll_init
                0x10001284       0xb0 CMakeFiles/Audio_Timer_Interrupt_DDS.dir/C_/Users/nanas/.pico-sdk/sdk/2.3.0/src/rp2_common/hardware_pll/pll.c.obj
                0x10001284                pll_init
 .text.tick_start
                0x10001334       0x10 CMakeFiles/Audio_Timer_Interrupt_DDS.dir/C_/Users/nanas/.pico-sdk/sdk/2.3.0/src/rp2_common/hardware_ticks/ticks.c.obj
                0x10001334                tick_start
 .text.rom_func_lookup
                0x10001344       0x10 CMakeFiles/Audio_Timer_Interrupt_DDS.dir/C_/Users/nanas/.pico-sdk/sdk/2.3.0/src/rp2_common/pico_bootrom/bootrom.c.obj
                0x10001344                rom_func_lookup
 .text.rom_data_lookup
                0x10001354       0x10 CMakeFiles/Audio_Timer_Interrupt_DDS.dir/C_/Users/nanas/.pico-sdk/sdk/2.3.0/src/rp2_common/pico_bootrom/bootrom.c.obj
                0x10001354                rom_data_lookup
 .text.rom_funcs_lookup
                0x10001364       0x44 CMakeFiles/Audio_Timer_Interrupt_DDS.dir/C_/Users/nanas/.pico-sdk/sdk/2.3.0/src/rp2_common/pico_bootrom/bootrom.c.obj
                0x10001364                rom_funcs_lookup
 .text.rom_reset_usb_boot_extra
                0x100013a8       0x24 CMakeFiles/Audio_Timer_Interrupt_DDS.dir/C_/Users/nanas/.pico-sdk/sdk/2.3.0/src/rp2_common/pico_bootrom/bootrom.c.obj
                0x100013a8                rom_reset_usb_boot_extra
 .text.xosc_init
                0x100013cc       0x28 CMakeFiles/Audio_Timer_Interrupt_DDS.dir/C_/Users/nanas/.pico-sdk/sdk/2.3.0/src/rp2_common/hardware_xosc/xosc.c.obj
                0x100013cc                xosc_init
 .text.first_per_core_initializer
                0x100013f4        0x4 CMakeFiles/Audio_Timer_Interrupt_DDS.dir/C_/Users/nanas/.pico-sdk/sdk/2.3.0/src/rp2_common/pico_runtime/runtime.c.obj
 .text.hard_assertion_failure
                0x100013f8        0xc CMakeFiles/Audio_Timer_Interrupt_DDS.dir/C_/Users/nanas/.pico-sdk/sdk/2.3.0/src/rp2_common/pico_runtime/runtime.c.obj
                0x100013f8                hard_assertion_failure
 .text.runtime_run_initializers
                0x10001404       0x28 CMakeFiles/Audio_Timer_Interrupt_DDS.dir/C_/Users/nanas/.pico-sdk/sdk/2.3.0/src/rp2_common/pico_runtime/runtime.c.obj
                0x10001404                runtime_run_initializers
 .text.runtime_init_early_resets
                0x1000142c       0x2c CMakeFiles/Audio_Timer_Interrupt_DDS.dir/C_/Users/nanas/.pico-sdk/sdk/2.3.0/src/rp2_common/pico_runtime_init/runtime_init.c.obj
                0x1000142c                runtime_init_early_resets
 .text.runtime_init_usb_power_down
                0x10001458       0x1c CMakeFiles/Audio_Timer_Interrupt_DDS.dir/C_/Users/nanas/.pico-sdk/sdk/2.3.0/src/rp2_common/pico_runtime_init/runtime_init.c.obj
                0x10001458                runtime_init_usb_power_down
 .text.runtime_init_post_clock_resets
                0x10001474       0x20 CMakeFiles/Audio_Timer_Interrupt_DDS.dir/C_/Users/nanas/.pico-sdk/sdk/2.3.0/src/rp2_common/pico_runtime_init/runtime_init.c.obj
                0x10001474                runtime_init_post_clock_resets
 .text.runtime_init_rp2040_gpio_ie_disable
                0x10001494       0x14 CMakeFiles/Audio_Timer_Interrupt_DDS.dir/C_/Users/nanas/.pico-sdk/sdk/2.3.0/src/rp2_common/pico_runtime_init/runtime_init.c.obj
                0x10001494                runtime_init_rp2040_gpio_ie_disable
 .text.runtime_init_spin_locks_reset
                0x100014a8        0x8 CMakeFiles/Audio_Timer_Interrupt_DDS.dir/C_/Users/nanas/.pico-sdk/sdk/2.3.0/src/rp2_common/pico_runtime_init/runtime_init.c.obj
                0x100014a8                runtime_init_spin_locks_reset
 .text.runtime_init_install_ram_vector_table
                0x100014b0       0xb4 CMakeFiles/Audio_Timer_Interrupt_DDS.dir/C_/Users/nanas/.pico-sdk/sdk/2.3.0/src/rp2_common/pico_runtime_init/runtime_init.c.obj
                0x100014b0                runtime_init_install_ram_vector_table
 .text.runtime_init_clocks
                0x10001564       0xd8 CMakeFiles/Audio_Timer_Interrupt_DDS.dir/C_/Users/nanas/.pico-sdk/sdk/2.3.0/src/rp2_common/pico_runtime_init/runtime_init_clocks.c.obj
                0x10001564                runtime_init_clocks
 .text          0x1000163c       0x10 CMakeFiles/Audio_Timer_Interrupt_DDS.dir/C_/Users/nanas/.pico-sdk/sdk/2.3.0/src/rp2_common/pico_bit_ops/bit_ops_aeabi.S.obj
 .text.__wrap___aeabi_uidiv
                0x1000164c       0x4c CMakeFiles/Audio_Timer_Interrupt_DDS.dir/C_/Users/nanas/.pico-sdk/sdk/2.3.0/src/rp2_common/pico_divider/divider_hardware.S.obj
                0x1000164c                __wrap___aeabi_uidivmod
                0x1000164c                div_u32u32
                0x1000164c                divmod_u32u32
                0x1000164c                __wrap___aeabi_uidiv
                0x1000167c                divmod_u32u32_savestate
 .text.push_r8_r11
                0x10001698        0xc CMakeFiles/Audio_Timer_Interrupt_DDS.dir/C_/Users/nanas/.pico-sdk/sdk/2.3.0/src/rp2_common/pico_double/double_aeabi_rp2040.S.obj
                0x10001698                push_r8_r11
 .text.pop_r8_r11
                0x100016a4        0xc CMakeFiles/Audio_Timer_Interrupt_DDS.dir/C_/Users/nanas/.pico-sdk/sdk/2.3.0/src/rp2_common/pico_double/double_aeabi_rp2040.S.obj
                0x100016a4                pop_r8_r11
 .text.__wrap___aeabi_darithmetic
                0x100016b0       0x80 CMakeFiles/Audio_Timer_Interrupt_DDS.dir/C_/Users/nanas/.pico-sdk/sdk/2.3.0/src/rp2_common/pico_double/double_aeabi_rp2040.S.obj
                0x100016b0                __wrap___aeabi_drsub
                0x100016b6                __wrap___aeabi_dsub
                0x100016c8                __wrap___aeabi_dadd
                0x100016da                __wrap___aeabi_ddiv
                0x10001716                __wrap___aeabi_dmul
 .text.__wrap___aeabi_d2iz
                0x10001730       0x48 CMakeFiles/Audio_Timer_Interrupt_DDS.dir/C_/Users/nanas/.pico-sdk/sdk/2.3.0/src/rp2_common/pico_double/double_aeabi_rp2040.S.obj
                0x10001730                double2int_z
                0x10001730                __wrap___aeabi_d2iz
 .text.fix642double
                0x10001778       0x18 CMakeFiles/Audio_Timer_Interrupt_DDS.dir/C_/Users/nanas/.pico-sdk/sdk/2.3.0/src/rp2_common/pico_double/double_aeabi_rp2040.S.obj
                0x10001778                fix642double
 .text.__wrap_sincostan_remainder
                0x10001790       0x14 CMakeFiles/Audio_Timer_Interrupt_DDS.dir/C_/Users/nanas/.pico-sdk/sdk/2.3.0/src/rp2_common/pico_double/double_aeabi_rp2040.S.obj
                0x10001790                sincostan_remainder
 .text.__wrap_sin
                0x100017a4       0x2c CMakeFiles/Audio_Timer_Interrupt_DDS.dir/C_/Users/nanas/.pico-sdk/sdk/2.3.0/src/rp2_common/pico_double/double_aeabi_rp2040.S.obj
                0x100017a4                __wrap_sin
 .text.__aeabi_double_init
                0x100017d0       0xa4 CMakeFiles/Audio_Timer_Interrupt_DDS.dir/C_/Users/nanas/.pico-sdk/sdk/2.3.0/src/rp2_common/pico_double/double_init_rom_rp2040.c.obj
                0x100017d0                __aeabi_double_init
 .text.__wrap_remquo
                0x10001874      0x2d4 CMakeFiles/Audio_Timer_Interrupt_DDS.dir/C_/Users/nanas/.pico-sdk/sdk/2.3.0/src/rp2_common/pico_double/double_math.c.obj
                0x10001874                __wrap_remquo
 .text.__wrap_remainder
                0x10001b48       0x10 CMakeFiles/Audio_Timer_Interrupt_DDS.dir/C_/Users/nanas/.pico-sdk/sdk/2.3.0/src/rp2_common/pico_double/double_math.c.obj
                0x10001b48                __wrap_remainder
 .text.double_table_shim_on_use_helper
                0x10001b58       0x2c CMakeFiles/Audio_Timer_Interrupt_DDS.dir/C_/Users/nanas/.pico-sdk/sdk/2.3.0/src/rp2_common/pico_double/double_v1_rom_shim_rp2040.S.obj
                0x10001b58                double_table_shim_on_use_helper
 .text.__wrap___aeabi_dsub
                0x10001b84       0x10 CMakeFiles/Audio_Timer_Interrupt_DDS.dir/C_/Users/nanas/.pico-sdk/sdk/2.3.0/src/rp2_common/pico_double/double_v1_rom_shim_rp2040.S.obj
                0x10001b84                drsub_shim
                0x10001b8a                dsub_shim
 .text.dadd_shim
                0x10001b94      0x15c CMakeFiles/Audio_Timer_Interrupt_DDS.dir/C_/Users/nanas/.pico-sdk/sdk/2.3.0/src/rp2_common/pico_double/double_v1_rom_shim_rp2040.S.obj
                0x10001b94                dadd_shim
 .text.dmul_shim
                0x10001cf0      0x15c CMakeFiles/Audio_Timer_Interrupt_DDS.dir/C_/Users/nanas/.pico-sdk/sdk/2.3.0/src/rp2_common/pico_double/double_v1_rom_shim_rp2040.S.obj
                0x10001cf0                dmul_shim
 .text.ddiv_shim
                0x10001e4c      0x1b0 CMakeFiles/Audio_Timer_Interrupt_DDS.dir/C_/Users/nanas/.pico-sdk/sdk/2.3.0/src/rp2_common/pico_double/double_v1_rom_shim_rp2040.S.obj
                0x10001e4c                ddiv_shim
 .text.dcordic_vec_step
                0x10001ffc        0xe CMakeFiles/Audio_Timer_Interrupt_DDS.dir/C_/Users/nanas/.pico-sdk/sdk/2.3.0/src/rp2_common/pico_double/double_v1_rom_shim_rp2040.S.obj
                0x10001ffc                dcordic_vec_step
 .text.dcordic_rot_step
                0x1000200a       0x76 CMakeFiles/Audio_Timer_Interrupt_DDS.dir/C_/Users/nanas/.pico-sdk/sdk/2.3.0/src/rp2_common/pico_double/double_v1_rom_shim_rp2040.S.obj
                0x1000200a                dcordic_rot_step
 .text.double2int64_shim
                0x10002080       0x1a CMakeFiles/Audio_Timer_Interrupt_DDS.dir/C_/Users/nanas/.pico-sdk/sdk/2.3.0/src/rp2_common/pico_double/double_v1_rom_shim_rp2040.S.obj
                0x10002080                double2int64_shim
                0x10002082                double2fix64_shim
 *fill*         0x1000209a        0x2 
 .text.double2uint64_shim
                0x1000209c       0x70 CMakeFiles/Audio_Timer_Interrupt_DDS.dir/C_/Users/nanas/.pico-sdk/sdk/2.3.0/src/rp2_common/pico_double/double_v1_rom_shim_rp2040.S.obj
                0x1000209c                double2uint64_shim
                0x1000209e                double2ufix64_shim
                0x100020be                d2fix_a
 .text.x2double_shims
                0x1000210c       0x90 CMakeFiles/Audio_Timer_Interrupt_DDS.dir/C_/Users/nanas/.pico-sdk/sdk/2.3.0/src/rp2_common/pico_double/double_v1_rom_shim_rp2040.S.obj
                0x1000210c                uint2double_shim
                0x1000210e                ufix2double_shim
                0x10002114                int2double_shim
                0x10002116                fix2double_shim
                0x1000211c                uint642double_shim
                0x1000211e                ufix642double_shim
                0x10002124                int642double_shim
                0x10002126                fix642double_shim
 .text.dunpacks
                0x1000219c       0x3c CMakeFiles/Audio_Timer_Interrupt_DDS.dir/C_/Users/nanas/.pico-sdk/sdk/2.3.0/src/rp2_common/pico_double/double_v1_rom_shim_rp2040.S.obj
                0x1000219c                dunpacks
 .text.dreduce  0x100021d8       0x82 CMakeFiles/Audio_Timer_Interrupt_DDS.dir/C_/Users/nanas/.pico-sdk/sdk/2.3.0/src/rp2_common/pico_double/double_v1_rom_shim_rp2040.S.obj
                0x100021d8                dreduce
 .text.dsin_shim
                0x1000225a       0x14 CMakeFiles/Audio_Timer_Interrupt_DDS.dir/C_/Users/nanas/.pico-sdk/sdk/2.3.0/src/rp2_common/pico_double/double_v1_rom_shim_rp2040.S.obj
                0x1000225a                dsin_shim
 *fill*         0x1000226e        0x2 
 .text.dtrig_guts
                0x10002270      0x2ec CMakeFiles/Audio_Timer_Interrupt_DDS.dir/C_/Users/nanas/.pico-sdk/sdk/2.3.0/src/rp2_common/pico_double/double_v1_rom_shim_rp2040.S.obj
                0x10002348                datan2_shim
 .text.__aeabi_lmul
                0x1000255c       0x32 CMakeFiles/Audio_Timer_Interrupt_DDS.dir/C_/Users/nanas/.pico-sdk/sdk/2.3.0/src/rp2_common/pico_int64_ops/pico_int64_ops_aeabi.S.obj
                0x1000255c                __wrap___aeabi_lmul
 *fill*         0x1000258e        0x2 
 .text.__wrap___aeabi_i2f
                0x10002590       0x44 CMakeFiles/Audio_Timer_Interrupt_DDS.dir/C_/Users/nanas/.pico-sdk/sdk/2.3.0/src/rp2_common/pico_float/float_aeabi_rp2040.S.obj
                0x10002590                __wrap___aeabi_i2f
                0x10002590                int2float
 .text.__wrap___aeabi_f2d
                0x100025d4       0x14 CMakeFiles/Audio_Timer_Interrupt_DDS.dir/C_/Users/nanas/.pico-sdk/sdk/2.3.0/src/rp2_common/pico_float/float_aeabi_rp2040.S.obj
                0x100025d4                __wrap___aeabi_f2d
 .text.__aeabi_float_init
                0x100025e8       0x68 CMakeFiles/Audio_Timer_Interrupt_DDS.dir/C_/Users/nanas/.pico-sdk/sdk/2.3.0/src/rp2_common/pico_float/float_init_rom_rp2040.c.obj
                0x100025e8                __aeabi_float_init
 .text.float_table_shim_on_use_helper
                0x10002650       0x2c CMakeFiles/Audio_Timer_Interrupt_DDS.dir/C_/Users/nanas/.pico-sdk/sdk/2.3.0/src/rp2_common/pico_float/float_v1_rom_shim_rp2040.S.obj
                0x10002650                float_table_shim_on_use_helper
 .text.float2double_shim
                0x1000267c       0x30 CMakeFiles/Audio_Timer_Interrupt_DDS.dir/C_/Users/nanas/.pico-sdk/sdk/2.3.0/src/rp2_common/pico_float/float_v1_rom_shim_rp2040.S.obj
                0x1000267c                float2double_shim
 .text          0x100026ac       0x10 CMakeFiles/Audio_Timer_Interrupt_DDS.dir/C_/Users/nanas/.pico-sdk/sdk/2.3.0/src/rp2_common/pico_mem_ops/mem_ops_aeabi.S.obj
                0x100026ac                __aeabi_mem_init
 .text.memcpy   0x100026bc        0xc CMakeFiles/Audio_Timer_Interrupt_DDS.dir/C_/Users/nanas/.pico-sdk/sdk/2.3.0/src/rp2_common/pico_mem_ops/mem_ops_aeabi.S.obj
                0x100026bc                __wrap_memcpy
                0x100026bc                __wrap___aeabi_memcpy
 .text._out_char
                0x100026c8       0x10 CMakeFiles/Audio_Timer_Interrupt_DDS.dir/C_/Users/nanas/.pico-sdk/sdk/2.3.0/src/rp2_common/pico_printf/printf.c.obj
 .text.weak_raw_vprintf
                0x100026d8       0x30 CMakeFiles/Audio_Timer_Interrupt_DDS.dir/C_/Users/nanas/.pico-sdk/sdk/2.3.0/src/rp2_common/pico_printf/printf.c.obj
                0x100026d8                weak_raw_vprintf
 .text._exit    0x10002708        0x4 CMakeFiles/Audio_Timer_Interrupt_DDS.dir/C_/Users/nanas/.pico-sdk/sdk/2.3.0/src/rp2_common/pico_clib_interface/newlib_interface.c.obj
                0x10002708                _exit
 .text._fini    0x1000270c        0x4 CMakeFiles/Audio_Timer_Interrupt_DDS.dir/C_/Users/nanas/.pico-sdk/sdk/2.3.0/src/rp2_common/pico_clib_interface/newlib_interface.c.obj
                0x1000270c                _fini
 .text.exit     0x10002710        0x8 CMakeFiles/Audio_Timer_Interrupt_DDS.dir/C_/Users/nanas/.pico-sdk/sdk/2.3.0/src/rp2_common/pico_clib_interface/newlib_interface.c.obj
                0x10002710                exit
 .text.runtime_init
                0x10002718       0x2c CMakeFiles/Audio_Timer_Interrupt_DDS.dir/C_/Users/nanas/.pico-sdk/sdk/2.3.0/src/rp2_common/pico_clib_interface/newlib_interface.c.obj
                0x10002718                runtime_init
 .text.stdio_out_chars_no_crlf
                0x10002744       0x10 CMakeFiles/Audio_Timer_Interrupt_DDS.dir/C_/Users/nanas/.pico-sdk/sdk/2.3.0/src/rp2_common/pico_stdio/stdio.c.obj
 .text.stdio_out_chars_crlf
                0x10002754       0x90 CMakeFiles/Audio_Timer_Interrupt_DDS.dir/C_/Users/nanas/.pico-sdk/sdk/2.3.0/src/rp2_common/pico_stdio/stdio.c.obj
 .text.stdio_put_string
                0x100027e4       0xf4 CMakeFiles/Audio_Timer_Interrupt_DDS.dir/C_/Users/nanas/.pico-sdk/sdk/2.3.0/src/rp2_common/pico_stdio/stdio.c.obj
                0x100027e4                stdio_put_string
 .text.stdio_set_driver_enabled
                0x100028d8       0x30 CMakeFiles/Audio_Timer_Interrupt_DDS.dir/C_/Users/nanas/.pico-sdk/sdk/2.3.0/src/rp2_common/pico_stdio/stdio.c.obj
                0x100028d8                stdio_set_driver_enabled
 .text.stdio_init_all
                0x10002908        0xc CMakeFiles/Audio_Timer_Interrupt_DDS.dir/C_/Users/nanas/.pico-sdk/sdk/2.3.0/src/rp2_common/pico_stdio/stdio.c.obj
                0x10002908                stdio_init_all
 .text.__wrap_putchar
                0x10002914       0x94 CMakeFiles/Audio_Timer_Interrupt_DDS.dir/C_/Users/nanas/.pico-sdk/sdk/2.3.0/src/rp2_common/pico_stdio/stdio.c.obj
                0x10002914                __wrap_putchar
                0x10002914                stdio_putchar
 .text.__wrap_puts
                0x100029a8       0x3c CMakeFiles/Audio_Timer_Interrupt_DDS.dir/C_/Users/nanas/.pico-sdk/sdk/2.3.0/src/rp2_common/pico_stdio/stdio.c.obj
                0x100029a8                stdio_puts
                0x100029a8                __wrap_puts
 .text.stdio_uart_out_chars
                0x100029e4       0x4c CMakeFiles/Audio_Timer_Interrupt_DDS.dir/C_/Users/nanas/.pico-sdk/sdk/2.3.0/src/rp2_common/pico_stdio_uart/stdio_uart.c.obj
 .text.stdio_uart_in_chars
                0x10002a30       0x8c CMakeFiles/Audio_Timer_Interrupt_DDS.dir/C_/Users/nanas/.pico-sdk/sdk/2.3.0/src/rp2_common/pico_stdio_uart/stdio_uart.c.obj
                0x10002a30                stdio_uart_in_chars
 .text.on_uart_rx
                0x10002abc       0x28 CMakeFiles/Audio_Timer_Interrupt_DDS.dir/C_/Users/nanas/.pico-sdk/sdk/2.3.0/src/rp2_common/pico_stdio_uart/stdio_uart.c.obj
 .text.stdio_uart_out_flush
                0x10002ae4       0x14 CMakeFiles/Audio_Timer_Interrupt_DDS.dir/C_/Users/nanas/.pico-sdk/sdk/2.3.0/src/rp2_common/pico_stdio_uart/stdio_uart.c.obj
 .text.stdio_uart_set_chars_available_callback
                0x10002af8       0x84 CMakeFiles/Audio_Timer_Interrupt_DDS.dir/C_/Users/nanas/.pico-sdk/sdk/2.3.0/src/rp2_common/pico_stdio_uart/stdio_uart.c.obj
 .text.stdio_uart_init
                0x10002b7c       0x50 CMakeFiles/Audio_Timer_Interrupt_DDS.dir/C_/Users/nanas/.pico-sdk/sdk/2.3.0/src/rp2_common/pico_stdio_uart/stdio_uart.c.obj
                0x10002b7c                stdio_uart_init
 .text.startup.boot_double_tap_check
                0x10002bcc       0x5c CMakeFiles/Audio_Timer_Interrupt_DDS.dir/C_/Users/nanas/.pico-sdk/sdk/2.3.0/src/rp2_common/pico_bootsel_via_double_reset/pico_bootsel_via_double_reset.c.obj
 .text.spi_init
                0x10002c28      0x114 CMakeFiles/Audio_Timer_Interrupt_DDS.dir/C_/Users/nanas/.pico-sdk/sdk/2.3.0/src/rp2_common/hardware_spi/spi.c.obj
                0x10002c28                spi_init
 .text.strlen   0x10002d3c       0x60 C:/Users/nanas/.pico-sdk/toolchain/15_2_Rel1/bin/../lib/gcc/arm-none-eabi/15.2.1/../../../../arm-none-eabi/lib/thumb/v6-m/nofp\libg.a(libc_a-strlen-stub.o)
                0x10002d3c                strlen
 *fill*         0x10002d9c        0x4 
 .text.strlen.__stub
                0x10002da0       0x40 linker stubs
 *(.fini)
 *crtbegin.o(.ctors)
 *crtbegin?.o(.ctors)
 *(EXCLUDE_FILE(*crtend.o *crtend?.o) .ctors)
 *(SORT_BY_NAME(.ctors.*))
 *(.ctors)
 *crtbegin.o(.dtors)
 *crtbegin?.o(.dtors)
 *(EXCLUDE_FILE(*crtend.o *crtend?.o) .dtors)
 *(SORT_BY_NAME(.dtors.*))
 *(.dtors)
                0x10002de0                        . = ALIGN (0x4)
                [!provide]                        PROVIDE (__bothinit_array_start = .)
                0x10002de0                        PROVIDE (__preinit_array_start = .)
 *(SORT_BY_NAME(.preinit_array.*))
 .preinit_array.00100
                0x10002de0        0x4 CMakeFiles/Audio_Timer_Interrupt_DDS.dir/C_/Users/nanas/.pico-sdk/sdk/2.3.0/src/rp2_common/pico_runtime_init/runtime_init.c.obj
                0x10002de0                __pre_init_runtime_init_early_resets
 .preinit_array.00101
                0x10002de4        0x4 CMakeFiles/Audio_Timer_Interrupt_DDS.dir/C_/Users/nanas/.pico-sdk/sdk/2.3.0/src/rp2_common/pico_runtime_init/runtime_init.c.obj
                0x10002de4                __pre_init_runtime_init_usb_power_down
 .preinit_array.00275
                0x10002de8        0x4 CMakeFiles/Audio_Timer_Interrupt_DDS.dir/C_/Users/nanas/.pico-sdk/sdk/2.3.0/src/rp2_common/pico_bit_ops/bit_ops_aeabi.S.obj
 .preinit_array.00300
                0x10002dec        0x4 CMakeFiles/Audio_Timer_Interrupt_DDS.dir/C_/Users/nanas/.pico-sdk/sdk/2.3.0/src/rp2_common/pico_mem_ops/mem_ops_aeabi.S.obj
 .preinit_array.00350
                0x10002df0        0x4 CMakeFiles/Audio_Timer_Interrupt_DDS.dir/C_/Users/nanas/.pico-sdk/sdk/2.3.0/src/rp2_common/pico_double/double_aeabi_rp2040.S.obj
 .preinit_array.00350
                0x10002df4        0x4 CMakeFiles/Audio_Timer_Interrupt_DDS.dir/C_/Users/nanas/.pico-sdk/sdk/2.3.0/src/rp2_common/pico_float/float_aeabi_rp2040.S.obj
 .preinit_array.00500
                0x10002df8        0x4 CMakeFiles/Audio_Timer_Interrupt_DDS.dir/C_/Users/nanas/.pico-sdk/sdk/2.3.0/src/rp2_common/pico_runtime_init/runtime_init.c.obj
                0x10002df8                __pre_init_runtime_init_clocks
 .preinit_array.00600
                0x10002dfc        0x4 CMakeFiles/Audio_Timer_Interrupt_DDS.dir/C_/Users/nanas/.pico-sdk/sdk/2.3.0/src/rp2_common/pico_runtime_init/runtime_init.c.obj
                0x10002dfc                __pre_init_runtime_init_post_clock_resets
 .preinit_array.00700
                0x10002e00        0x4 CMakeFiles/Audio_Timer_Interrupt_DDS.dir/C_/Users/nanas/.pico-sdk/sdk/2.3.0/src/rp2_common/pico_runtime_init/runtime_init.c.obj
                0x10002e00                __pre_init_runtime_init_rp2040_gpio_ie_disable
 .preinit_array.01000
                0x10002e04        0x4 CMakeFiles/Audio_Timer_Interrupt_DDS.dir/C_/Users/nanas/.pico-sdk/sdk/2.3.0/src/rp2_common/pico_runtime_init/runtime_init.c.obj
                0x10002e04                __pre_init_runtime_init_spin_locks_reset
 .preinit_array.01100
                0x10002e08        0x4 CMakeFiles/Audio_Timer_Interrupt_DDS.dir/C_/Users/nanas/.pico-sdk/sdk/2.3.0/src/common/pico_sync/mutex.c.obj
                0x10002e08                __pre_init_runtime_init_mutex
 .preinit_array.10080
                0x10002e0c        0x4 CMakeFiles/Audio_Timer_Interrupt_DDS.dir/C_/Users/nanas/.pico-sdk/sdk/2.3.0/src/rp2_common/pico_runtime_init/runtime_init.c.obj
                0x10002e0c                __pre_init_runtime_init_install_ram_vector_table
 .preinit_array.11000
                0x10002e10        0x4 CMakeFiles/Audio_Timer_Interrupt_DDS.dir/C_/Users/nanas/.pico-sdk/sdk/2.3.0/src/common/pico_time/time.c.obj
                0x10002e10                __pre_init_runtime_init_default_alarm_pool
 .preinit_array.YYYYY
                0x10002e14        0x4 CMakeFiles/Audio_Timer_Interrupt_DDS.dir/C_/Users/nanas/.pico-sdk/sdk/2.3.0/src/rp2_common/pico_runtime/runtime.c.obj
                0x10002e14                __pre_init_first_per_core_initializer
 .preinit_array.ZZZZZ.01200
                0x10002e18        0x4 CMakeFiles/Audio_Timer_Interrupt_DDS.dir/C_/Users/nanas/.pico-sdk/sdk/2.3.0/src/rp2_common/hardware_irq/irq.c.obj
                0x10002e18                __pre_init_runtime_init_per_core_irq_priorities
 *(.preinit_array)
                0x10002e1c                        PROVIDE (__preinit_array_end = .)
                0x10002e1c                        . = ALIGN (0x4)
                0x10002e1c                        PROVIDE (__init_array_start = .)
 *(SORT_BY_NAME(.init_array.*))
 *(.init_array)
 .init_array    0x10002e1c        0x4 CMakeFiles/Audio_Timer_Interrupt_DDS.dir/C_/Users/nanas/.pico-sdk/sdk/2.3.0/src/rp2_common/pico_bootsel_via_double_reset/pico_bootsel_via_double_reset.c.obj
                0x10002e20                        PROVIDE (__init_array_end = .)
                [!provide]                        PROVIDE (__bothinit_array_end = .)
                0x10002e20                        . = ALIGN (0x4)
                [!provide]                        PROVIDE (__fini_array_start = .)
 *(SORT_BY_NAME(.fini_array.*))
 *(.fini_array)
                [!provide]                        PROVIDE (__fini_array_end = .)
                [!provide]                        PROVIDE (__dso_handle = 0x0)
 *(.eh_frame*)
                0x10002e20                        . = ALIGN (0x4)

.glue_7         0x10002e20        0x0
 .glue_7        0x10002e20        0x0 linker stubs

.glue_7t        0x10002e20        0x0
 .glue_7t       0x10002e20        0x0 linker stubs

.vfp11_veneer   0x10002e20        0x0
 .vfp11_veneer  0x10002e20        0x0 linker stubs

.v4_bx          0x10002e20        0x0
 .v4_bx         0x10002e20        0x0 linker stubs

.iplt           0x10002e20        0x0
 .iplt          0x10002e20        0x0 CMakeFiles/Audio_Timer_Interrupt_DDS.dir/dactest.c.obj

.rodata         0x10002e20      0x160
 *(EXCLUDE_FILE(*libm.a: *lib*_a-mem*.o *libc.a: *libgcc.a:) .rodata*)
 .rodata.main.str1.4
                0x10002e20       0xe0 CMakeFiles/Audio_Timer_Interrupt_DDS.dir/dactest.c.obj
                                  0xc (size before relaxing)
 .rodata.panic.str1.4
                0x10002f00        0x0 CMakeFiles/Audio_Timer_Interrupt_DDS.dir/C_/Users/nanas/.pico-sdk/sdk/2.3.0/src/rp2_common/pico_platform_panic/panic.c.obj
                                 0x11 (size before relaxing)
 .rodata.timer_hardware_alarm_claim.str1.4
                0x10002f00        0x0 CMakeFiles/Audio_Timer_Interrupt_DDS.dir/C_/Users/nanas/.pico-sdk/sdk/2.3.0/src/rp2_common/hardware_timer/timer.c.obj
                                 0x22 (size before relaxing)
 .rodata.hard_assertion_failure.str1.4
                0x10002f00        0x0 CMakeFiles/Audio_Timer_Interrupt_DDS.dir/C_/Users/nanas/.pico-sdk/sdk/2.3.0/src/rp2_common/pico_runtime/runtime.c.obj
                                  0xc (size before relaxing)
 .rodata.str1.4
                0x10002f00        0x0 CMakeFiles/Audio_Timer_Interrupt_DDS.dir/C_/Users/nanas/.pico-sdk/sdk/2.3.0/src/rp2_common/pico_standard_binary_info/standard_binary_info.c.obj
                                 0x50 (size before relaxing)
 .rodata.__bi_84
                0x10002f00        0xc CMakeFiles/Audio_Timer_Interrupt_DDS.dir/C_/Users/nanas/.pico-sdk/sdk/2.3.0/src/rp2_common/pico_standard_binary_info/standard_binary_info.c.obj
 .rodata.__bi_78
                0x10002f0c        0xc CMakeFiles/Audio_Timer_Interrupt_DDS.dir/C_/Users/nanas/.pico-sdk/sdk/2.3.0/src/rp2_common/pico_standard_binary_info/standard_binary_info.c.obj
 .rodata.__bi_54
                0x10002f18        0xc CMakeFiles/Audio_Timer_Interrupt_DDS.dir/C_/Users/nanas/.pico-sdk/sdk/2.3.0/src/rp2_common/pico_standard_binary_info/standard_binary_info.c.obj
 .rodata.__bi_48
                0x10002f24        0xc CMakeFiles/Audio_Timer_Interrupt_DDS.dir/C_/Users/nanas/.pico-sdk/sdk/2.3.0/src/rp2_common/pico_standard_binary_info/standard_binary_info.c.obj
 .rodata.__bi_42
                0x10002f30        0xc CMakeFiles/Audio_Timer_Interrupt_DDS.dir/C_/Users/nanas/.pico-sdk/sdk/2.3.0/src/rp2_common/pico_standard_binary_info/standard_binary_info.c.obj
 .rodata.__bi_34
                0x10002f3c        0xc CMakeFiles/Audio_Timer_Interrupt_DDS.dir/C_/Users/nanas/.pico-sdk/sdk/2.3.0/src/rp2_common/pico_standard_binary_info/standard_binary_info.c.obj
 .rodata.__bi_26
                0x10002f48        0xc CMakeFiles/Audio_Timer_Interrupt_DDS.dir/C_/Users/nanas/.pico-sdk/sdk/2.3.0/src/rp2_common/pico_standard_binary_info/standard_binary_info.c.obj
 .rodata.crlf_str.0
                0x10002f54        0x2 CMakeFiles/Audio_Timer_Interrupt_DDS.dir/C_/Users/nanas/.pico-sdk/sdk/2.3.0/src/rp2_common/pico_stdio/stdio.c.obj
 .rodata.str1.4
                0x10002f56        0x0 CMakeFiles/Audio_Timer_Interrupt_DDS.dir/C_/Users/nanas/.pico-sdk/sdk/2.3.0/src/rp2_common/pico_stdio_uart/stdio_uart.c.obj
                                 0x2c (size before relaxing)
 *fill*         0x10002f56        0x2 
 .rodata.__bi_45.4
                0x10002f58        0xc CMakeFiles/Audio_Timer_Interrupt_DDS.dir/C_/Users/nanas/.pico-sdk/sdk/2.3.0/src/rp2_common/pico_stdio_uart/stdio_uart.c.obj
 .rodata.__bi_49.5
                0x10002f64        0x8 CMakeFiles/Audio_Timer_Interrupt_DDS.dir/C_/Users/nanas/.pico-sdk/sdk/2.3.0/src/rp2_common/pico_stdio_uart/stdio_uart.c.obj
 .rodata.__bi_50.6
                0x10002f6c        0x8 CMakeFiles/Audio_Timer_Interrupt_DDS.dir/C_/Users/nanas/.pico-sdk/sdk/2.3.0/src/rp2_common/pico_stdio_uart/stdio_uart.c.obj
 .rodata.str1.4
                0x10002f74        0x0 CMakeFiles/Audio_Timer_Interrupt_DDS.dir/C_/Users/nanas/.pico-sdk/sdk/2.3.0/src/rp2_common/pico_bootsel_via_double_reset/pico_bootsel_via_double_reset.c.obj
                                 0x18 (size before relaxing)
 .rodata.__bi_50
                0x10002f74        0xc CMakeFiles/Audio_Timer_Interrupt_DDS.dir/C_/Users/nanas/.pico-sdk/sdk/2.3.0/src/rp2_common/pico_bootsel_via_double_reset/pico_bootsel_via_double_reset.c.obj
 *(.srodata*)
                0x10002f80                        . = ALIGN (0x4)
 *(SORT_BY_ALIGNMENT(SORT_BY_NAME(.flashdata*)))
                0x10002f80                        . = ALIGN (0x4)

.ARM.extab
 *(.ARM.extab* .gnu.linkonce.armextab.*)
                0x10002f80                        __exidx_start = .

.ARM.exidx
 *(.ARM.exidx* .gnu.linkonce.armexidx.*)
                0x10002f80                        __exidx_end = .
                0x10002f80                        . = ALIGN (0x4)
                0x10002f80                        __binary_info_start = .

.binary_info    0x10002f80       0x2c
 *(.binary_info.keep.*)
 .binary_info.keep.__bi_ptr84
                0x10002f80        0x4 CMakeFiles/Audio_Timer_Interrupt_DDS.dir/C_/Users/nanas/.pico-sdk/sdk/2.3.0/src/rp2_common/pico_standard_binary_info/standard_binary_info.c.obj
 .binary_info.keep.__bi_ptr78
                0x10002f84        0x4 CMakeFiles/Audio_Timer_Interrupt_DDS.dir/C_/Users/nanas/.pico-sdk/sdk/2.3.0/src/rp2_common/pico_standard_binary_info/standard_binary_info.c.obj
 .binary_info.keep.__bi_ptr54
                0x10002f88        0x4 CMakeFiles/Audio_Timer_Interrupt_DDS.dir/C_/Users/nanas/.pico-sdk/sdk/2.3.0/src/rp2_common/pico_standard_binary_info/standard_binary_info.c.obj
 .binary_info.keep.__bi_ptr48
                0x10002f8c        0x4 CMakeFiles/Audio_Timer_Interrupt_DDS.dir/C_/Users/nanas/.pico-sdk/sdk/2.3.0/src/rp2_common/pico_standard_binary_info/standard_binary_info.c.obj
 .binary_info.keep.__bi_ptr42
                0x10002f90        0x4 CMakeFiles/Audio_Timer_Interrupt_DDS.dir/C_/Users/nanas/.pico-sdk/sdk/2.3.0/src/rp2_common/pico_standard_binary_info/standard_binary_info.c.obj
 .binary_info.keep.__bi_ptr34
                0x10002f94        0x4 CMakeFiles/Audio_Timer_Interrupt_DDS.dir/C_/Users/nanas/.pico-sdk/sdk/2.3.0/src/rp2_common/pico_standard_binary_info/standard_binary_info.c.obj
 .binary_info.keep.__bi_ptr26
                0x10002f98        0x4 CMakeFiles/Audio_Timer_Interrupt_DDS.dir/C_/Users/nanas/.pico-sdk/sdk/2.3.0/src/rp2_common/pico_standard_binary_info/standard_binary_info.c.obj
 .binary_info.keep.__bi_ptr50
                0x10002f9c        0x4 CMakeFiles/Audio_Timer_Interrupt_DDS.dir/C_/Users/nanas/.pico-sdk/sdk/2.3.0/src/rp2_common/pico_bootsel_via_double_reset/pico_bootsel_via_double_reset.c.obj
 *(.binary_info.*)
 .binary_info.__bi_ptr50
                0x10002fa0        0x4 CMakeFiles/Audio_Timer_Interrupt_DDS.dir/C_/Users/nanas/.pico-sdk/sdk/2.3.0/src/rp2_common/pico_stdio_uart/stdio_uart.c.obj
 .binary_info.__bi_ptr49
                0x10002fa4        0x4 CMakeFiles/Audio_Timer_Interrupt_DDS.dir/C_/Users/nanas/.pico-sdk/sdk/2.3.0/src/rp2_common/pico_stdio_uart/stdio_uart.c.obj
 .binary_info.__bi_ptr45
                0x10002fa8        0x4 CMakeFiles/Audio_Timer_Interrupt_DDS.dir/C_/Users/nanas/.pico-sdk/sdk/2.3.0/src/rp2_common/pico_stdio_uart/stdio_uart.c.obj
                0x10002fac                        __binary_info_end = .
                0x10002fac                        . = ALIGN (0x4)

.xip_ram        0x15000000        0x0 load address 0x10002fac
                0x15000000                        __xip_ram_start__ = .
                0x15000000                        . = ALIGN (0x4)
 *(.xip_ram*)
                0x15000000                        . = ALIGN (0x4)
                0x15000000                        __xip_ram_end__ = .
                0x10002fac                        __xip_ram_source__ = LOADADDR (.xip_ram)

.ram_vector_table
                0x20000000       0xc0
 *(.ram_vector_table)
 .ram_vector_table
                0x20000000       0xc0 CMakeFiles/Audio_Timer_Interrupt_DDS.dir/C_/Users/nanas/.pico-sdk/sdk/2.3.0/src/rp2_common/pico_runtime_init/runtime_init.c.obj
                0x20000000                ram_vector_table

.uninitialized_data
                0x200000c0        0xc
                0x200000c0                        . = ALIGN (0x4)
 *(.uninitialized_data*)
 .uninitialized_data.magic_location
                0x200000c0        0xc CMakeFiles/Audio_Timer_Interrupt_DDS.dir/C_/Users/nanas/.pico-sdk/sdk/2.3.0/src/rp2_common/pico_bootsel_via_double_reset/pico_bootsel_via_double_reset.c.obj

.data           0x200000d0      0x220 load address 0x10002fac
                0x200000d0                        __data_start__ = .
 *(vtable)
 *(.time_critical*)
 .time_critical.mutex_try_enter
                0x200000d0       0x40 CMakeFiles/Audio_Timer_Interrupt_DDS.dir/C_/Users/nanas/.pico-sdk/sdk/2.3.0/src/common/pico_sync/mutex.c.obj
                0x200000d0                mutex_try_enter
 .time_critical.mutex_enter_block_until
                0x20000110       0x64 CMakeFiles/Audio_Timer_Interrupt_DDS.dir/C_/Users/nanas/.pico-sdk/sdk/2.3.0/src/common/pico_sync/mutex.c.obj
                0x20000110                mutex_enter_block_until
 .time_critical.mutex_try_enter_block_until
                0x20000174       0x34 CMakeFiles/Audio_Timer_Interrupt_DDS.dir/C_/Users/nanas/.pico-sdk/sdk/2.3.0/src/common/pico_sync/mutex.c.obj
                0x20000174                mutex_try_enter_block_until
 .time_critical.mutex_exit
                0x200001a8       0x28 CMakeFiles/Audio_Timer_Interrupt_DDS.dir/C_/Users/nanas/.pico-sdk/sdk/2.3.0/src/common/pico_sync/mutex.c.obj
                0x200001a8                mutex_exit
 .time_critical.spi_write16_blocking
                0x200001d0       0x54 CMakeFiles/Audio_Timer_Interrupt_DDS.dir/C_/Users/nanas/.pico-sdk/sdk/2.3.0/src/rp2_common/hardware_spi/spi.c.obj
                0x200001d0                spi_write16_blocking
 *(.text*)
 .text          0x20000224        0x4 C:/Users/nanas/.pico-sdk/toolchain/15_2_Rel1/bin/../lib/gcc/arm-none-eabi/15.2.1/thumb/v6-m/nofp\libgcc.a(_dvmd_tls.o)
                0x20000224                __aeabi_idiv0
                0x20000224                __aeabi_ldiv0
 .text.__stub   0x20000228       0x10 linker stubs
                0x20000238                        . = ALIGN (0x4)
 *(.rodata*)
                0x20000238                        . = ALIGN (0x4)
                [!provide]                        PROVIDE (__emutls_array_start = .)
 *(.*.__emutls_v.*)
                [!provide]                        PROVIDE (__emutls_array_end = .)
                0x20000238                        . = ALIGN (0x4)
 *(.data*)
 .data.phase_incr_main
                0x20000238        0x4 CMakeFiles/Audio_Timer_Interrupt_DDS.dir/dactest.c.obj
                0x20000238                phase_incr_main
 .data.striped_spin_lock_num
                0x2000023c        0x1 CMakeFiles/Audio_Timer_Interrupt_DDS.dir/C_/Users/nanas/.pico-sdk/sdk/2.3.0/src/rp2_common/hardware_sync/sync.c.obj
 *fill*         0x2000023d        0x3 
 .data          0x20000240       0x48 CMakeFiles/Audio_Timer_Interrupt_DDS.dir/C_/Users/nanas/.pico-sdk/sdk/2.3.0/src/rp2_common/hardware_irq/irq_handler_chain.S.obj
                0x20000240                irq_handler_chain_slots
                0x20000270                irq_handler_chain_first_slot
                0x2000027a                irq_handler_chain_remove_tail
 .data.last_added.0
                0x20000288        0x8 CMakeFiles/Audio_Timer_Interrupt_DDS.dir/C_/Users/nanas/.pico-sdk/sdk/2.3.0/src/common/pico_time/time.c.obj
 .data.default_alarm_pool
                0x20000290       0x18 CMakeFiles/Audio_Timer_Interrupt_DDS.dir/C_/Users/nanas/.pico-sdk/sdk/2.3.0/src/common/pico_time/time.c.obj
 *fill*         0x200002a8        0x8 
 .data.aeabi_bits_funcs
                0x200002b0       0x10 CMakeFiles/Audio_Timer_Interrupt_DDS.dir/C_/Users/nanas/.pico-sdk/sdk/2.3.0/src/rp2_common/pico_bit_ops/bit_ops_aeabi.S.obj
                0x200002b0                aeabi_bits_funcs
                0x200002c0                aeabi_bits_funcs_end
 .data.aeabi_mem_funcs
                0x200002c0       0x10 CMakeFiles/Audio_Timer_Interrupt_DDS.dir/C_/Users/nanas/.pico-sdk/sdk/2.3.0/src/rp2_common/pico_mem_ops/mem_ops_aeabi.S.obj
                0x200002c0                aeabi_mem_funcs
                0x200002d0                aeabi_mem_funcs_end
 .data.stdio_uart
                0x200002d0       0x18 CMakeFiles/Audio_Timer_Interrupt_DDS.dir/C_/Users/nanas/.pico-sdk/sdk/2.3.0/src/rp2_common/pico_stdio_uart/stdio_uart.c.obj
                0x200002d0                stdio_uart
 *(.sdata*)
                0x200002e8                        . = ALIGN (0x4)
 *(.after_data.*)
                0x200002e8                        . = ALIGN (0x4)
                0x200002e8                        PROVIDE (__mutex_array_start = .)
 *(SORT_BY_NAME(.mutex_array.*))
 *(.mutex_array)
 .mutex_array   0x200002e8        0x8 CMakeFiles/Audio_Timer_Interrupt_DDS.dir/C_/Users/nanas/.pico-sdk/sdk/2.3.0/src/rp2_common/pico_stdio/stdio.c.obj
                0x200002f0                        PROVIDE (__mutex_array_end = .)
 *(.jcr)
                0x200002f0                        . = ALIGN (0x4)

.igot.plt       0x200002f0        0x0 load address 0x100031cc
 .igot.plt      0x200002f0        0x0 CMakeFiles/Audio_Timer_Interrupt_DDS.dir/dactest.c.obj

.tdata          0x200002f0        0x0 load address 0x100031cc
                0x200002f0                        . = ALIGN (0x4)
 *(.tdata .tdata.* .gnu.linkonce.td.*)
                0x200002f0                        __tdata_end = .
                0x200002f0                        PROVIDE (__data_end__ = .)
                0x10002fac                        __etext = LOADADDR (.data)
                0x200002f0                        . = ALIGN (0x4)

.tbss           0x200002f0        0x0 load address 0x100031cc
                0x200002f0                        __bss_start__ = .
                0x200002f0                        __tls_base = .
 *(.tbss .tbss.* .gnu.linkonce.tb.*)
 *(.tcommon)
                0x200002f0                        . = ALIGN (0x4)
                0x200002f0                        __tls_end = .

.tbss_space     0x200002f0        0x0 load address 0x100031cc
                0x200002f0                        . = (__bss_start__ + SIZEOF (.tbss))

.bss            0x200002f0      0x7e8 load address 0x100031cc
                0x200002f0                        . = ALIGN (0x4)
                0x200002f0                        __tbss_end = .
 *(SORT_BY_ALIGNMENT(SORT_BY_NAME(.bss*)))
 .bss.default_alarm_pool_entries
                0x200002f0      0x180 CMakeFiles/Audio_Timer_Interrupt_DDS.dir/C_/Users/nanas/.pico-sdk/sdk/2.3.0/src/common/pico_time/time.c.obj
 .bss.sd_table  0x20000470      0x100 CMakeFiles/Audio_Timer_Interrupt_DDS.dir/C_/Users/nanas/.pico-sdk/sdk/2.3.0/src/rp2_common/pico_double/double_init_rom_rp2040.c.obj
                0x20000470                sd_table
 .bss.sf_table  0x20000570      0x100 CMakeFiles/Audio_Timer_Interrupt_DDS.dir/C_/Users/nanas/.pico-sdk/sdk/2.3.0/src/rp2_common/pico_float/float_init_rom_rp2040.c.obj
                0x20000570                sf_table
 .bss.chars_available_callback
                0x20000670        0x4 CMakeFiles/Audio_Timer_Interrupt_DDS.dir/C_/Users/nanas/.pico-sdk/sdk/2.3.0/src/rp2_common/pico_stdio_uart/stdio_uart.c.obj
 .bss.chars_available_param
                0x20000674        0x4 CMakeFiles/Audio_Timer_Interrupt_DDS.dir/C_/Users/nanas/.pico-sdk/sdk/2.3.0/src/rp2_common/pico_stdio_uart/stdio_uart.c.obj
 .bss.claimed   0x20000678        0x1 CMakeFiles/Audio_Timer_Interrupt_DDS.dir/C_/Users/nanas/.pico-sdk/sdk/2.3.0/src/rp2_common/hardware_timer/timer.c.obj
 *fill*         0x20000679        0x3 
 .bss.configured_freq
                0x2000067c       0x28 CMakeFiles/Audio_Timer_Interrupt_DDS.dir/C_/Users/nanas/.pico-sdk/sdk/2.3.0/src/rp2_common/hardware_clocks/clocks.c.obj
 .bss.drivers   0x200006a4        0x4 CMakeFiles/Audio_Timer_Interrupt_DDS.dir/C_/Users/nanas/.pico-sdk/sdk/2.3.0/src/rp2_common/pico_stdio/stdio.c.obj
 .bss.filter    0x200006a8        0x4 CMakeFiles/Audio_Timer_Interrupt_DDS.dir/C_/Users/nanas/.pico-sdk/sdk/2.3.0/src/rp2_common/pico_stdio/stdio.c.obj
 .bss.lazy_vsnprintf
                0x200006ac        0x4 CMakeFiles/Audio_Timer_Interrupt_DDS.dir/C_/Users/nanas/.pico-sdk/sdk/2.3.0/src/rp2_common/pico_printf/printf.c.obj
 .bss.phase_accum_main
                0x200006b0        0x4 CMakeFiles/Audio_Timer_Interrupt_DDS.dir/dactest.c.obj
                0x200006b0                phase_accum_main
 .bss.pools     0x200006b4       0x10 CMakeFiles/Audio_Timer_Interrupt_DDS.dir/C_/Users/nanas/.pico-sdk/sdk/2.3.0/src/common/pico_time/time.c.obj
 .bss.sf_clz_func
                0x200006c4        0x4 CMakeFiles/Audio_Timer_Interrupt_DDS.dir/C_/Users/nanas/.pico-sdk/sdk/2.3.0/src/rp2_common/pico_double/double_init_rom_rp2040.c.obj
                0x200006c4                sf_clz_func
 .bss.sin_table
                0x200006c8      0x400 CMakeFiles/Audio_Timer_Interrupt_DDS.dir/dactest.c.obj
                0x200006c8                sin_table
 .bss.sleep_notifier
                0x20000ac8        0x4 CMakeFiles/Audio_Timer_Interrupt_DDS.dir/C_/Users/nanas/.pico-sdk/sdk/2.3.0/src/common/pico_time/time.c.obj
 .bss.uart_char_to_line_feed
                0x20000acc        0x4 CMakeFiles/Audio_Timer_Interrupt_DDS.dir/C_/Users/nanas/.pico-sdk/sdk/2.3.0/src/rp2_common/hardware_uart/uart.c.obj
                0x20000acc                uart_char_to_line_feed
 .bss.uart_instance
                0x20000ad0        0x4 CMakeFiles/Audio_Timer_Interrupt_DDS.dir/C_/Users/nanas/.pico-sdk/sdk/2.3.0/src/rp2_common/pico_stdio_uart/stdio_uart.c.obj
 .bss.DAC_data  0x20000ad4        0x2 CMakeFiles/Audio_Timer_Interrupt_DDS.dir/dactest.c.obj
                0x20000ad4                DAC_data
 .bss.irq_handler_chain_free_slot_head
                0x20000ad6        0x1 CMakeFiles/Audio_Timer_Interrupt_DDS.dir/C_/Users/nanas/.pico-sdk/sdk/2.3.0/src/rp2_common/hardware_irq/irq.c.obj
 *(COMMON)
                [!provide]                        PROVIDE (__global_pointer$ = (. + 0x800))
 *(.sbss*)
                0x20000ad8                        . = ALIGN (0x4)
 *fill*         0x20000ad7        0x1 
                0x20000ad8                        __bss_end__ = .
                [!provide]                        PROVIDE (__tls_start = SIZEOF (.tdata)?ADDR (.tdata):ADDR (.tbss))
                [!provide]                        PROVIDE (__tls_size = (__tls_end - __tls_start))
                0x00000001                        PROVIDE (__tls_align = MAX (ALIGNOF (.tdata), ALIGNOF (.tbss)))
                [!provide]                        PROVIDE (__tls_size_align = ALIGN (__tls_size, __tls_align))
                0x00000008                        PROVIDE (__arm32_tls_tcb_offset = MAX (0x8, __tls_align))
                0x00000000                        PROVIDE (__tdata_size = SIZEOF (.tdata))
                0x100031cc                        PROVIDE (__tdata_source = LOADADDR (.tdata))
                0x00000000                        PROVIDE (__tbss_size = SIZEOF (.tbss))
                [!provide]                        PROVIDE (__tbss_offset = (ADDR (.tbss) - __tls_start))

.tlsX_not_needed_marker
 *(.tlsX_not_needed_marker)
                [!provide]                        PROVIDE (__tlsX_align = (SIZEOF (.tlsX_not_needed_marker) > 0x0)?0x4:__tls_align)
                [!provide]                        PROVIDE (__tlsX_size_align = (SIZEOF (.tlsX_not_needed_marker) > 0x0)?0x0:__tls_size_align)
                0x200002f0                        __tls_start = DEFINED (__tls_start)?__tls_start:SIZEOF (.tdata)?ADDR (.tdata):ADDR (.tbss)
                0x00000000                        __tls_size = DEFINED (__tls_size)?__tls_size:(__tls_end - __tls_start)
                0x00000001                        __tls_align = DEFINED (__tls_align)?__tls_align:MAX (ALIGNOF (.tdata), ALIGNOF (.tbss))
                0x00000000                        __tls_size_align = DEFINED (__tls_size_align)?__tls_size_align:ALIGN (__tls_size, __tls_align)
                0x00000008                        __arm32_tls_tcb_offset = DEFINED (__arm32_tls_tcb_offset)?__arm32_tls_tcb_offset:MAX (0x8, __tls_align)
                0x00000000                        __tdata_size = DEFINED (__tdata_size)?__tdata_size:SIZEOF (.tdata)
                0x100031cc                        __tdata_source = DEFINED (__tdata_source)?__tdata_source:LOADADDR (.tdata)
                0x00000000                        __tbss_size = DEFINED (__tbss_size)?__tbss_size:SIZEOF (.tbss)
                0x00000000                        __tbss_offset = DEFINED (__tbss_offset)?__tbss_offset:(ADDR (.tbss) - __tls_start)
                0x00000001                        __tlsX_align = DEFINED (__tlsX_align)?__tlsX_align:(SIZEOF (.tlsX_not_needed_marker) > 0x0)?0x4:__tls_align
                0x00000000                        __tlsX_size_align = DEFINED (__tlsX_size_align)?__tlsX_size_align:(SIZEOF (.tlsX_not_needed_marker) > 0x0)?0x0:__tls_size_align

.tls0           0x20000ad8        0x0 load address 0x100031cc
                0x20000ad8                        . = ALIGN (__tlsX_align)
                0x20000ad8                        PROVIDE (__tls0_base = .)
                0x20000ad8                        . = (. + __tlsX_size_align)

.tls1           0x20000ad8        0x0 load address 0x100031cc
                0x20000ad8                        . = ALIGN (__tlsX_align)
                0x20000ad8                        PROVIDE (__tls1_base = .)
                0x20000ad8                        . = (. + __tlsX_size_align)

.persistent_data
                0x20000ad8        0x0 load address 0x100031cc
                0x20000ad8                        __persistent_data_start__ = .
 *(.persistent_data*)
                0x20000ad8                        . = ALIGN (0x4)
                [!provide]                        PROVIDE (__persistent_data_end__ = .)

.dummy_pre_heap
                0x20000ad8        0x0 load address 0x100031cc
                0x20000ad8                        . = .

.heap           0x20000ad8      0x800
                0x20000ad8                        __end__ = .
                0x20000ad8                        end = __end__
 *(.heap*)
 .heap          0x20000ad8      0x800 CMakeFiles/Audio_Timer_Interrupt_DDS.dir/C_/Users/nanas/.pico-sdk/sdk/2.3.0/src/rp2_common/pico_crt0/crt0.S.obj
                0x20040000                        __HeapLimit = DEFINED (HEAP_LIMIT)?HEAP_LIMIT:(ORIGIN (RAM) + LENGTH (RAM))

.scratch_x      0x20040000        0x0 load address 0x100031cc
                0x20040000                        __scratch_x_start__ = .
 *(.scratch_x.*)
                0x20040000                        . = ALIGN (0x4)
                0x20040000                        __scratch_x_end__ = .
                0x100031cc                        __scratch_x_source__ = LOADADDR (.scratch_x)

.scratch_y      0x20041000        0x0 load address 0x100031cc
                0x20041000                        __scratch_y_start__ = .
 *(.scratch_y.*)
                0x20041000                        . = ALIGN (0x4)
                0x20041000                        __scratch_y_end__ = .
                0x100031cc                        __scratch_y_source__ = LOADADDR (.scratch_y)

.stack1_dummy
 *(.stack1*)

.stack_dummy    0x20041000      0x800
 *(.stack*)
 .stack         0x20041000      0x800 CMakeFiles/Audio_Timer_Interrupt_DDS.dir/C_/Users/nanas/.pico-sdk/sdk/2.3.0/src/rp2_common/pico_crt0/crt0.S.obj

.rel.dyn        0x20041800        0x0
 .rel.iplt      0x20041800        0x0 CMakeFiles/Audio_Timer_Interrupt_DDS.dir/dactest.c.obj

.flash_end      0x100031cc        0x0
 *(.embedded_end_block*)
                0x100031cc                        PROVIDE (__flash_binary_end = .)
                0x20040000                        __StackLimit = (ORIGIN (RAM) + LENGTH (RAM))
                0x20041000                        __StackOneTop = (ORIGIN (SCRATCH_X) + LENGTH (SCRATCH_X))
                0x20042000                        __StackTop = (ORIGIN (SCRATCH_Y) + LENGTH (SCRATCH_Y))
                0x20041000                        __StackOneBottom = (__StackOneTop - SIZEOF (.stack1_dummy))
                0x20041800                        __StackBottom = (__StackTop - SIZEOF (.stack_dummy))
                [!provide]                        PROVIDE (__stack = __StackTop)
                [!provide]                        PROVIDE (__heap_start = __end__)
                [!provide]                        PROVIDE (__heap_end = __HeapLimit)
                0x00000001                        PROVIDE (__tls_align = MAX (ALIGNOF (.tdata), ALIGNOF (.tbss)))
                [!provide]                        PROVIDE (__tls_size_align = (((__tls_size + __tls_align) - 0x1) & ~ ((__tls_align - 0x1))))
                0x00000008                        PROVIDE (__arm32_tls_tcb_offset = MAX (0x8, __tls_align))
                [!provide]                        PROVIDE (_end = __end__)
                [!provide]                        PROVIDE (__llvm_libc_heap_limit = __HeapLimit)
                0x00000001                        ASSERT ((__StackLimit >= __HeapLimit), region RAM overflowed)
                0x00000001                        ASSERT (((__binary_info_header_end - __logical_binary_start) <= 0x100), Binary info must be in first 256 bytes of the binary)
OUTPUT(Audio_Timer_Interrupt_DDS.elf elf32-littlearm)
LOAD linker stubs

.debug_info     0x00000000    0x22768
 .debug_info    0x00000000     0x10fe CMakeFiles/Audio_Timer_Interrupt_DDS.dir/dactest.c.obj
 .debug_info    0x000010fe     0x2365 CMakeFiles/Audio_Timer_Interrupt_DDS.dir/C_/Users/nanas/.pico-sdk/sdk/2.3.0/src/rp2_common/hardware_gpio/gpio.c.obj
 .debug_info    0x00003463      0x1c4 CMakeFiles/Audio_Timer_Interrupt_DDS.dir/C_/Users/nanas/.pico-sdk/sdk/2.3.0/src/rp2_common/pico_platform_panic/panic.c.obj
 .debug_info    0x00003627      0x98a CMakeFiles/Audio_Timer_Interrupt_DDS.dir/C_/Users/nanas/.pico-sdk/sdk/2.3.0/src/common/hardware_claim/claim.c.obj
 .debug_info    0x00003fb1      0x460 CMakeFiles/Audio_Timer_Interrupt_DDS.dir/C_/Users/nanas/.pico-sdk/sdk/2.3.0/src/rp2_common/hardware_sync/sync.c.obj
 .debug_info    0x00004411      0x248 CMakeFiles/Audio_Timer_Interrupt_DDS.dir/C_/Users/nanas/.pico-sdk/sdk/2.3.0/src/rp2_common/hardware_sync_spin_lock/sync_spin_lock.c.obj
 .debug_info    0x00004659     0x224f CMakeFiles/Audio_Timer_Interrupt_DDS.dir/C_/Users/nanas/.pico-sdk/sdk/2.3.0/src/rp2_common/hardware_irq/irq.c.obj
 .debug_info    0x000068a8      0x166 CMakeFiles/Audio_Timer_Interrupt_DDS.dir/C_/Users/nanas/.pico-sdk/sdk/2.3.0/src/common/pico_sync/lock_core.c.obj
 .debug_info    0x00006a0e     0x1b93 CMakeFiles/Audio_Timer_Interrupt_DDS.dir/C_/Users/nanas/.pico-sdk/sdk/2.3.0/src/common/pico_sync/mutex.c.obj
 .debug_info    0x000085a1     0x4f81 CMakeFiles/Audio_Timer_Interrupt_DDS.dir/C_/Users/nanas/.pico-sdk/sdk/2.3.0/src/common/pico_time/time.c.obj
 .debug_info    0x0000d522     0x2aa7 CMakeFiles/Audio_Timer_Interrupt_DDS.dir/C_/Users/nanas/.pico-sdk/sdk/2.3.0/src/rp2_common/hardware_timer/timer.c.obj
 .debug_info    0x0000ffc9     0x1aa1 CMakeFiles/Audio_Timer_Interrupt_DDS.dir/C_/Users/nanas/.pico-sdk/sdk/2.3.0/src/rp2_common/hardware_uart/uart.c.obj
 .debug_info    0x00011a6a     0x2e9b CMakeFiles/Audio_Timer_Interrupt_DDS.dir/C_/Users/nanas/.pico-sdk/sdk/2.3.0/src/rp2_common/hardware_clocks/clocks.c.obj
 .debug_info    0x00014905      0x501 CMakeFiles/Audio_Timer_Interrupt_DDS.dir/C_/Users/nanas/.pico-sdk/sdk/2.3.0/src/rp2_common/hardware_pll/pll.c.obj
 .debug_info    0x00014e06      0x24d CMakeFiles/Audio_Timer_Interrupt_DDS.dir/C_/Users/nanas/.pico-sdk/sdk/2.3.0/src/rp2_common/hardware_ticks/ticks.c.obj
 .debug_info    0x00015053      0x65f CMakeFiles/Audio_Timer_Interrupt_DDS.dir/C_/Users/nanas/.pico-sdk/sdk/2.3.0/src/rp2_common/pico_bootrom/bootrom.c.obj
 .debug_info    0x000156b2      0x1d5 CMakeFiles/Audio_Timer_Interrupt_DDS.dir/C_/Users/nanas/.pico-sdk/sdk/2.3.0/src/rp2_common/hardware_xosc/xosc.c.obj
 .debug_info    0x00015887      0x20b CMakeFiles/Audio_Timer_Interrupt_DDS.dir/C_/Users/nanas/.pico-sdk/sdk/2.3.0/src/rp2_common/pico_runtime/runtime.c.obj
 .debug_info    0x00015a92      0x7ef CMakeFiles/Audio_Timer_Interrupt_DDS.dir/C_/Users/nanas/.pico-sdk/sdk/2.3.0/src/rp2_common/pico_runtime_init/runtime_init.c.obj
 .debug_info    0x00016281      0x786 CMakeFiles/Audio_Timer_Interrupt_DDS.dir/C_/Users/nanas/.pico-sdk/sdk/2.3.0/src/rp2_common/pico_runtime_init/runtime_init_clocks.c.obj
 .debug_info    0x00016a07       0x23 CMakeFiles/Audio_Timer_Interrupt_DDS.dir/C_/Users/nanas/.pico-sdk/sdk/2.3.0/src/rp2_common/pico_bit_ops/bit_ops_aeabi.S.obj
 .debug_info    0x00016a2a       0x23 CMakeFiles/Audio_Timer_Interrupt_DDS.dir/C_/Users/nanas/.pico-sdk/sdk/2.3.0/src/rp2_common/pico_divider/divider_hardware.S.obj
 .debug_info    0x00016a4d       0x23 CMakeFiles/Audio_Timer_Interrupt_DDS.dir/C_/Users/nanas/.pico-sdk/sdk/2.3.0/src/rp2_common/pico_double/double_aeabi_rp2040.S.obj
 .debug_info    0x00016a70      0x291 CMakeFiles/Audio_Timer_Interrupt_DDS.dir/C_/Users/nanas/.pico-sdk/sdk/2.3.0/src/rp2_common/pico_double/double_init_rom_rp2040.c.obj
 .debug_info    0x00016d01     0x3d0c CMakeFiles/Audio_Timer_Interrupt_DDS.dir/C_/Users/nanas/.pico-sdk/sdk/2.3.0/src/rp2_common/pico_double/double_math.c.obj
 .debug_info    0x0001aa0d       0x23 CMakeFiles/Audio_Timer_Interrupt_DDS.dir/C_/Users/nanas/.pico-sdk/sdk/2.3.0/src/rp2_common/pico_double/double_v1_rom_shim_rp2040.S.obj
 .debug_info    0x0001aa30       0x24 CMakeFiles/Audio_Timer_Interrupt_DDS.dir/C_/Users/nanas/.pico-sdk/sdk/2.3.0/src/rp2_common/pico_int64_ops/pico_int64_ops_aeabi.S.obj
 .debug_info    0x0001aa54       0x23 CMakeFiles/Audio_Timer_Interrupt_DDS.dir/C_/Users/nanas/.pico-sdk/sdk/2.3.0/src/rp2_common/pico_float/float_aeabi_rp2040.S.obj
 .debug_info    0x0001aa77      0x291 CMakeFiles/Audio_Timer_Interrupt_DDS.dir/C_/Users/nanas/.pico-sdk/sdk/2.3.0/src/rp2_common/pico_float/float_init_rom_rp2040.c.obj
 .debug_info    0x0001ad08       0x23 CMakeFiles/Audio_Timer_Interrupt_DDS.dir/C_/Users/nanas/.pico-sdk/sdk/2.3.0/src/rp2_common/pico_float/float_v1_rom_shim_rp2040.S.obj
 .debug_info    0x0001ad2b       0x23 CMakeFiles/Audio_Timer_Interrupt_DDS.dir/C_/Users/nanas/.pico-sdk/sdk/2.3.0/src/rp2_common/pico_mem_ops/mem_ops_aeabi.S.obj
 .debug_info    0x0001ad4e      0x2b1 CMakeFiles/Audio_Timer_Interrupt_DDS.dir/C_/Users/nanas/.pico-sdk/sdk/2.3.0/src/rp2_common/pico_standard_binary_info/standard_binary_info.c.obj
 .debug_info    0x0001afff     0x230c CMakeFiles/Audio_Timer_Interrupt_DDS.dir/C_/Users/nanas/.pico-sdk/sdk/2.3.0/src/rp2_common/pico_printf/printf.c.obj
 .debug_info    0x0001d30b       0x23 CMakeFiles/Audio_Timer_Interrupt_DDS.dir/C_/Users/nanas/.pico-sdk/sdk/2.3.0/src/rp2_common/pico_crt0/crt0.S.obj
 .debug_info    0x0001d32e      0xbba CMakeFiles/Audio_Timer_Interrupt_DDS.dir/C_/Users/nanas/.pico-sdk/sdk/2.3.0/src/rp2_common/pico_clib_interface/newlib_interface.c.obj
 .debug_info    0x0001dee8     0x1d6c CMakeFiles/Audio_Timer_Interrupt_DDS.dir/C_/Users/nanas/.pico-sdk/sdk/2.3.0/src/rp2_common/pico_stdio/stdio.c.obj
 .debug_info    0x0001fc54     0x15a5 CMakeFiles/Audio_Timer_Interrupt_DDS.dir/C_/Users/nanas/.pico-sdk/sdk/2.3.0/src/rp2_common/pico_stdio_uart/stdio_uart.c.obj
 .debug_info    0x000211f9      0x2f9 CMakeFiles/Audio_Timer_Interrupt_DDS.dir/C_/Users/nanas/.pico-sdk/sdk/2.3.0/src/rp2_common/pico_bootsel_via_double_reset/pico_bootsel_via_double_reset.c.obj
 .debug_info    0x000214f2     0x1276 CMakeFiles/Audio_Timer_Interrupt_DDS.dir/C_/Users/nanas/.pico-sdk/sdk/2.3.0/src/rp2_common/hardware_spi/spi.c.obj

.debug_abbrev   0x00000000     0x5c9c
 .debug_abbrev  0x00000000      0x33b CMakeFiles/Audio_Timer_Interrupt_DDS.dir/dactest.c.obj
 .debug_abbrev  0x0000033b      0x4e1 CMakeFiles/Audio_Timer_Interrupt_DDS.dir/C_/Users/nanas/.pico-sdk/sdk/2.3.0/src/rp2_common/hardware_gpio/gpio.c.obj
 .debug_abbrev  0x0000081c      0x131 CMakeFiles/Audio_Timer_Interrupt_DDS.dir/C_/Users/nanas/.pico-sdk/sdk/2.3.0/src/rp2_common/pico_platform_panic/panic.c.obj
 .debug_abbrev  0x0000094d      0x328 CMakeFiles/Audio_Timer_Interrupt_DDS.dir/C_/Users/nanas/.pico-sdk/sdk/2.3.0/src/common/hardware_claim/claim.c.obj
 .debug_abbrev  0x00000c75      0x218 CMakeFiles/Audio_Timer_Interrupt_DDS.dir/C_/Users/nanas/.pico-sdk/sdk/2.3.0/src/rp2_common/hardware_sync/sync.c.obj
 .debug_abbrev  0x00000e8d      0x1b4 CMakeFiles/Audio_Timer_Interrupt_DDS.dir/C_/Users/nanas/.pico-sdk/sdk/2.3.0/src/rp2_common/hardware_sync_spin_lock/sync_spin_lock.c.obj
 .debug_abbrev  0x00001041      0x608 CMakeFiles/Audio_Timer_Interrupt_DDS.dir/C_/Users/nanas/.pico-sdk/sdk/2.3.0/src/rp2_common/hardware_irq/irq.c.obj
 .debug_abbrev  0x00001649       0xf4 CMakeFiles/Audio_Timer_Interrupt_DDS.dir/C_/Users/nanas/.pico-sdk/sdk/2.3.0/src/common/pico_sync/lock_core.c.obj
 .debug_abbrev  0x0000173d      0x459 CMakeFiles/Audio_Timer_Interrupt_DDS.dir/C_/Users/nanas/.pico-sdk/sdk/2.3.0/src/common/pico_sync/mutex.c.obj
 .debug_abbrev  0x00001b96      0x683 CMakeFiles/Audio_Timer_Interrupt_DDS.dir/C_/Users/nanas/.pico-sdk/sdk/2.3.0/src/common/pico_time/time.c.obj
 .debug_abbrev  0x00002219      0x4fb CMakeFiles/Audio_Timer_Interrupt_DDS.dir/C_/Users/nanas/.pico-sdk/sdk/2.3.0/src/rp2_common/hardware_timer/timer.c.obj
 .debug_abbrev  0x00002714      0x353 CMakeFiles/Audio_Timer_Interrupt_DDS.dir/C_/Users/nanas/.pico-sdk/sdk/2.3.0/src/rp2_common/hardware_uart/uart.c.obj
 .debug_abbrev  0x00002a67      0x574 CMakeFiles/Audio_Timer_Interrupt_DDS.dir/C_/Users/nanas/.pico-sdk/sdk/2.3.0/src/rp2_common/hardware_clocks/clocks.c.obj
 .debug_abbrev  0x00002fdb      0x1dc CMakeFiles/Audio_Timer_Interrupt_DDS.dir/C_/Users/nanas/.pico-sdk/sdk/2.3.0/src/rp2_common/hardware_pll/pll.c.obj
 .debug_abbrev  0x000031b7      0x14b CMakeFiles/Audio_Timer_Interrupt_DDS.dir/C_/Users/nanas/.pico-sdk/sdk/2.3.0/src/rp2_common/hardware_ticks/ticks.c.obj
 .debug_abbrev  0x00003302      0x1c2 CMakeFiles/Audio_Timer_Interrupt_DDS.dir/C_/Users/nanas/.pico-sdk/sdk/2.3.0/src/rp2_common/pico_bootrom/bootrom.c.obj
 .debug_abbrev  0x000034c4      0x123 CMakeFiles/Audio_Timer_Interrupt_DDS.dir/C_/Users/nanas/.pico-sdk/sdk/2.3.0/src/rp2_common/hardware_xosc/xosc.c.obj
 .debug_abbrev  0x000035e7      0x179 CMakeFiles/Audio_Timer_Interrupt_DDS.dir/C_/Users/nanas/.pico-sdk/sdk/2.3.0/src/rp2_common/pico_runtime/runtime.c.obj
 .debug_abbrev  0x00003760      0x271 CMakeFiles/Audio_Timer_Interrupt_DDS.dir/C_/Users/nanas/.pico-sdk/sdk/2.3.0/src/rp2_common/pico_runtime_init/runtime_init.c.obj
 .debug_abbrev  0x000039d1      0x2b5 CMakeFiles/Audio_Timer_Interrupt_DDS.dir/C_/Users/nanas/.pico-sdk/sdk/2.3.0/src/rp2_common/pico_runtime_init/runtime_init_clocks.c.obj
 .debug_abbrev  0x00003c86       0x12 CMakeFiles/Audio_Timer_Interrupt_DDS.dir/C_/Users/nanas/.pico-sdk/sdk/2.3.0/src/rp2_common/pico_bit_ops/bit_ops_aeabi.S.obj
 .debug_abbrev  0x00003c98       0x12 CMakeFiles/Audio_Timer_Interrupt_DDS.dir/C_/Users/nanas/.pico-sdk/sdk/2.3.0/src/rp2_common/pico_divider/divider_hardware.S.obj
 .debug_abbrev  0x00003caa       0x12 CMakeFiles/Audio_Timer_Interrupt_DDS.dir/C_/Users/nanas/.pico-sdk/sdk/2.3.0/src/rp2_common/pico_double/double_aeabi_rp2040.S.obj
 .debug_abbrev  0x00003cbc      0x180 CMakeFiles/Audio_Timer_Interrupt_DDS.dir/C_/Users/nanas/.pico-sdk/sdk/2.3.0/src/rp2_common/pico_double/double_init_rom_rp2040.c.obj
 .debug_abbrev  0x00003e3c      0x340 CMakeFiles/Audio_Timer_Interrupt_DDS.dir/C_/Users/nanas/.pico-sdk/sdk/2.3.0/src/rp2_common/pico_double/double_math.c.obj
 .debug_abbrev  0x0000417c       0x12 CMakeFiles/Audio_Timer_Interrupt_DDS.dir/C_/Users/nanas/.pico-sdk/sdk/2.3.0/src/rp2_common/pico_double/double_v1_rom_shim_rp2040.S.obj
 .debug_abbrev  0x0000418e       0x14 CMakeFiles/Audio_Timer_Interrupt_DDS.dir/C_/Users/nanas/.pico-sdk/sdk/2.3.0/src/rp2_common/pico_int64_ops/pico_int64_ops_aeabi.S.obj
 .debug_abbrev  0x000041a2       0x12 CMakeFiles/Audio_Timer_Interrupt_DDS.dir/C_/Users/nanas/.pico-sdk/sdk/2.3.0/src/rp2_common/pico_float/float_aeabi_rp2040.S.obj
 .debug_abbrev  0x000041b4      0x179 CMakeFiles/Audio_Timer_Interrupt_DDS.dir/C_/Users/nanas/.pico-sdk/sdk/2.3.0/src/rp2_common/pico_float/float_init_rom_rp2040.c.obj
 .debug_abbrev  0x0000432d       0x12 CMakeFiles/Audio_Timer_Interrupt_DDS.dir/C_/Users/nanas/.pico-sdk/sdk/2.3.0/src/rp2_common/pico_float/float_v1_rom_shim_rp2040.S.obj
 .debug_abbrev  0x0000433f       0x12 CMakeFiles/Audio_Timer_Interrupt_DDS.dir/C_/Users/nanas/.pico-sdk/sdk/2.3.0/src/rp2_common/pico_mem_ops/mem_ops_aeabi.S.obj
 .debug_abbrev  0x00004351       0xbe CMakeFiles/Audio_Timer_Interrupt_DDS.dir/C_/Users/nanas/.pico-sdk/sdk/2.3.0/src/rp2_common/pico_standard_binary_info/standard_binary_info.c.obj
 .debug_abbrev  0x0000440f      0x4f5 CMakeFiles/Audio_Timer_Interrupt_DDS.dir/C_/Users/nanas/.pico-sdk/sdk/2.3.0/src/rp2_common/pico_printf/printf.c.obj
 .debug_abbrev  0x00004904       0x12 CMakeFiles/Audio_Timer_Interrupt_DDS.dir/C_/Users/nanas/.pico-sdk/sdk/2.3.0/src/rp2_common/pico_crt0/crt0.S.obj
 .debug_abbrev  0x00004916      0x365 CMakeFiles/Audio_Timer_Interrupt_DDS.dir/C_/Users/nanas/.pico-sdk/sdk/2.3.0/src/rp2_common/pico_clib_interface/newlib_interface.c.obj
 .debug_abbrev  0x00004c7b      0x5f0 CMakeFiles/Audio_Timer_Interrupt_DDS.dir/C_/Users/nanas/.pico-sdk/sdk/2.3.0/src/rp2_common/pico_stdio/stdio.c.obj
 .debug_abbrev  0x0000526b      0x4a0 CMakeFiles/Audio_Timer_Interrupt_DDS.dir/C_/Users/nanas/.pico-sdk/sdk/2.3.0/src/rp2_common/pico_stdio_uart/stdio_uart.c.obj
 .debug_abbrev  0x0000570b      0x1fe CMakeFiles/Audio_Timer_Interrupt_DDS.dir/C_/Users/nanas/.pico-sdk/sdk/2.3.0/src/rp2_common/pico_bootsel_via_double_reset/pico_bootsel_via_double_reset.c.obj
 .debug_abbrev  0x00005909      0x393 CMakeFiles/Audio_Timer_Interrupt_DDS.dir/C_/Users/nanas/.pico-sdk/sdk/2.3.0/src/rp2_common/hardware_spi/spi.c.obj

.debug_loclists
                0x00000000    0x15a54
 .debug_loclists
                0x00000000      0x1e0 CMakeFiles/Audio_Timer_Interrupt_DDS.dir/dactest.c.obj
 .debug_loclists
                0x000001e0     0x1997 CMakeFiles/Audio_Timer_Interrupt_DDS.dir/C_/Users/nanas/.pico-sdk/sdk/2.3.0/src/rp2_common/hardware_gpio/gpio.c.obj
 .debug_loclists
                0x00001b77      0x36d CMakeFiles/Audio_Timer_Interrupt_DDS.dir/C_/Users/nanas/.pico-sdk/sdk/2.3.0/src/common/hardware_claim/claim.c.obj
 .debug_loclists
                0x00001ee4      0x101 CMakeFiles/Audio_Timer_Interrupt_DDS.dir/C_/Users/nanas/.pico-sdk/sdk/2.3.0/src/rp2_common/hardware_sync/sync.c.obj
 .debug_loclists
                0x00001fe5       0x7d CMakeFiles/Audio_Timer_Interrupt_DDS.dir/C_/Users/nanas/.pico-sdk/sdk/2.3.0/src/rp2_common/hardware_sync_spin_lock/sync_spin_lock.c.obj
 .debug_loclists
                0x00002062     0x1016 CMakeFiles/Audio_Timer_Interrupt_DDS.dir/C_/Users/nanas/.pico-sdk/sdk/2.3.0/src/rp2_common/hardware_irq/irq.c.obj
 .debug_loclists
                0x00003078       0x41 CMakeFiles/Audio_Timer_Interrupt_DDS.dir/C_/Users/nanas/.pico-sdk/sdk/2.3.0/src/common/pico_sync/lock_core.c.obj
 .debug_loclists
                0x000030b9      0x704 CMakeFiles/Audio_Timer_Interrupt_DDS.dir/C_/Users/nanas/.pico-sdk/sdk/2.3.0/src/common/pico_sync/mutex.c.obj
 .debug_loclists
                0x000037bd     0x295c CMakeFiles/Audio_Timer_Interrupt_DDS.dir/C_/Users/nanas/.pico-sdk/sdk/2.3.0/src/common/pico_time/time.c.obj
 .debug_loclists
                0x00006119     0x18f6 CMakeFiles/Audio_Timer_Interrupt_DDS.dir/C_/Users/nanas/.pico-sdk/sdk/2.3.0/src/rp2_common/hardware_timer/timer.c.obj
 .debug_loclists
                0x00007a0f      0xcdc CMakeFiles/Audio_Timer_Interrupt_DDS.dir/C_/Users/nanas/.pico-sdk/sdk/2.3.0/src/rp2_common/hardware_uart/uart.c.obj
 .debug_loclists
                0x000086eb     0x2d7e CMakeFiles/Audio_Timer_Interrupt_DDS.dir/C_/Users/nanas/.pico-sdk/sdk/2.3.0/src/rp2_common/hardware_clocks/clocks.c.obj
 .debug_loclists
                0x0000b469      0x1cf CMakeFiles/Audio_Timer_Interrupt_DDS.dir/C_/Users/nanas/.pico-sdk/sdk/2.3.0/src/rp2_common/hardware_pll/pll.c.obj
 .debug_loclists
                0x0000b638       0x47 CMakeFiles/Audio_Timer_Interrupt_DDS.dir/C_/Users/nanas/.pico-sdk/sdk/2.3.0/src/rp2_common/hardware_ticks/ticks.c.obj
 .debug_loclists
                0x0000b67f      0x351 CMakeFiles/Audio_Timer_Interrupt_DDS.dir/C_/Users/nanas/.pico-sdk/sdk/2.3.0/src/rp2_common/pico_bootrom/bootrom.c.obj
 .debug_loclists
                0x0000b9d0       0x48 CMakeFiles/Audio_Timer_Interrupt_DDS.dir/C_/Users/nanas/.pico-sdk/sdk/2.3.0/src/rp2_common/hardware_xosc/xosc.c.obj
 .debug_loclists
                0x0000ba18       0x7e CMakeFiles/Audio_Timer_Interrupt_DDS.dir/C_/Users/nanas/.pico-sdk/sdk/2.3.0/src/rp2_common/pico_runtime/runtime.c.obj
 .debug_loclists
                0x0000ba96      0x14f CMakeFiles/Audio_Timer_Interrupt_DDS.dir/C_/Users/nanas/.pico-sdk/sdk/2.3.0/src/rp2_common/pico_runtime_init/runtime_init.c.obj
 .debug_loclists
                0x0000bbe5       0x69 CMakeFiles/Audio_Timer_Interrupt_DDS.dir/C_/Users/nanas/.pico-sdk/sdk/2.3.0/src/rp2_common/pico_runtime_init/runtime_init_clocks.c.obj
 .debug_loclists
                0x0000bc4e       0x3d CMakeFiles/Audio_Timer_Interrupt_DDS.dir/C_/Users/nanas/.pico-sdk/sdk/2.3.0/src/rp2_common/pico_double/double_init_rom_rp2040.c.obj
 .debug_loclists
                0x0000bc8b     0x47c1 CMakeFiles/Audio_Timer_Interrupt_DDS.dir/C_/Users/nanas/.pico-sdk/sdk/2.3.0/src/rp2_common/pico_double/double_math.c.obj
 .debug_loclists
                0x0001044c       0x59 CMakeFiles/Audio_Timer_Interrupt_DDS.dir/C_/Users/nanas/.pico-sdk/sdk/2.3.0/src/rp2_common/pico_float/float_init_rom_rp2040.c.obj
 .debug_loclists
                0x000104a5     0x3100 CMakeFiles/Audio_Timer_Interrupt_DDS.dir/C_/Users/nanas/.pico-sdk/sdk/2.3.0/src/rp2_common/pico_printf/printf.c.obj
 .debug_loclists
                0x000135a5      0x419 CMakeFiles/Audio_Timer_Interrupt_DDS.dir/C_/Users/nanas/.pico-sdk/sdk/2.3.0/src/rp2_common/pico_clib_interface/newlib_interface.c.obj
 .debug_loclists
                0x000139be      0xdfc CMakeFiles/Audio_Timer_Interrupt_DDS.dir/C_/Users/nanas/.pico-sdk/sdk/2.3.0/src/rp2_common/pico_stdio/stdio.c.obj
 .debug_loclists
                0x000147ba      0x6f4 CMakeFiles/Audio_Timer_Interrupt_DDS.dir/C_/Users/nanas/.pico-sdk/sdk/2.3.0/src/rp2_common/pico_stdio_uart/stdio_uart.c.obj
 .debug_loclists
                0x00014eae       0x55 CMakeFiles/Audio_Timer_Interrupt_DDS.dir/C_/Users/nanas/.pico-sdk/sdk/2.3.0/src/rp2_common/pico_bootsel_via_double_reset/pico_bootsel_via_double_reset.c.obj
 .debug_loclists
                0x00014f03      0xb51 CMakeFiles/Audio_Timer_Interrupt_DDS.dir/C_/Users/nanas/.pico-sdk/sdk/2.3.0/src/rp2_common/hardware_spi/spi.c.obj

.debug_aranges  0x00000000     0x1138
 .debug_aranges
                0x00000000       0x28 CMakeFiles/Audio_Timer_Interrupt_DDS.dir/dactest.c.obj
 .debug_aranges
                0x00000028      0x110 CMakeFiles/Audio_Timer_Interrupt_DDS.dir/C_/Users/nanas/.pico-sdk/sdk/2.3.0/src/rp2_common/hardware_gpio/gpio.c.obj
 .debug_aranges
                0x00000138       0x28 CMakeFiles/Audio_Timer_Interrupt_DDS.dir/C_/Users/nanas/.pico-sdk/sdk/2.3.0/src/rp2_common/pico_platform_panic/panic.c.obj
 .debug_aranges
                0x00000160       0x48 CMakeFiles/Audio_Timer_Interrupt_DDS.dir/C_/Users/nanas/.pico-sdk/sdk/2.3.0/src/common/hardware_claim/claim.c.obj
 .debug_aranges
                0x000001a8       0x48 CMakeFiles/Audio_Timer_Interrupt_DDS.dir/C_/Users/nanas/.pico-sdk/sdk/2.3.0/src/rp2_common/hardware_sync/sync.c.obj
 .debug_aranges
                0x000001f0       0x28 CMakeFiles/Audio_Timer_Interrupt_DDS.dir/C_/Users/nanas/.pico-sdk/sdk/2.3.0/src/rp2_common/hardware_sync_spin_lock/sync_spin_lock.c.obj
 .debug_aranges
                0x00000218       0xc8 CMakeFiles/Audio_Timer_Interrupt_DDS.dir/C_/Users/nanas/.pico-sdk/sdk/2.3.0/src/rp2_common/hardware_irq/irq.c.obj
 .debug_aranges
                0x000002e0       0x20 CMakeFiles/Audio_Timer_Interrupt_DDS.dir/C_/Users/nanas/.pico-sdk/sdk/2.3.0/src/common/pico_sync/lock_core.c.obj
 .debug_aranges
                0x00000300       0x98 CMakeFiles/Audio_Timer_Interrupt_DDS.dir/C_/Users/nanas/.pico-sdk/sdk/2.3.0/src/common/pico_sync/mutex.c.obj
 .debug_aranges
                0x00000398       0xe0 CMakeFiles/Audio_Timer_Interrupt_DDS.dir/C_/Users/nanas/.pico-sdk/sdk/2.3.0/src/common/pico_time/time.c.obj
 .debug_aranges
                0x00000478       0xf0 CMakeFiles/Audio_Timer_Interrupt_DDS.dir/C_/Users/nanas/.pico-sdk/sdk/2.3.0/src/rp2_common/hardware_timer/timer.c.obj
 .debug_aranges
                0x00000568       0x58 CMakeFiles/Audio_Timer_Interrupt_DDS.dir/C_/Users/nanas/.pico-sdk/sdk/2.3.0/src/rp2_common/hardware_uart/uart.c.obj
 .debug_aranges
                0x000005c0       0xb0 CMakeFiles/Audio_Timer_Interrupt_DDS.dir/C_/Users/nanas/.pico-sdk/sdk/2.3.0/src/rp2_common/hardware_clocks/clocks.c.obj
 .debug_aranges
                0x00000670       0x28 CMakeFiles/Audio_Timer_Interrupt_DDS.dir/C_/Users/nanas/.pico-sdk/sdk/2.3.0/src/rp2_common/hardware_pll/pll.c.obj
 .debug_aranges
                0x00000698       0x30 CMakeFiles/Audio_Timer_Interrupt_DDS.dir/C_/Users/nanas/.pico-sdk/sdk/2.3.0/src/rp2_common/hardware_ticks/ticks.c.obj
 .debug_aranges
                0x000006c8       0x40 CMakeFiles/Audio_Timer_Interrupt_DDS.dir/C_/Users/nanas/.pico-sdk/sdk/2.3.0/src/rp2_common/pico_bootrom/bootrom.c.obj
 .debug_aranges
                0x00000708       0x30 CMakeFiles/Audio_Timer_Interrupt_DDS.dir/C_/Users/nanas/.pico-sdk/sdk/2.3.0/src/rp2_common/hardware_xosc/xosc.c.obj
 .debug_aranges
                0x00000738       0x38 CMakeFiles/Audio_Timer_Interrupt_DDS.dir/C_/Users/nanas/.pico-sdk/sdk/2.3.0/src/rp2_common/pico_runtime/runtime.c.obj
 .debug_aranges
                0x00000770       0x48 CMakeFiles/Audio_Timer_Interrupt_DDS.dir/C_/Users/nanas/.pico-sdk/sdk/2.3.0/src/rp2_common/pico_runtime_init/runtime_init.c.obj
 .debug_aranges
                0x000007b8       0x20 CMakeFiles/Audio_Timer_Interrupt_DDS.dir/C_/Users/nanas/.pico-sdk/sdk/2.3.0/src/rp2_common/pico_runtime_init/runtime_init_clocks.c.obj
 .debug_aranges
                0x000007d8       0x60 CMakeFiles/Audio_Timer_Interrupt_DDS.dir/C_/Users/nanas/.pico-sdk/sdk/2.3.0/src/rp2_common/pico_bit_ops/bit_ops_aeabi.S.obj
 .debug_aranges
                0x00000838       0x50 CMakeFiles/Audio_Timer_Interrupt_DDS.dir/C_/Users/nanas/.pico-sdk/sdk/2.3.0/src/rp2_common/pico_divider/divider_hardware.S.obj
 .debug_aranges
                0x00000888      0x150 CMakeFiles/Audio_Timer_Interrupt_DDS.dir/C_/Users/nanas/.pico-sdk/sdk/2.3.0/src/rp2_common/pico_double/double_aeabi_rp2040.S.obj
 .debug_aranges
                0x000009d8       0x20 CMakeFiles/Audio_Timer_Interrupt_DDS.dir/C_/Users/nanas/.pico-sdk/sdk/2.3.0/src/rp2_common/pico_double/double_init_rom_rp2040.c.obj
 .debug_aranges
                0x000009f8      0x128 CMakeFiles/Audio_Timer_Interrupt_DDS.dir/C_/Users/nanas/.pico-sdk/sdk/2.3.0/src/rp2_common/pico_double/double_math.c.obj
 .debug_aranges